Component: Arm Compiler for Embedded 6.24 Tool: armlink [5f371500]

==============================================================================

Section Cross References

    hash.o(.text) refers to hash.o(.data) for [Anonymous Symbol]
    bonus.o(.text) refers to printf.o(.text) for printf
    bonus.o(.text) refers to bonus.o(.data) for [Anonymous Symbol]
    main.o(.text.main) refers to hash.o(.text) for hash
    main.o(.text.main) refers to main.o(.rodata.str1.1) for .L.str
    main.o(.text.main) refers to printf.o(.text) for printf
    main.o(.text.main) refers to clearance.o(.text) for clearance
    main.o(.text.main) refers to lucas.o(.text) for lucas
    main.o(.text.main) refers to main.o(.text.test_func) for test_func
    main.o(.ARM.exidx.text.main) refers to main.o(.text.main) for [Anonymous Symbol]
    main.o(.text.test_func) refers to main.o(.rodata..L__const.test_func.lookup_table) for .L__const.test_func.lookup_table
    main.o(.text.test_func) refers to strlen.o(.text) for strlen
    main.o(.text.test_func) refers to main.o(.rodata.str1.1) for .L.str.3
    main.o(.text.test_func) refers to printf.o(.text) for printf
    main.o(.text.test_func) refers to main.o(.text.lucas_test) for lucas_test
    main.o(.ARM.exidx.text.test_func) refers to main.o(.text.test_func) for [Anonymous Symbol]
    main.o(.ARM.exidx.text.lucas_test) refers to main.o(.text.lucas_test) for [Anonymous Symbol]
    retarget_io.o(.text._sys_open) refers to retarget_io.o(.rodata.str1.1) for .L.str
    retarget_io.o(.text._sys_open) refers to strcmpv7em.o(.text) for strcmp
    retarget_io.o(.ARM.exidx.text._sys_open) refers to retarget_io.o(.text._sys_open) for [Anonymous Symbol]
    retarget_io.o(.ARM.exidx.text._sys_close) refers to retarget_io.o(.text._sys_close) for [Anonymous Symbol]
    retarget_io.o(.text._sys_write) refers to stdout_itm.o(.text.stdout_putchar) for stdout_putchar
    retarget_io.o(.text._sys_write) refers to stderr_itm.o(.text.stderr_putchar) for stderr_putchar
    retarget_io.o(.ARM.exidx.text._sys_write) refers to retarget_io.o(.text._sys_write) for [Anonymous Symbol]
    retarget_io.o(.text._sys_read) refers to stdin_itm.o(.text.stdin_getchar) for stdin_getchar
    retarget_io.o(.ARM.exidx.text._sys_read) refers to retarget_io.o(.text._sys_read) for [Anonymous Symbol]
    retarget_io.o(.ARM.exidx.text._sys_istty) refers to retarget_io.o(.text._sys_istty) for [Anonymous Symbol]
    retarget_io.o(.ARM.exidx.text._sys_seek) refers to retarget_io.o(.text._sys_seek) for [Anonymous Symbol]
    retarget_io.o(.ARM.exidx.text._sys_flen) refers to retarget_io.o(.text._sys_flen) for [Anonymous Symbol]
    stderr_itm.o(.text.stderr_putchar) refers to stderr_itm.o(.text.ITM_SendChar) for ITM_SendChar
    stderr_itm.o(.ARM.exidx.text.stderr_putchar) refers to stderr_itm.o(.text.stderr_putchar) for [Anonymous Symbol]
    stderr_itm.o(.ARM.exidx.text.ITM_SendChar) refers to stderr_itm.o(.text.ITM_SendChar) for [Anonymous Symbol]
    stdin_itm.o(.text.stdin_getchar) refers to stdin_itm.o(.text.ITM_ReceiveChar) for ITM_ReceiveChar
    stdin_itm.o(.ARM.exidx.text.stdin_getchar) refers to stdin_itm.o(.text.stdin_getchar) for [Anonymous Symbol]
    stdin_itm.o(.text.ITM_ReceiveChar) refers to stdin_itm.o(.data.ITM_RxBuffer) for ITM_RxBuffer
    stdin_itm.o(.ARM.exidx.text.ITM_ReceiveChar) refers to stdin_itm.o(.text.ITM_ReceiveChar) for [Anonymous Symbol]
    stdout_itm.o(.text.stdout_putchar) refers to stdout_itm.o(.text.ITM_SendChar) for ITM_SendChar
    stdout_itm.o(.ARM.exidx.text.stdout_putchar) refers to stdout_itm.o(.text.stdout_putchar) for [Anonymous Symbol]
    stdout_itm.o(.ARM.exidx.text.ITM_SendChar) refers to stdout_itm.o(.text.ITM_SendChar) for [Anonymous Symbol]
    startup_stm32f411xe.o(STACK) refers (Special) to heapauxi.o(.text) for __use_two_region_memory
    startup_stm32f411xe.o(HEAP) refers (Special) to heapauxi.o(.text) for __use_two_region_memory
    startup_stm32f411xe.o(RESET) refers (Special) to heapauxi.o(.text) for __use_two_region_memory
    startup_stm32f411xe.o(RESET) refers to startup_stm32f411xe.o(STACK) for __initial_sp
    startup_stm32f411xe.o(RESET) refers to startup_stm32f411xe.o(.text) for Reset_Handler
    startup_stm32f411xe.o(.text) refers (Special) to heapauxi.o(.text) for __use_two_region_memory
    startup_stm32f411xe.o(.text) refers to system_stm32f4xx.o(.text.SystemInit) for SystemInit
    startup_stm32f411xe.o(.text) refers to __main.o(!!!main) for __main
    startup_stm32f411xe.o(.text) refers to startup_stm32f411xe.o(HEAP) for Heap_Mem
    startup_stm32f411xe.o(.text) refers to startup_stm32f411xe.o(STACK) for Stack_Mem
    system_stm32f4xx.o(.ARM.exidx.text.SystemInit) refers to system_stm32f4xx.o(.text.SystemInit) for [Anonymous Symbol]
    system_stm32f4xx.o(.text.SystemCoreClockUpdate) refers to system_stm32f4xx.o(.data.SystemCoreClock) for SystemCoreClock
[...]
    .ARM.Collect$$_printf_percent$$0000000B  0x08000278   Section        6  _printf_o.o(.ARM.Collect$$_printf_percent$$0000000B)
    .ARM.Collect$$_printf_percent$$0000000C  0x0800027e   Section        6  _printf_x.o(.ARM.Collect$$_printf_percent$$0000000C)
    .ARM.Collect$$_printf_percent$$0000000D  0x08000284   Section        6  _printf_lli.o(.ARM.Collect$$_printf_percent$$0000000D)
    .ARM.Collect$$_printf_percent$$0000000E  0x0800028a   Section        6  _printf_lld.o(.ARM.Collect$$_printf_percent$$0000000E)
    .ARM.Collect$$_printf_percent$$0000000F  0x08000290   Section        6  _printf_llu.o(.ARM.Collect$$_printf_percent$$0000000F)
    .ARM.Collect$$_printf_percent$$00000010  0x08000296   Section        6  _printf_llo.o(.ARM.Collect$$_printf_percent$$00000010)
    .ARM.Collect$$_printf_percent$$00000011  0x0800029c   Section        6  _printf_llx.o(.ARM.Collect$$_printf_percent$$00000011)
    .ARM.Collect$$_printf_percent$$00000012  0x080002a2   Section       10  _printf_l.o(.ARM.Collect$$_printf_percent$$00000012)
    .ARM.Collect$$_printf_percent$$00000013  0x080002ac   Section        6  _printf_c.o(.ARM.Collect$$_printf_percent$$00000013)
    .ARM.Collect$$_printf_percent$$00000014  0x080002b2   Section        6  _printf_s.o(.ARM.Collect$$_printf_percent$$00000014)
    .ARM.Collect$$_printf_percent$$00000015  0x080002b8   Section        6  _printf_lc.o(.ARM.Collect$$_printf_percent$$00000015)
    .ARM.Collect$$_printf_percent$$00000016  0x080002be   Section        6  _printf_ls.o(.ARM.Collect$$_printf_percent$$00000016)
    .ARM.Collect$$_printf_percent$$00000017  0x080002c4   Section        4  _printf_percent_end.o(.ARM.Collect$$_printf_percent$$00000017)
    .ARM.Collect$$libinit$$00000000          0x080002c8   Section        2  libinit.o(.ARM.Collect$$libinit$$00000000)
    .ARM.Collect$$libinit$$00000001          0x080002ca   Section        4  libinit2.o(.ARM.Collect$$libinit$$00000001)
    .ARM.Collect$$libinit$$00000004          0x080002ce   Section        0  libinit2.o(.ARM.Collect$$libinit$$00000004)
    .ARM.Collect$$libinit$$00000006          0x080002ce   Section        0  libinit2.o(.ARM.Collect$$libinit$$00000006)
    .ARM.Collect$$libinit$$00000007          0x080002ce   Section        8  libinit2.o(.ARM.Collect$$libinit$$00000007)
    .ARM.Collect$$libinit$$0000000C          0x080002d6   Section        0  libinit2.o(.ARM.Collect$$libinit$$0000000C)
    .ARM.Collect$$libinit$$0000000E          0x080002d6   Section        0  libinit2.o(.ARM.Collect$$libinit$$0000000E)
    .ARM.Collect$$libinit$$00000010          0x080002d6   Section        0  libinit2.o(.ARM.Collect$$libinit$$00000010)
    .ARM.Collect$$libinit$$00000011          0x080002d6   Section        6  libinit2.o(.ARM.Collect$$libinit$$00000011)
    .ARM.Collect$$libinit$$00000013          0x080002dc   Section        0  libinit2.o(.ARM.Collect$$libinit$$00000013)
    .ARM.Collect$$libinit$$00000014          0x080002dc   Section       12  libinit2.o(.ARM.Collect$$libinit$$00000014)
    .ARM.Collect$$libinit$$00000015          0x080002e8   Section        0  libinit2.o(.ARM.Collect$$libinit$$00000015)
    .ARM.Collect$$libinit$$00000017          0x080002e8   Section        0  libinit2.o(.ARM.Collect$$libinit$$00000017)
    .ARM.Collect$$libinit$$00000018          0x080002e8   Section       10  libinit2.o(.ARM.Collect$$libinit$$00000018)
    .ARM.Collect$$libinit$$00000019          0x080002f2   Section        0  libinit2.o(.ARM.Collect$$libinit$$00000019)
    .ARM.Collect$$libinit$$0000001B          0x080002f2   Section        0  libinit2.o(.ARM.Collect$$libinit$$0000001B)
    .ARM.Collect$$libinit$$0000001D          0x080002f2   Section        0  libinit2.o(.ARM.Collect$$libinit$$0000001D)
    .ARM.Collect$$libinit$$0000001F          0x080002f2   Section        0  libinit2.o(.ARM.Collect$$libinit$$0000001F)
    .ARM.Collect$$libinit$$00000021          0x080002f2   Section        0  libinit2.o(.ARM.Collect$$libinit$$00000021)
    .ARM.Collect$$libinit$$00000023          0x080002f2   Section        0  libinit2.o(.ARM.Collect$$libinit$$00000023)
    .ARM.Collect$$libinit$$00000025          0x080002f2   Section        0  libinit2.o(.ARM.Collect$$libinit$$00000025)
    .ARM.Collect$$libinit$$00000026          0x080002f2   Section        4  libinit2.o(.ARM.Collect$$libinit$$00000026)
    .ARM.Collect$$libinit$$00000027          0x080002f6   Section        0  libinit2.o(.ARM.Collect$$libinit$$00000027)
    .ARM.Collect$$libinit$$0000002E          0x080002f6   Section        0  libinit2.o(.ARM.Collect$$libinit$$0000002E)
    .ARM.Collect$$libinit$$00000030          0x080002f6   Section        0  libinit2.o(.ARM.Collect$$libinit$$00000030)
    .ARM.Collect$$libinit$$00000032          0x080002f6   Section        0  libinit2.o(.ARM.Collect$$libinit$$00000032)
    .ARM.Collect$$libinit$$00000034          0x080002f6   Section        0  libinit2.o(.ARM.Collect$$libinit$$00000034)
    .ARM.Collect$$libinit$$00000035          0x080002f6   Section        2  libinit2.o(.ARM.Collect$$libinit$$00000035)
    .ARM.Collect$$libshutdown$$00000000      0x080002f8   Section        2  libshutdown.o(.ARM.Collect$$libshutdown$$00000000)
    .ARM.Collect$$libshutdown$$00000002      0x080002fa   Section        0  libshutdown2.o(.ARM.Collect$$libshutdown$$00000002)
    .ARM.Collect$$libshutdown$$00000003      0x080002fa   Section        4  libshutdown2.o(.ARM.Collect$$libshutdown$$00000003)
    .ARM.Collect$$libshutdown$$00000004      0x080002fe   Section        0  libshutdown2.o(.ARM.Collect$$libshutdown$$00000004)
    .ARM.Collect$$libshutdown$$00000007      0x080002fe   Section        0  libshutdown2.o(.ARM.Collect$$libshutdown$$00000007)
    .ARM.Collect$$libshutdown$$0000000A      0x080002fe   Section        0  libshutdown2.o(.ARM.Collect$$libshutdown$$0000000A)
    .ARM.Collect$$libshutdown$$0000000C      0x080002fe   Section        0  libshutdown2.o(.ARM.Collect$$libshutdown$$0000000C)
    .ARM.Collect$$libshutdown$$0000000F      0x080002fe   Section        0  libshutdown2.o(.ARM.Collect$$libshutdown$$0000000F)
    .ARM.Collect$$libshutdown$$00000010      0x080002fe   Section        2  libshutdown2.o(.ARM.Collect$$libshutdown$$00000010)
    .ARM.Collect$$rtentry$$00000000          0x08000300   Section        0  __rtentry.o(.ARM.Collect$$rtentry$$00000000)
    .ARM.Collect$$rtentry$$00000002          0x08000300   Section        0  __rtentry2.o(.ARM.Collect$$rtentry$$00000002)
    .ARM.Collect$$rtentry$$00000004          0x08000300   Section        6  __rtentry4.o(.ARM.Collect$$rtentry$$00000004)
    .ARM.Collect$$rtentry$$00000009          0x08000306   Section        0  __rtentry2.o(.ARM.Collect$$rtentry$$00000009)
    .ARM.Collect$$rtentry$$0000000A          0x08000306   Section        4  __rtentry2.o(.ARM.Collect$$rtentry$$0000000A)
    .ARM.Collect$$rtentry$$0000000C          0x0800030a   Section        0  __rtentry2.o(.ARM.Collect$$rtentry$$0000000C)
    .ARM.Collect$$rtentry$$0000000D          0x0800030a   Section        8  __rtentry2.o(.ARM.Collect$$rtentry$$0000000D)
    .ARM.Collect$$rtexit$$00000000           0x08000312   Section        2  rtexit.o(.ARM.Collect$$rtexit$$00000000)
    .ARM.Collect$$rtexit$$00000002           0x08000314   Section        0  rtexit2.o(.ARM.Collect$$rtexit$$00000002)
    .ARM.Collect$$rtexit$$00000003           0x08000314   Section        4  rtexit2.o(.ARM.Collect$$rtexit$$00000003)
    .ARM.Collect$$rtexit$$00000004           0x08000318   Section        6  rtexit2.o(.ARM.Collect$$rtexit$$00000004)
    [Anonymous Symbol]                       0x08000320   Section        0  hash.o(.text)
    loop_start                               0x0800032a   Number         0  hash.o(.text)
    uppercase                                0x0800034e   Number         0  hash.o(.text)
    lowercase                                0x0800035e   Number         0  hash.o(.text)
    loop_end                                 0x0800037a   Number         0  hash.o(.text)
    [Anonymous Symbol]                       0x08000380   Section        0  clearance.o(.text)
    loop                                     0x08000388   Number         0  clearance.o(.text)
    level_detect                             0x08000398   Number         0  clearance.o(.text)
    [Anonymous Symbol]                       0x080003a8   Section        0  lucas.o(.text)
    lucas_recursive                          0x080003b0   Number         0  lucas.o(.text)
    $v0                                      0x080003e0   Number         0  startup_stm32f411xe.o(.text)
    .text                                    0x080003e0   Section       64  startup_stm32f411xe.o(.text)
    .text                                    0x08000420   Section        0  printf.o(.text)
    .text                                    0x08000438   Section        0  strlen.o(.text)
    .text                                    0x08000478   Section      124  strcmpv7em.o(.text)
    .text                                    0x080004f4   Section        0  heapauxi.o(.text)
    .text                                    0x080004fa   Section        0  _printf_pad.o(.text)
    .text                                    0x08000548   Section        0  _printf_truncate.o(.text)
    .text                                    0x0800056c   Section        0  _printf_str.o(.text)
    .text                                    0x080005c0   Section        0  _printf_dec.o(.text)
    .text                                    0x08000638   Section        0  _printf_charcount.o(.text)
    .text                                    0x08000660   Section        0  _printf_char_file.o(.text)
    .text                                    0x08000684   Section        0  _printf_wctomb.o(.text)
    .text                                    0x08000740   Section        0  _printf_longlong_dec.o(.text)
    _printf_longlong_oct_internal            0x080007bd   Thumb Code     0  _printf_oct_int_ll.o(.text)
    .text                                    0x080007bc   Section        0  _printf_oct_int_ll.o(.text)
    _printf_hex_common                       0x0800082d   Thumb Code     0  _printf_hex_int_ll_ptr.o(.text)
    .text                                    0x0800082c   Section        0  _printf_hex_int_ll_ptr.o(.text)
    .text                                    0x080008c0   Section        0  __printf_flags_ss_wp.o(.text)
    .text                                    0x08000a48   Section      138  lludiv10.o(.text)
    .text                                    0x08000ad2   Section        0  _printf_intcommon.o(.text)
    _fp_digits                               0x08000b85   Thumb Code   432  _printf_fp_dec.o(.text)
    .text                                    0x08000b84   Section        0  _printf_fp_dec.o(.text)
    .text                                    0x08000fa0   Section        0  _printf_fp_hex.o(.text)
    _printf_input_char                       0x0800129d   Thumb Code    10  _printf_char_common.o(.text)
    .text                                    0x0800129c   Section        0  _printf_char_common.o(.text)
    .text                                    0x080012cc   Section        0  _printf_char.o(.text)
    .text                                    0x080012f8   Section        0  _printf_wchar.o(.text)
    .text                                    0x08001324   Section        0  ferror.o(.text)
    .text                                    0x0800132c   Section        0  initio.o(.text)
    .text                                    0x08001464   Section        0  _c16rtomb.o(.text)
    .text                                    0x080014ac   Section       74  sys_stackheap_outer.o(.text)
    .text                                    0x080014f8   Section       16  rt_ctype_table.o(.text)
    .text                                    0x08001508   Section        8  rt_locale_intlibspace.o(.text)
    .text                                    0x08001510   Section        0  h1_free.o(.text)
    .text                                    0x08001560   Section        0  _printf_fp_infnan.o(.text)
    .text                                    0x080015e0   Section        0  bigflt0.o(.text)
    .text                                    0x080016c4   Section        0  flsbuf.o(.text)
    .text                                    0x080018a6   Section        0  setvbuf.o(.text)
    _freopen_locked                          0x080018ed   Thumb Code     0  fopen.o(.text)
    .text                                    0x080018ec   Section        0  fopen.o(.text)
    .text                                    0x080019dc   Section        0  fclose.o(.text)
    .text                                    0x08001a28   Section        0  exit.o(.text)
    .text                                    0x08001a3a   Section        0  defsig_rtred_outer.o(.text)
    .text                                    0x08001a48   Section       78  rt_memclr_w.o(.text)
    .text                                    0x08001a98   Section        8  libspace.o(.text)
    .text                                    0x08001aa0   Section        8  rt_heap_descriptor_intlibspace.o(.text)
    .text                                    0x08001aa8   Section        0  hguard.o(.text)
    .text                                    0x08001aac   Section        0  init_alloc.o(.text)
    .text                                    0x08001b36   Section        0  h1_alloc.o(.text)
    .text                                    0x08001b94   Section        0  fseek.o(.text)
    .text                                    0x08001c8c   Section        0  stdio.o(.text)
    .text                                    0x08001d94   Section        0  defsig_exit.o(.text)
    .text                                    0x08001da0   Section        0  defsig_rtred_inner.o(.text)
    .text                                    0x08001dd4   Section        0  sys_exit.o(.text)
    .text                                    0x08001de0   Section        0  maybetermalloc1.o(.text)
    .text                                    0x08001de0   Section        0  h1_init.o(.text)
    .text                                    0x08001dec   Section        0  h1_extend.o(.text)
    .text                                    0x08001e20   Section        0  ftell.o(.text)
    .text                                    0x08001e62   Section        0  defsig_general.o(.text)
    .text                                    0x08001e94   Section        0  defsig_rtmem_outer.o(.text)
    .text                                    0x08001ea2   Section        0  sys_wrch.o(.text)
    .text                                    0x08001eb0   Section        2  use_no_semi.o(.text)
    .text                                    0x08001eb2   Section        0  indicate_semi.o(.text)
    .text                                    0x08001eb4   Section        8  rt_errno_addr_intlibspace.o(.text)
    .text                                    0x08001ebc   Section        0  defsig_rtmem_inner.o(.text)
    ITM_SendChar                             0x08001f0d   Thumb Code    68  stderr_itm.o(.text.ITM_SendChar)
    [Anonymous Symbol]                       0x08001f0c   Section        0  stderr_itm.o(.text.ITM_SendChar)
    ITM_SendChar                             0x08001f51   Thumb Code    68  stdout_itm.o(.text.ITM_SendChar)
    [Anonymous Symbol]                       0x08001f50   Section        0  stdout_itm.o(.text.ITM_SendChar)
    [Anonymous Symbol]                       0x08001f94   Section        0  system_stm32f4xx.o(.text.SystemInit)
    [Anonymous Symbol]                       0x08001fa8   Section        0  retarget_io.o(.text._sys_close)
    [Anonymous Symbol]                       0x08001ff4   Section        0  retarget_io.o(.text._sys_flen)
    [Anonymous Symbol]                       0x08002040   Section        0  retarget_io.o(.text._sys_istty)
    [Anonymous Symbol]                       0x08002088   Section        0  retarget_io.o(.text._sys_open)
    [Anonymous Symbol]                       0x0800210c   Section        0  retarget_io.o(.text._sys_seek)
    [Anonymous Symbol]                       0x08002160   Section        0  retarget_io.o(.text._sys_write)
    [Anonymous Symbol]                       0x080021f8   Section        0  main.o(.text.lucas_test)
    [Anonymous Symbol]                       0x0800223c   Section        0  main.o(.text.main)
    [Anonymous Symbol]                       0x080022ac   Section        0  stderr_itm.o(.text.stderr_putchar)
    [Anonymous Symbol]                       0x080022bc   Section        0  stdout_itm.o(.text.stdout_putchar)
    [Anonymous Symbol]                       0x080022cc   Section        0  main.o(.text.test_func)
    CL$$btod_d2e                             0x080024ba   Section       62  btod.o(CL$$btod_d2e)
    CL$$btod_d2e_denorm_low                  0x080024f8   Section       70  btod.o(CL$$btod_d2e_denorm_low)
    CL$$btod_d2e_norm_op1                    0x0800253e   Section       96  btod.o(CL$$btod_d2e_norm_op1)
    CL$$btod_div_common                      0x080025a0   Section      824  btod.o(CL$$btod_div_common)
    CL$$btod_e2e                             0x080028d8   Section      220  btod.o(CL$$btod_e2e)
    CL$$btod_ediv                            0x080029b4   Section       42  btod.o(CL$$btod_ediv)
    CL$$btod_emul                            0x080029de   Section       42  btod.o(CL$$btod_emul)
    CL$$btod_mult_common                     0x08002a08   Section      580  btod.o(CL$$btod_mult_common)
    i.__ARM_fpclassify                       0x08002c4c   Section        0  fpclassify.o(i.__ARM_fpclassify)
    i._is_digit                              0x08002c7c   Section        0  __printf_wp.o(i._is_digit)
    i.fputc                                  0x08002c8a   Section        0  fputc.o(i.fputc)
    locale$$code                             0x08002ca8   Section       44  lc_numeric_c.o(locale$$code)
    locale$$code                             0x08002cd4   Section       44  lc_ctype_c.o(locale$$code)
    $v0                                      0x08002d00   Number         0  fpinit.o(x$fpl$fpinit)
    x$fpl$fpinit                             0x08002d00   Section       26  fpinit.o(x$fpl$fpinit)
    $v0                                      0x08002d1a   Number         0  printf1.o(x$fpl$printf1)
    x$fpl$printf1                            0x08002d1a   Section        4  printf1.o(x$fpl$printf1)
    $v0                                      0x08002d1e   Number         0  printf2.o(x$fpl$printf2)
    x$fpl$printf2                            0x08002d1e   Section        4  printf2.o(x$fpl$printf2)
    x$fpl$usenofp                            0x08002d22   Section        0  usenofp.o(x$fpl$usenofp)
    initial_mbstate                          0x08002d24   Data           8  _printf_wctomb.o(.constdata)
    .constdata                               0x08002d24   Section        8  _printf_wctomb.o(.constdata)
    uc_hextab                                0x08002d2c   Data          20  _printf_hex_int_ll_ptr.o(.constdata)
    .constdata                               0x08002d2c   Section       40  _printf_hex_int_ll_ptr.o(.constdata)
    lc_hextab                                0x08002d40   Data          20  _printf_hex_int_ll_ptr.o(.constdata)
    maptable                                 0x08002d54   Data          17  __printf_flags_ss_wp.o(.constdata)
    .constdata                               0x08002d54   Section       17  __printf_flags_ss_wp.o(.constdata)
    lc_hextab                                0x08002d65   Data          19  _printf_fp_hex.o(.constdata)
    .constdata                               0x08002d65   Section       38  _printf_fp_hex.o(.constdata)
    uc_hextab                                0x08002d78   Data          19  _printf_fp_hex.o(.constdata)
    tenpwrs_x                                0x08002d8c   Data          60  bigflt0.o(.constdata)
    .constdata                               0x08002d8c   Section      148  bigflt0.o(.constdata)
    tenpwrs_i                                0x08002dc8   Data          64  bigflt0.o(.constdata)
    .L__const.test_func.lookup_table         0x08002e20   Data          40  main.o(.rodata..L__const.test_func.lookup_table)
    .L.str.2                                 0x08002e5f   Data          23  main.o(.rodata.str1.1)
    [Anonymous Symbol]                       0x08002e5f   Section        0  main.o(.rodata.str1.1)
    .L.str                                   0x08002e76   Data          21  main.o(.rodata.str1.1)
    .L.str.3                                 0x08002e8b   Data          32  main.o(.rodata.str1.1)
    .L.str.6                                 0x08002eab   Data          54  main.o(.rodata.str1.1)
    .L.str.9                                 0x08002ee1   Data          48  main.o(.rodata.str1.1)
    .L.str.5                                 0x08002f11   Data          12  main.o(.rodata.str1.1)
    .L.str.11                                0x08002f1d   Data          20  main.o(.rodata.str1.1)
    .L.str.8                                 0x08002f31   Data          23  main.o(.rodata.str1.1)
    .L.str.1                                 0x08002f48   Data          26  main.o(.rodata.str1.1)
    .L.str.4                                 0x08002f62   Data          34  main.o(.rodata.str1.1)
    .L.str.7                                 0x08002f84   Data          56  main.o(.rodata.str1.1)
    .L.str.10                                0x08002fbc   Data          50  main.o(.rodata.str1.1)
    .L.str                                   0x08002fee   Data           7  retarget_io.o(.rodata.str1.1)
    [Anonymous Symbol]                       0x08002fee   Section        0  retarget_io.o(.rodata.str1.1)
    .L.str.2                                 0x08002ff5   Data           8  retarget_io.o(.rodata.str1.1)
    .L.str.1                                 0x08002ffd   Data           8  retarget_io.o(.rodata.str1.1)
    locale$$data                             0x08003028   Section       28  lc_numeric_c.o(locale$$data)
    __lcnum_c_name                           0x0800302c   Data           2  lc_numeric_c.o(locale$$data)
    __lcnum_c_start                          0x08003034   Data           0  lc_numeric_c.o(locale$$data)
    __lcnum_c_point                          0x08003040   Data           0  lc_numeric_c.o(locale$$data)
    __lcnum_c_thousands                      0x08003042   Data           0  lc_numeric_c.o(locale$$data)
    __lcnum_c_grouping                       0x08003043   Data           0  lc_numeric_c.o(locale$$data)
    __lcnum_c_end                            0x08003044   Data           0  lc_numeric_c.o(locale$$data)
    locale$$data                             0x08003044   Section      272  lc_ctype_c.o(locale$$data)
    __lcctype_c_name                         0x08003048   Data           2  lc_ctype_c.o(locale$$data)
    __lcctype_c_start                        0x08003050   Data           0  lc_ctype_c.o(locale$$data)
    __lcctype_c_end                          0x08003154   Data           0  lc_ctype_c.o(locale$$data)
    look_up_table                            0x20000000   Number         0  hash.o(.data)
    [Anonymous Symbol]                       0x20000000   Section        0  hash.o(.data)
    .data                                    0x20000028   Section        4  stdio_streams.o(.data)
    .data                                    0x2000002c   Section        4  stdio_streams.o(.data)
    .data                                    0x20000030   Section        4  stdio_streams.o(.data)
    .bss                                     0x20000038   Section       84  stdio_streams.o(.bss)
    .bss                                     0x2000008c   Section       84  stdio_streams.o(.bss)
    .bss                                     0x200000e0   Section       84  stdio_streams.o(.bss)
    .bss                                     0x20000134   Section       96  libspace.o(.bss)
    Heap_Mem                                 0x20000198   Data         512  startup_stm32f411xe.o(HEAP)
    HEAP                                     0x20000198   Section      512  startup_stm32f411xe.o(HEAP)
    Stack_Mem                                0x20000398   Data        1024  startup_stm32f411xe.o(STACK)
    STACK                                    0x20000398   Section     1024  startup_stm32f411xe.o(STACK)
    __initial_sp                             0x20000798   Data           0  startup_stm32f411xe.o(STACK)

    Global Symbols

    Symbol Name                              Value     Ov Type        Size  Object(Section)

    BuildAttributes$$THM_ISAv4$E$P$D$K$B$S$7EM$VFPi3$EXTD16$VFPS$VFMA$PE$A:L22UL41UL21$X:L11$S22US41US21$IEEE1$IW$~IW$USESV6$~STKCKD$USESV7$~SHL$OTIME$ROPI$IEEEJ$EBA8$UX$STANDARDLIB$REQ8$EABIv2 0x00000000   Number         0  anon$$obj.o ABSOLUTE
    _printf_flags                            0x00000000   Number         0  printf_stubs.o ABSOLUTE
    _printf_return_value                     0x00000000   Number         0  printf_stubs.o ABSOLUTE
    _printf_sizespec                         0x00000000   Number         0  printf_stubs.o ABSOLUTE
    _printf_widthprec                        0x00000000   Number         0  printf_stubs.o ABSOLUTE
    __ARM_exceptions_init                     - Undefined Weak Reference
    __alloca_initialize                       - Undefined Weak Reference
    __arm_preinit_                            - Undefined Weak Reference
    __arm_relocate_pie_                       - Undefined Weak Reference
    __cpp_initialize__aeabi_                  - Undefined Weak Reference
    __cxa_finalize                            - Undefined Weak Reference
    __sigvec_lookup                           - Undefined Weak Reference
    __user_heap_extent                        - Undefined Weak Reference
    _atexit_init                              - Undefined Weak Reference
    _call_atexit_fns                          - Undefined Weak Reference
    _clock_init                               - Undefined Weak Reference
    _fp_trap_init                             - Undefined Weak Reference
    _fp_trap_shutdown                         - Undefined Weak Reference
    _get_lc_collate                           - Undefined Weak Reference
    _get_lc_monetary                          - Undefined Weak Reference
    _get_lc_time                              - Undefined Weak Reference
    _getenv_init                              - Undefined Weak Reference
    _handle_redirection                       - Undefined Weak Reference
    _mutex_acquire                            - Undefined Weak Reference
    _mutex_free                               - Undefined Weak Reference
    _mutex_release                            - Undefined Weak Reference
    _printf_mbtowc                            - Undefined Weak Reference
    _printf_wc                                - Undefined Weak Reference
    _rand_init                                - Undefined Weak Reference
    _signal_finish                            - Undefined Weak Reference
    _signal_init                              - Undefined Weak Reference
    __Vectors_Size                           0x00000198   Number         0  startup_stm32f411xe.o ABSOLUTE
    __Vectors                                0x08000000   Data           4  startup_stm32f411xe.o(RESET)
    __Vectors_End                            0x08000198   Data           0  startup_stm32f411xe.o(RESET)
    __main                                   0x08000199   Thumb Code     8  __main.o(!!!main)
    __scatterload                            0x080001a1   Thumb Code     0  __scatter.o(!!!scatter)
    __scatterload_rt2                        0x080001a1   Thumb Code    84  __scatter.o(!!!scatter)
    __scatterload_rt2_thumb_only             0x080001a1   Thumb Code     0  __scatter.o(!!!scatter)
    __scatterload_loop                       0x080001ab   Thumb Code     0  __scatter.o(!!!scatter)
    __scatterload_copy                       0x080001fd   Thumb Code    26  __scatter_copy.o(!!handler_copy)
    __scatterload_null                       0x08000219   Thumb Code     2  __scatter.o(!!handler_null)
    __scatterload_zeroinit                   0x0800021d   Thumb Code    28  __scatter_zi.o(!!handler_zi)
    _printf_n                                0x08000239   Thumb Code     0  _printf_n.o(.ARM.Collect$$_printf_percent$$00000001)
    _printf_percent                          0x08000239   Thumb Code     0  _printf_percent.o(.ARM.Collect$$_printf_percent$$00000000)
    _printf_p                                0x0800023f   Thumb Code     0  _printf_p.o(.ARM.Collect$$_printf_percent$$00000002)
    _printf_f                                0x08000245   Thumb Code     0  _printf_f.o(.ARM.Collect$$_printf_percent$$00000003)
    _printf_e                                0x0800024b   Thumb Code     0  _printf_e.o(.ARM.Collect$$_printf_percent$$00000004)
    _printf_g                                0x08000251   Thumb Code     0  _printf_g.o(.ARM.Collect$$_printf_percent$$00000005)
    _printf_a                                0x08000257   Thumb Code     0  _printf_a.o(.ARM.Collect$$_printf_percent$$00000006)
    _printf_ll                               0x0800025d   Thumb Code     0  _printf_ll.o(.ARM.Collect$$_printf_percent$$00000007)
    _printf_i                                0x08000267   Thumb Code     0  _printf_i.o(.ARM.Collect$$_printf_percent$$00000008)
    _printf_d                                0x0800026d   Thumb Code     0  _printf_d.o(.ARM.Collect$$_printf_percent$$00000009)
    _printf_u                                0x08000273   Thumb Code     0  _printf_u.o(.ARM.Collect$$_printf_percent$$0000000A)
    _printf_o                                0x08000279   Thumb Code     0  _printf_o.o(.ARM.Collect$$_printf_percent$$0000000B)
    _printf_x                                0x0800027f   Thumb Code     0  _printf_x.o(.ARM.Collect$$_printf_percent$$0000000C)
    _printf_lli                              0x08000285   Thumb Code     0  _printf_lli.o(.ARM.Collect$$_printf_percent$$0000000D)
    _printf_lld                              0x0800028b   Thumb Code     0  _printf_lld.o(.ARM.Collect$$_printf_percent$$0000000E)
    _printf_llu                              0x08000291   Thumb Code     0  _printf_llu.o(.ARM.Collect$$_printf_percent$$0000000F)
    _printf_llo                              0x08000297   Thumb Code     0  _printf_llo.o(.ARM.Collect$$_printf_percent$$00000010)
    _printf_llx                              0x0800029d   Thumb Code     0  _printf_llx.o(.ARM.Collect$$_printf_percent$$00000011)
    _printf_l                                0x080002a3   Thumb Code     0  _printf_l.o(.ARM.Collect$$_printf_percent$$00000012)
    _printf_c                                0x080002ad   Thumb Code     0  _printf_c.o(.ARM.Collect$$_printf_percent$$00000013)
    _printf_s                                0x080002b3   Thumb Code     0  _printf_s.o(.ARM.Collect$$_printf_percent$$00000014)
    _printf_lc                               0x080002b9   Thumb Code     0  _printf_lc.o(.ARM.Collect$$_printf_percent$$00000015)
    _printf_ls                               0x080002bf   Thumb Code     0  _printf_ls.o(.ARM.Collect$$_printf_percent$$00000016)
    _printf_percent_end                      0x080002c5   Thumb Code     0  _printf_percent_end.o(.ARM.Collect$$_printf_percent$$00000017)
    __rt_lib_init                            0x080002c9   Thumb Code     0  libinit.o(.ARM.Collect$$libinit$$00000000)
    __rt_lib_init_fp_1                       0x080002cb   Thumb Code     0  libinit2.o(.ARM.Collect$$libinit$$00000001)
    __rt_lib_init_heap_2                     0x080002cf   Thumb Code     0  libinit2.o(.ARM.Collect$$libinit$$00000007)
    __rt_lib_init_preinit_1                  0x080002cf   Thumb Code     0  libinit2.o(.ARM.Collect$$libinit$$00000006)
    __rt_lib_init_relocate_pie_1             0x080002cf   Thumb Code     0  libinit2.o(.ARM.Collect$$libinit$$00000004)
    __rt_lib_init_heap_1                     0x080002d7   Thumb Code     0  libinit2.o(.ARM.Collect$$libinit$$0000000C)
    __rt_lib_init_lc_common                  0x080002d7   Thumb Code     0  libinit2.o(.ARM.Collect$$libinit$$00000011)
    __rt_lib_init_rand_1                     0x080002d7   Thumb Code     0  libinit2.o(.ARM.Collect$$libinit$$00000010)
    __rt_lib_init_user_alloc_1               0x080002d7   Thumb Code     0  libinit2.o(.ARM.Collect$$libinit$$0000000E)
    __rt_lib_init_lc_collate_1               0x080002dd   Thumb Code     0  libinit2.o(.ARM.Collect$$libinit$$00000013)
    __rt_lib_init_lc_ctype_2                 0x080002dd   Thumb Code     0  libinit2.o(.ARM.Collect$$libinit$$00000014)
    __rt_lib_init_lc_ctype_1                 0x080002e9   Thumb Code     0  libinit2.o(.ARM.Collect$$libinit$$00000015)
    __rt_lib_init_lc_monetary_1              0x080002e9   Thumb Code     0  libinit2.o(.ARM.Collect$$libinit$$00000017)
    __rt_lib_init_lc_numeric_2               0x080002e9   Thumb Code     0  libinit2.o(.ARM.Collect$$libinit$$00000018)
    __rt_lib_init_atexit_1                   0x080002f3   Thumb Code     0  libinit2.o(.ARM.Collect$$libinit$$0000001D)
    __rt_lib_init_clock_1                    0x080002f3   Thumb Code     0  libinit2.o(.ARM.Collect$$libinit$$00000023)
    __rt_lib_init_fp_trap_1                  0x080002f3   Thumb Code     0  libinit2.o(.ARM.Collect$$libinit$$00000021)
    __rt_lib_init_getenv_1                   0x080002f3   Thumb Code     0  libinit2.o(.ARM.Collect$$libinit$$00000025)
    __rt_lib_init_lc_numeric_1               0x080002f3   Thumb Code     0  libinit2.o(.ARM.Collect$$libinit$$00000019)
    __rt_lib_init_lc_time_1                  0x080002f3   Thumb Code     0  libinit2.o(.ARM.Collect$$libinit$$0000001B)
    __rt_lib_init_signal_1                   0x080002f3   Thumb Code     0  libinit2.o(.ARM.Collect$$libinit$$0000001F)
    __rt_lib_init_stdio_2                    0x080002f3   Thumb Code     0  libinit2.o(.ARM.Collect$$libinit$$00000026)
    __rt_lib_init_alloca_1                   0x080002f7   Thumb Code     0  libinit2.o(.ARM.Collect$$libinit$$00000030)
    __rt_lib_init_argv_1                     0x080002f7   Thumb Code     0  libinit2.o(.ARM.Collect$$libinit$$0000002E)
    __rt_lib_init_cpp_1                      0x080002f7   Thumb Code     0  libinit2.o(.ARM.Collect$$libinit$$00000034)
    __rt_lib_init_exceptions_1               0x080002f7   Thumb Code     0  libinit2.o(.ARM.Collect$$libinit$$00000032)
    __rt_lib_init_return                     0x080002f7   Thumb Code     0  libinit2.o(.ARM.Collect$$libinit$$00000035)
    __rt_lib_init_stdio_1                    0x080002f7   Thumb Code     0  libinit2.o(.ARM.Collect$$libinit$$00000027)
    __rt_lib_shutdown                        0x080002f9   Thumb Code     0  libshutdown.o(.ARM.Collect$$libshutdown$$00000000)
    __rt_lib_shutdown_cpp_1                  0x080002fb   Thumb Code     0  libshutdown2.o(.ARM.Collect$$libshutdown$$00000002)
    __rt_lib_shutdown_stdio_2                0x080002fb   Thumb Code     0  libshutdown2.o(.ARM.Collect$$libshutdown$$00000003)
    __rt_lib_shutdown_fp_trap_1              0x080002ff   Thumb Code     0  libshutdown2.o(.ARM.Collect$$libshutdown$$00000007)
    __rt_lib_shutdown_heap_1                 0x080002ff   Thumb Code     0  libshutdown2.o(.ARM.Collect$$libshutdown$$0000000F)
    __rt_lib_shutdown_return                 0x080002ff   Thumb Code     0  libshutdown2.o(.ARM.Collect$$libshutdown$$00000010)
    __rt_lib_shutdown_signal_1               0x080002ff   Thumb Code     0  libshutdown2.o(.ARM.Collect$$libshutdown$$0000000A)
    __rt_lib_shutdown_stdio_1                0x080002ff   Thumb Code     0  libshutdown2.o(.ARM.Collect$$libshutdown$$00000004)
    __rt_lib_shutdown_user_alloc_1           0x080002ff   Thumb Code     0  libshutdown2.o(.ARM.Collect$$libshutdown$$0000000C)
    __rt_entry                               0x08000301   Thumb Code     0  __rtentry.o(.ARM.Collect$$rtentry$$00000000)
    __rt_entry_presh_1                       0x08000301   Thumb Code     0  __rtentry2.o(.ARM.Collect$$rtentry$$00000002)
    __rt_entry_sh                            0x08000301   Thumb Code     0  __rtentry4.o(.ARM.Collect$$rtentry$$00000004)
    __rt_entry_li                            0x08000307   Thumb Code     0  __rtentry2.o(.ARM.Collect$$rtentry$$0000000A)
    __rt_entry_postsh_1                      0x08000307   Thumb Code     0  __rtentry2.o(.ARM.Collect$$rtentry$$00000009)
    __rt_entry_main                          0x0800030b   Thumb Code     0  __rtentry2.o(.ARM.Collect$$rtentry$$0000000D)
    __rt_entry_postli_1                      0x0800030b   Thumb Code     0  __rtentry2.o(.ARM.Collect$$rtentry$$0000000C)
    __rt_exit                                0x08000313   Thumb Code     0  rtexit.o(.ARM.Collect$$rtexit$$00000000)
    __rt_exit_ls                             0x08000315   Thumb Code     0  rtexit2.o(.ARM.Collect$$rtexit$$00000003)
    __rt_exit_prels_1                        0x08000315   Thumb Code     0  rtexit2.o(.ARM.Collect$$rtexit$$00000002)
    __rt_exit_exit                           0x08000319   Thumb Code     0  rtexit2.o(.ARM.Collect$$rtexit$$00000004)
    hash                                     0x08000321   Thumb Code     0  hash.o(.text)
    clearance                                0x08000381   Thumb Code     0  clearance.o(.text)
    lucas                                    0x080003a9   Thumb Code     0  lucas.o(.text)
    Reset_Handler                            0x080003e1   Thumb Code     8  startup_stm32f411xe.o(.text)
    NMI_Handler                              0x080003e9   Thumb Code     2  startup_stm32f411xe.o(.text)
    HardFault_Handler                        0x080003eb   Thumb Code     2  startup_stm32f411xe.o(.text)
    MemManage_Handler                        0x080003ed   Thumb Code     2  startup_stm32f411xe.o(.text)
    BusFault_Handler                         0x080003ef   Thumb Code     2  startup_stm32f411xe.o(.text)
    UsageFault_Handler                       0x080003f1   Thumb Code     2  startup_stm32f411xe.o(.text)
    SVC_Handler                              0x080003f3   Thumb Code     2  startup_stm32f411xe.o(.text)
    DebugMon_Handler                         0x080003f5   Thumb Code     2  startup_stm32f411xe.o(.text)
    PendSV_Handler                           0x080003f7   Thumb Code     2  startup_stm32f411xe.o(.text)
    SysTick_Handler                          0x080003f9   Thumb Code     2  startup_stm32f411xe.o(.text)
    ADC_IRQHandler                           0x080003fb   Thumb Code     0  startup_stm32f411xe.o(.text)
    DMA1_Stream0_IRQHandler                  0x080003fb   Thumb Code     0  startup_stm32f411xe.o(.text)
    DMA1_Stream1_IRQHandler                  0x080003fb   Thumb Code     0  startup_stm32f411xe.o(.text)
    DMA1_Stream2_IRQHandler                  0x080003fb   Thumb Code     0  startup_stm32f411xe.o(.text)
    DMA1_Stream3_IRQHandler                  0x080003fb   Thumb Code     0  startup_stm32f411xe.o(.text)
    DMA1_Stream4_IRQHandler                  0x080003fb   Thumb Code     0  startup_stm32f411xe.o(.text)
    DMA1_Stream5_IRQHandler                  0x080003fb   Thumb Code     0  startup_stm32f411xe.o(.text)
    DMA1_Stream6_IRQHandler                  0x080003fb   Thumb Code     0  startup_stm32f411xe.o(.text)
    DMA1_Stream7_IRQHandler                  0x080003fb   Thumb Code     0  startup_stm32f411xe.o(.text)
    DMA2_Stream0_IRQHandler                  0x080003fb   Thumb Code     0  startup_stm32f411xe.o(.text)
    DMA2_Stream1_IRQHandler                  0x080003fb   Thumb Code     0  startup_stm32f411xe.o(.text)
    DMA2_Stream2_IRQHandler                  0x080003fb   Thumb Code     0  startup_stm32f411xe.o(.text)
    DMA2_Stream3_IRQHandler                  0x080003fb   Thumb Code     0  startup_stm32f411xe.o(.text)
    DMA2_Stream4_IRQHandler                  0x080003fb   Thumb Code     0  startup_stm32f411xe.o(.text)
    DMA2_Stream5_IRQHandler                  0x080003fb   Thumb Code     0  startup_stm32f411xe.o(.text)
    DMA2_Stream6_IRQHandler                  0x080003fb   Thumb Code     0  startup_stm32f411xe.o(.text)
    DMA2_Stream7_IRQHandler                  0x080003fb   Thumb Code     0  startup_stm32f411xe.o(.text)
    EXTI0_IRQHandler                         0x080003fb   Thumb Code     0  startup_stm32f411xe.o(.text)
    EXTI15_10_IRQHandler                     0x080003fb   Thumb Code     0  startup_stm32f411xe.o(.text)
    EXTI1_IRQHandler                         0x080003fb   Thumb Code     0  startup_stm32f411xe.o(.text)
    EXTI2_IRQHandler                         0x080003fb   Thumb Code     0  startup_stm32f411xe.o(.text)
    EXTI3_IRQHandler                         0x080003fb   Thumb Code     0  startup_stm32f411xe.o(.text)
    EXTI4_IRQHandler                         0x080003fb   Thumb Code     0  startup_stm32f411xe.o(.text)
    EXTI9_5_IRQHandler                       0x080003fb   Thumb Code     0  startup_stm32f411xe.o(.text)
    FLASH_IRQHandler                         0x080003fb   Thumb Code     0  startup_stm32f411xe.o(.text)
    FPU_IRQHandler                           0x080003fb   Thumb Code     0  startup_stm32f411xe.o(.text)
    I2C1_ER_IRQHandler                       0x080003fb   Thumb Code     0  startup_stm32f411xe.o(.text)
    I2C1_EV_IRQHandler                       0x080003fb   Thumb Code     0  startup_stm32f411xe.o(.text)
    I2C2_ER_IRQHandler                       0x080003fb   Thumb Code     0  startup_stm32f411xe.o(.text)
    I2C2_EV_IRQHandler                       0x080003fb   Thumb Code     0  startup_stm32f411xe.o(.text)
    I2C3_ER_IRQHandler                       0x080003fb   Thumb Code     0  startup_stm32f411xe.o(.text)
    I2C3_EV_IRQHandler                       0x080003fb   Thumb Code     0  startup_stm32f411xe.o(.text)
    OTG_FS_IRQHandler                        0x080003fb   Thumb Code     0  startup_stm32f411xe.o(.text)
    OTG_FS_WKUP_IRQHandler                   0x080003fb   Thumb Code     0  startup_stm32f411xe.o(.text)
    PVD_IRQHandler                           0x080003fb   Thumb Code     0  startup_stm32f411xe.o(.text)
    RCC_IRQHandler                           0x080003fb   Thumb Code     0  startup_stm32f411xe.o(.text)
    RTC_Alarm_IRQHandler                     0x080003fb   Thumb Code     0  startup_stm32f411xe.o(.text)
    RTC_WKUP_IRQHandler                      0x080003fb   Thumb Code     0  startup_stm32f411xe.o(.text)
    SDIO_IRQHandler                          0x080003fb   Thumb Code     0  startup_stm32f411xe.o(.text)
    SPI1_IRQHandler                          0x080003fb   Thumb Code     0  startup_stm32f411xe.o(.text)
    SPI2_IRQHandler                          0x080003fb   Thumb Code     0  startup_stm32f411xe.o(.text)
    SPI3_IRQHandler                          0x080003fb   Thumb Code     0  startup_stm32f411xe.o(.text)
    SPI4_IRQHandler                          0x080003fb   Thumb Code     0  startup_stm32f411xe.o(.text)
    SPI5_IRQHandler                          0x080003fb   Thumb Code     0  startup_stm32f411xe.o(.text)
    TAMP_STAMP_IRQHandler                    0x080003fb   Thumb Code     0  startup_stm32f411xe.o(.text)
    TIM1_BRK_TIM9_IRQHandler                 0x080003fb   Thumb Code     0  startup_stm32f411xe.o(.text)
    TIM1_CC_IRQHandler                       0x080003fb   Thumb Code     0  startup_stm32f411xe.o(.text)
    TIM1_TRG_COM_TIM11_IRQHandler            0x080003fb   Thumb Code     0  startup_stm32f411xe.o(.text)
    TIM1_UP_TIM10_IRQHandler                 0x080003fb   Thumb Code     0  startup_stm32f411xe.o(.text)
    TIM2_IRQHandler                          0x080003fb   Thumb Code     0  startup_stm32f411xe.o(.text)
    TIM3_IRQHandler                          0x080003fb   Thumb Code     0  startup_stm32f411xe.o(.text)
    TIM4_IRQHandler                          0x080003fb   Thumb Code     0  startup_stm32f411xe.o(.text)
    TIM5_IRQHandler                          0x080003fb   Thumb Code     0  startup_stm32f411xe.o(.text)
    USART1_IRQHandler                        0x080003fb   Thumb Code     0  startup_stm32f411xe.o(.text)
    USART2_IRQHandler                        0x080003fb   Thumb Code     0  startup_stm32f411xe.o(.text)
    USART6_IRQHandler                        0x080003fb   Thumb Code     0  startup_stm32f411xe.o(.text)
    WWDG_IRQHandler                          0x080003fb   Thumb Code     0  startup_stm32f411xe.o(.text)
    __user_initial_stackheap                 0x080003fd   Thumb Code     0  startup_stm32f411xe.o(.text)
    printf                                   0x08000421   Thumb Code    20  printf.o(.text)
    strlen                                   0x08000439   Thumb Code    62  strlen.o(.text)
    strcmp                                   0x08000479   Thumb Code   124  strcmpv7em.o(.text)
    __use_two_region_memory                  0x080004f5   Thumb Code     2  heapauxi.o(.text)
    __rt_heap_escrow                         0x080004f7   Thumb Code     2  heapauxi.o(.text)
    __rt_heap_expand                         0x080004f9   Thumb Code     2  heapauxi.o(.text)
    _printf_pre_padding                      0x080004fb   Thumb Code    44  _printf_pad.o(.text)
    _printf_post_padding                     0x08000527   Thumb Code    34  _printf_pad.o(.text)
    _printf_truncate_signed                  0x08000549   Thumb Code    18  _printf_truncate.o(.text)
    _printf_truncate_unsigned                0x0800055b   Thumb Code    18  _printf_truncate.o(.text)
    _printf_str                              0x0800056d   Thumb Code    82  _printf_str.o(.text)
    _printf_int_dec                          0x080005c1   Thumb Code   104  _printf_dec.o(.text)
    _printf_charcount                        0x08000639   Thumb Code    40  _printf_charcount.o(.text)
    _printf_char_file                        0x08000661   Thumb Code    32  _printf_char_file.o(.text)
    _printf_wctomb                           0x08000685   Thumb Code   182  _printf_wctomb.o(.text)
    _printf_longlong_dec                     0x08000741   Thumb Code   108  _printf_longlong_dec.o(.text)
    _printf_longlong_oct                     0x080007bd   Thumb Code    68  _printf_oct_int_ll.o(.text)
    _printf_int_oct                          0x08000801   Thumb Code    24  _printf_oct_int_ll.o(.text)
    _printf_ll_oct                           0x08000819   Thumb Code    12  _printf_oct_int_ll.o(.text)
    _printf_longlong_hex                     0x0800082d   Thumb Code    86  _printf_hex_int_ll_ptr.o(.text)
    _printf_int_hex                          0x08000883   Thumb Code    28  _printf_hex_int_ll_ptr.o(.text)
    _printf_ll_hex                           0x0800089f   Thumb Code    12  _printf_hex_int_ll_ptr.o(.text)
    _printf_hex_ptr                          0x080008ab   Thumb Code    18  _printf_hex_int_ll_ptr.o(.text)
    __printf                                 0x080008c1   Thumb Code   388  __printf_flags_ss_wp.o(.text)
    _ll_udiv10                               0x08000a49   Thumb Code   138  lludiv10.o(.text)
    _printf_int_common                       0x08000ad3   Thumb Code   178  _printf_intcommon.o(.text)
    _printf_fp_dec_real                      0x08000d35   Thumb Code   620  _printf_fp_dec.o(.text)
    _printf_fp_hex_real                      0x08000fa1   Thumb Code   756  _printf_fp_hex.o(.text)
    _printf_char_common                      0x080012a7   Thumb Code    32  _printf_char_common.o(.text)
    _printf_cs_common                        0x080012cd   Thumb Code    20  _printf_char.o(.text)
    _printf_char                             0x080012e1   Thumb Code    16  _printf_char.o(.text)
    _printf_string                           0x080012f1   Thumb Code     8  _printf_char.o(.text)
    _printf_lcs_common                       0x080012f9   Thumb Code    20  _printf_wchar.o(.text)
    _printf_wchar                            0x0800130d   Thumb Code    16  _printf_wchar.o(.text)
    _printf_wstring                          0x0800131d   Thumb Code     8  _printf_wchar.o(.text)
    ferror                                   0x08001325   Thumb Code     8  ferror.o(.text)
    _initio                                  0x0800132d   Thumb Code   210  initio.o(.text)
    _terminateio                             0x080013ff   Thumb Code    56  initio.o(.text)
    _c16rtomb                                0x08001465   Thumb Code    72  _c16rtomb.o(.text)
    _wcrtomb                                 0x08001465   Thumb Code     0  _c16rtomb.o(.text)
    __user_setup_stackheap                   0x080014ad   Thumb Code    74  sys_stackheap_outer.o(.text)
    __rt_ctype_table                         0x080014f9   Thumb Code    16  rt_ctype_table.o(.text)
    __rt_locale                              0x08001509   Thumb Code     8  rt_locale_intlibspace.o(.text)
    free                                     0x08001511   Thumb Code    78  h1_free.o(.text)
    _printf_fp_infnan                        0x08001561   Thumb Code   112  _printf_fp_infnan.o(.text)
    _btod_etento                             0x080015e1   Thumb Code   224  bigflt0.o(.text)
    __flsbuf                                 0x080016c5   Thumb Code   482  flsbuf.o(.text)
    __flsbuf_byte                            0x080016c5   Thumb Code     0  flsbuf.o(.text)
    __flsbuf_wide                            0x080016c5   Thumb Code     0  flsbuf.o(.text)
    setvbuf                                  0x080018a7   Thumb Code    70  setvbuf.o(.text)
    freopen                                  0x080018ed   Thumb Code   160  fopen.o(.text)
    fopen                                    0x0800198d   Thumb Code    74  fopen.o(.text)
    _fclose_internal                         0x080019dd   Thumb Code    76  fclose.o(.text)
    fclose                                   0x080019dd   Thumb Code     0  fclose.o(.text)
    exit                                     0x08001a29   Thumb Code    18  exit.o(.text)
    __rt_SIGRTRED                            0x08001a3b   Thumb Code    14  defsig_rtred_outer.o(.text)
    __aeabi_memclr4                          0x08001a49   Thumb Code     0  rt_memclr_w.o(.text)
    __aeabi_memclr8                          0x08001a49   Thumb Code     0  rt_memclr_w.o(.text)
    __rt_memclr_w                            0x08001a49   Thumb Code     0  rt_memclr_w.o(.text)
    _memset_w                                0x08001a4d   Thumb Code    74  rt_memclr_w.o(.text)
    __user_libspace                          0x08001a99   Thumb Code     8  libspace.o(.text)
    __user_perproc_libspace                  0x08001a99   Thumb Code     0  libspace.o(.text)
    __user_perthread_libspace                0x08001a99   Thumb Code     0  libspace.o(.text)
    __rt_heap_descriptor                     0x08001aa1   Thumb Code     8  rt_heap_descriptor_intlibspace.o(.text)
    __use_no_heap                            0x08001aa9   Thumb Code     2  hguard.o(.text)
    __heap$guard                             0x08001aab   Thumb Code     2  hguard.o(.text)
    _terminate_user_alloc                    0x08001aad   Thumb Code     2  init_alloc.o(.text)
    _init_user_alloc                         0x08001aaf   Thumb Code     2  init_alloc.o(.text)
    __Heap_Full                              0x08001ab1   Thumb Code    34  init_alloc.o(.text)
    __Heap_Broken                            0x08001ad3   Thumb Code     6  init_alloc.o(.text)
    _init_alloc                              0x08001ad9   Thumb Code    94  init_alloc.o(.text)
    malloc                                   0x08001b37   Thumb Code    94  h1_alloc.o(.text)
    _fseek                                   0x08001b95   Thumb Code   242  fseek.o(.text)
    fseek                                    0x08001b95   Thumb Code     0  fseek.o(.text)
    _seterr                                  0x08001c8d   Thumb Code    20  stdio.o(.text)
    _writebuf                                0x08001ca1   Thumb Code   108  stdio.o(.text)
    _fflush                                  0x08001d0d   Thumb Code    70  stdio.o(.text)
    _deferredlazyseek                        0x08001d53   Thumb Code    60  stdio.o(.text)
    __sig_exit                               0x08001d95   Thumb Code    10  defsig_exit.o(.text)
    __rt_SIGRTRED_inner                      0x08001da1   Thumb Code    14  defsig_rtred_inner.o(.text)
    _sys_exit                                0x08001dd5   Thumb Code     8  sys_exit.o(.text)
    __Heap_Initialize                        0x08001de1   Thumb Code     8  h1_init.o(.text)
    _maybe_terminate_alloc                   0x08001de1   Thumb Code     0  maybetermalloc1.o(.text)
    __Heap_DescSize                          0x08001de9   Thumb Code     4  h1_init.o(.text)
    __Heap_ProvideMemory                     0x08001ded   Thumb Code    52  h1_extend.o(.text)
    _ftell_internal                          0x08001e21   Thumb Code    66  ftell.o(.text)
    ftell                                    0x08001e21   Thumb Code     0  ftell.o(.text)
    __default_signal_display                 0x08001e63   Thumb Code    50  defsig_general.o(.text)
    __rt_SIGRTMEM                            0x08001e95   Thumb Code    14  defsig_rtmem_outer.o(.text)
    _ttywrch                                 0x08001ea3   Thumb Code    14  sys_wrch.o(.text)
    __I$use$semihosting                      0x08001eb1   Thumb Code     0  use_no_semi.o(.text)
    __use_no_semihosting_swi                 0x08001eb1   Thumb Code     2  use_no_semi.o(.text)
    __semihosting_library_function           0x08001eb3   Thumb Code     0  indicate_semi.o(.text)
    __aeabi_errno_addr                       0x08001eb5   Thumb Code     8  rt_errno_addr_intlibspace.o(.text)
    __errno$intlibspace                      0x08001eb5   Thumb Code     0  rt_errno_addr_intlibspace.o(.text)
    __rt_errno_addr$intlibspace              0x08001eb5   Thumb Code     0  rt_errno_addr_intlibspace.o(.text)
    __rt_SIGRTMEM_inner                      0x08001ebd   Thumb Code    22  defsig_rtmem_inner.o(.text)
    SystemInit                               0x08001f95   Thumb Code    18  system_stm32f4xx.o(.text.SystemInit)
    _sys_close                               0x08001fa9   Thumb Code    74  retarget_io.o(.text._sys_close)
    _sys_flen                                0x08001ff5   Thumb Code    74  retarget_io.o(.text._sys_flen)
    _sys_istty                               0x08002041   Thumb Code    72  retarget_io.o(.text._sys_istty)
    _sys_open                                0x08002089   Thumb Code   132  retarget_io.o(.text._sys_open)
    _sys_seek                                0x0800210d   Thumb Code    82  retarget_io.o(.text._sys_seek)
    _sys_write                               0x08002161   Thumb Code   152  retarget_io.o(.text._sys_write)
    lucas_test                               0x080021f9   Thumb Code    66  main.o(.text.lucas_test)
    main                                     0x0800223d   Thumb Code   112  main.o(.text.main)
    stderr_putchar                           0x080022ad   Thumb Code    16  stderr_itm.o(.text.stderr_putchar)
    stdout_putchar                           0x080022bd   Thumb Code    16  stdout_itm.o(.text.stdout_putchar)
    test_func                                0x080022cd   Thumb Code   494  main.o(.text.test_func)
    _btod_d2e                                0x080024bb   Thumb Code    62  btod.o(CL$$btod_d2e)
    _d2e_denorm_low                          0x080024f9   Thumb Code    70  btod.o(CL$$btod_d2e_denorm_low)
    _d2e_norm_op1                            0x0800253f   Thumb Code    96  btod.o(CL$$btod_d2e_norm_op1)
    __btod_div_common                        0x080025a1   Thumb Code   696  btod.o(CL$$btod_div_common)
    _e2e                                     0x080028d9   Thumb Code   220  btod.o(CL$$btod_e2e)
    _btod_ediv                               0x080029b5   Thumb Code    42  btod.o(CL$$btod_ediv)
    _btod_emul                               0x080029df   Thumb Code    42  btod.o(CL$$btod_emul)
    __btod_mult_common                       0x08002a09   Thumb Code   580  btod.o(CL$$btod_mult_common)
    __ARM_fpclassify                         0x08002c4d   Thumb Code    48  fpclassify.o(i.__ARM_fpclassify)
    _is_digit                                0x08002c7d   Thumb Code    14  __printf_wp.o(i._is_digit)
    fputc                                    0x08002c8b   Thumb Code    28  fputc.o(i.fputc)
    _get_lc_numeric                          0x08002ca9   Thumb Code    44  lc_numeric_c.o(locale$$code)
    _get_lc_ctype                            0x08002cd5   Thumb Code    44  lc_ctype_c.o(locale$$code)
    _fp_init                                 0x08002d01   Thumb Code    26  fpinit.o(x$fpl$fpinit)
    __fplib_config_fpu_vfp                   0x08002d19   Thumb Code     0  fpinit.o(x$fpl$fpinit)
    __fplib_config_pureend_doubles           0x08002d19   Thumb Code     0  fpinit.o(x$fpl$fpinit)
    _printf_fp_dec                           0x08002d1b   Thumb Code     4  printf1.o(x$fpl$printf1)
    _printf_fp_hex                           0x08002d1f   Thumb Code     4  printf2.o(x$fpl$printf2)
    __I$use$fp                               0x08002d22   Number         0  usenofp.o(x$fpl$usenofp)
    __stderr_name                            0x08002e48   Data           8  retarget_io.o(.rodata.__stderr_name)
    __stdin_name                             0x08002e50   Data           7  retarget_io.o(.rodata.__stdin_name)
    __stdout_name                            0x08002e57   Data           8  retarget_io.o(.rodata.__stdout_name)
    Region$$Table$$Base                      0x08003008   Number         0  anon$$obj.o(Region$$Table)
    Region$$Table$$Limit                     0x08003028   Number         0  anon$$obj.o(Region$$Table)
    __ctype                                  0x08003051   Data           0  lc_ctype_c.o(locale$$data)
    __aeabi_stdin                            0x20000028   Data           4  stdio_streams.o(.data)
    __aeabi_stdout                           0x2000002c   Data           4  stdio_streams.o(.data)
    __aeabi_stderr                           0x20000030   Data           4  stdio_streams.o(.data)
    __stdin                                  0x20000038   Data          84  stdio_streams.o(.bss)
    __stdout                                 0x2000008c   Data          84  stdio_streams.o(.bss)
    __stderr                                 0x200000e0   Data          84  stdio_streams.o(.bss)
    __libspace_start                         0x20000134   Data          96  libspace.o(.bss)
    __temporary_stack_top$libspace           0x20000194   Data           0  libspace.o(.bss)



==============================================================================

Memory Map of the image

  Image Entry point : 0x080003e1

  Load Region LR_1 (Base: 0x08000000, Size: 0x00003188, Max: 0xffffffff, ABSOLUTE)

    Execution Region ER_RO (Exec base: 0x08000000, Load base: 0x08000000, Size: 0x00003154, Max: 0xffffffff, ABSOLUTE)

    Exec Addr    Load Addr    Size         Type   Attr      Idx    E Section Name        Object

    0x08000000   0x08000000   0x00000198   Data   RO          100    RESET               startup_stm32f411xe.o
    0x08000198   0x08000198   0x00000008   Code   RO          131  * !!!main             c_w.l(__main.o)
    0x080001a0   0x080001a0   0x0000005c   Code   RO          642    !!!scatter          c_w.l(__scatter.o)
    0x080001fc   0x080001fc   0x0000001a   Code   RO          646    !!handler_copy      c_w.l(__scatter_copy.o)
    0x08000216   0x08000216   0x00000002   PAD
    0x08000218   0x08000218   0x00000002   Code   RO          643    !!handler_null      c_w.l(__scatter.o)
    0x0800021a   0x0800021a   0x00000002   PAD
    0x0800021c   0x0800021c   0x0000001c   Code   RO          648    !!handler_zi        c_w.l(__scatter_zi.o)
    0x08000238   0x08000238   0x00000000   Code   RO          213    .ARM.Collect$$_printf_percent$$00000000  c_w.l(_printf_percent.o)
    0x08000238   0x08000238   0x00000006   Code   RO          202    .ARM.Collect$$_printf_percent$$00000001  c_w.l(_printf_n.o)
    0x0800023e   0x0800023e   0x00000006   Code   RO          204    .ARM.Collect$$_printf_percent$$00000002  c_w.l(_printf_p.o)
    0x08000244   0x08000244   0x00000006   Code   RO          209    .ARM.Collect$$_printf_percent$$00000003  c_w.l(_printf_f.o)
    0x0800024a   0x0800024a   0x00000006   Code   RO          210    .ARM.Collect$$_printf_percent$$00000004  c_w.l(_printf_e.o)
    0x08000250   0x08000250   0x00000006   Code   RO          211    .ARM.Collect$$_printf_percent$$00000005  c_w.l(_printf_g.o)
    0x08000256   0x08000256   0x00000006   Code   RO          212    .ARM.Collect$$_printf_percent$$00000006  c_w.l(_printf_a.o)
    0x0800025c   0x0800025c   0x0000000a   Code   RO          217    .ARM.Collect$$_printf_percent$$00000007  c_w.l(_printf_ll.o)
    0x08000266   0x08000266   0x00000006   Code   RO          206    .ARM.Collect$$_printf_percent$$00000008  c_w.l(_printf_i.o)
    0x0800026c   0x0800026c   0x00000006   Code   RO          207    .ARM.Collect$$_printf_percent$$00000009  c_w.l(_printf_d.o)
    0x08000272   0x08000272   0x00000006   Code   RO          208    .ARM.Collect$$_printf_percent$$0000000A  c_w.l(_printf_u.o)
    0x08000278   0x08000278   0x00000006   Code   RO          205    .ARM.Collect$$_printf_percent$$0000000B  c_w.l(_printf_o.o)
    0x0800027e   0x0800027e   0x00000006   Code   RO          203    .ARM.Collect$$_printf_percent$$0000000C  c_w.l(_printf_x.o)
    0x08000284   0x08000284   0x00000006   Code   RO          214    .ARM.Collect$$_printf_percent$$0000000D  c_w.l(_printf_lli.o)
    0x0800028a   0x0800028a   0x00000006   Code   RO          215    .ARM.Collect$$_printf_percent$$0000000E  c_w.l(_printf_lld.o)
    0x08000290   0x08000290   0x00000006   Code   RO          216    .ARM.Collect$$_printf_percent$$0000000F  c_w.l(_printf_llu.o)
    0x08000296   0x08000296   0x00000006   Code   RO          221    .ARM.Collect$$_printf_percent$$00000010  c_w.l(_printf_llo.o)
    0x0800029c   0x0800029c   0x00000006   Code   RO          222    .ARM.Collect$$_printf_percent$$00000011  c_w.l(_printf_llx.o)
    0x080002a2   0x080002a2   0x0000000a   Code   RO          218    .ARM.Collect$$_printf_percent$$00000012  c_w.l(_printf_l.o)
    0x080002ac   0x080002ac   0x00000006   Code   RO          200    .ARM.Collect$$_printf_percent$$00000013  c_w.l(_printf_c.o)
    0x080002b2   0x080002b2   0x00000006   Code   RO          201    .ARM.Collect$$_printf_percent$$00000014  c_w.l(_printf_s.o)
    0x080002b8   0x080002b8   0x00000006   Code   RO          219    .ARM.Collect$$_printf_percent$$00000015  c_w.l(_printf_lc.o)
    0x080002be   0x080002be   0x00000006   Code   RO          220    .ARM.Collect$$_printf_percent$$00000016  c_w.l(_printf_ls.o)
    0x080002c4   0x080002c4   0x00000004   Code   RO          269    .ARM.Collect$$_printf_percent$$00000017  c_w.l(_printf_percent_end.o)
    0x080002c8   0x080002c8   0x00000002   Code   RO          413    .ARM.Collect$$libinit$$00000000  c_w.l(libinit.o)
    0x080002ca   0x080002ca   0x00000004   Code   RO          414    .ARM.Collect$$libinit$$00000001  c_w.l(libinit2.o)
    0x080002ce   0x080002ce   0x00000000   Code   RO          417    .ARM.Collect$$libinit$$00000004  c_w.l(libinit2.o)
    0x080002ce   0x080002ce   0x00000000   Code   RO          419    .ARM.Collect$$libinit$$00000006  c_w.l(libinit2.o)
    0x080002ce   0x080002ce   0x00000008   Code   RO          420    .ARM.Collect$$libinit$$00000007  c_w.l(libinit2.o)
    0x080002d6   0x080002d6   0x00000000   Code   RO          422    .ARM.Collect$$libinit$$0000000C  c_w.l(libinit2.o)
    0x080002d6   0x080002d6   0x00000000   Code   RO          424    .ARM.Collect$$libinit$$0000000E  c_w.l(libinit2.o)
    0x080002d6   0x080002d6   0x00000000   Code   RO          426    .ARM.Collect$$libinit$$00000010  c_w.l(libinit2.o)
    0x080002d6   0x080002d6   0x00000006   Code   RO          427    .ARM.Collect$$libinit$$00000011  c_w.l(libinit2.o)
    0x080002dc   0x080002dc   0x00000000   Code   RO          429    .ARM.Collect$$libinit$$00000013  c_w.l(libinit2.o)
    0x080002dc   0x080002dc   0x0000000c   Code   RO          430    .ARM.Collect$$libinit$$00000014  c_w.l(libinit2.o)
    0x080002e8   0x080002e8   0x00000000   Code   RO          431    .ARM.Collect$$libinit$$00000015  c_w.l(libinit2.o)
    0x080002e8   0x080002e8   0x00000000   Code   RO          433    .ARM.Collect$$libinit$$00000017  c_w.l(libinit2.o)
    0x080002e8   0x080002e8   0x0000000a   Code   RO          434    .ARM.Collect$$libinit$$00000018  c_w.l(libinit2.o)
    0x080002f2   0x080002f2   0x00000000   Code   RO          435    .ARM.Collect$$libinit$$00000019  c_w.l(libinit2.o)
    0x080002f2   0x080002f2   0x00000000   Code   RO          437    .ARM.Collect$$libinit$$0000001B  c_w.l(libinit2.o)
    0x080002f2   0x080002f2   0x00000000   Code   RO          439    .ARM.Collect$$libinit$$0000001D  c_w.l(libinit2.o)
    0x080002f2   0x080002f2   0x00000000   Code   RO          441    .ARM.Collect$$libinit$$0000001F  c_w.l(libinit2.o)
    0x080002f2   0x080002f2   0x00000000   Code   RO          443    .ARM.Collect$$libinit$$00000021  c_w.l(libinit2.o)
    0x080002f2   0x080002f2   0x00000000   Code   RO          445    .ARM.Collect$$libinit$$00000023  c_w.l(libinit2.o)
    0x080002f2   0x080002f2   0x00000000   Code   RO          447    .ARM.Collect$$libinit$$00000025  c_w.l(libinit2.o)
    0x080002f2   0x080002f2   0x00000004   Code   RO          448    .ARM.Collect$$libinit$$00000026  c_w.l(libinit2.o)
    0x080002f6   0x080002f6   0x00000000   Code   RO          449    .ARM.Collect$$libinit$$00000027  c_w.l(libinit2.o)
    0x080002f6   0x080002f6   0x00000000   Code   RO          453    .ARM.Collect$$libinit$$0000002E  c_w.l(libinit2.o)
    0x080002f6   0x080002f6   0x00000000   Code   RO          455    .ARM.Collect$$libinit$$00000030  c_w.l(libinit2.o)
    0x080002f6   0x080002f6   0x00000000   Code   RO          457    .ARM.Collect$$libinit$$00000032  c_w.l(libinit2.o)
    0x080002f6   0x080002f6   0x00000000   Code   RO          459    .ARM.Collect$$libinit$$00000034  c_w.l(libinit2.o)
    0x080002f6   0x080002f6   0x00000002   Code   RO          460    .ARM.Collect$$libinit$$00000035  c_w.l(libinit2.o)
    0x080002f8   0x080002f8   0x00000002   Code   RO          621    .ARM.Collect$$libshutdown$$00000000  c_w.l(libshutdown.o)
    0x080002fa   0x080002fa   0x00000000   Code   RO          462    .ARM.Collect$$libshutdown$$00000002  c_w.l(libshutdown2.o)
    0x080002fa   0x080002fa   0x00000004   Code   RO          463    .ARM.Collect$$libshutdown$$00000003  c_w.l(libshutdown2.o)
    0x080002fe   0x080002fe   0x00000000   Code   RO          464    .ARM.Collect$$libshutdown$$00000004  c_w.l(libshutdown2.o)
    0x080002fe   0x080002fe   0x00000000   Code   RO          467    .ARM.Collect$$libshutdown$$00000007  c_w.l(libshutdown2.o)
    0x080002fe   0x080002fe   0x00000000   Code   RO          470    .ARM.Collect$$libshutdown$$0000000A  c_w.l(libshutdown2.o)
    0x080002fe   0x080002fe   0x00000000   Code   RO          472    .ARM.Collect$$libshutdown$$0000000C  c_w.l(libshutdown2.o)
    0x080002fe   0x080002fe   0x00000000   Code   RO          475    .ARM.Collect$$libshutdown$$0000000F  c_w.l(libshutdown2.o)
    0x080002fe   0x080002fe   0x00000002   Code   RO          476    .ARM.Collect$$libshutdown$$00000010  c_w.l(libshutdown2.o)
    0x08000300   0x08000300   0x00000000   Code   RO          133    .ARM.Collect$$rtentry$$00000000  c_w.l(__rtentry.o)
    0x08000300   0x08000300   0x00000000   Code   RO          238    .ARM.Collect$$rtentry$$00000002  c_w.l(__rtentry2.o)
    0x08000300   0x08000300   0x00000006   Code   RO          250    .ARM.Collect$$rtentry$$00000004  c_w.l(__rtentry4.o)
    0x08000306   0x08000306   0x00000000   Code   RO          240    .ARM.Collect$$rtentry$$00000009  c_w.l(__rtentry2.o)
    0x08000306   0x08000306   0x00000004   Code   RO          241    .ARM.Collect$$rtentry$$0000000A  c_w.l(__rtentry2.o)
    0x0800030a   0x0800030a   0x00000000   Code   RO          243    .ARM.Collect$$rtentry$$0000000C  c_w.l(__rtentry2.o)
    0x0800030a   0x0800030a   0x00000008   Code   RO          244    .ARM.Collect$$rtentry$$0000000D  c_w.l(__rtentry2.o)
    0x08000312   0x08000312   0x00000002   Code   RO          487    .ARM.Collect$$rtexit$$00000000  c_w.l(rtexit.o)
    0x08000314   0x08000314   0x00000000   Code   RO          548    .ARM.Collect$$rtexit$$00000002  c_w.l(rtexit2.o)
    0x08000314   0x08000314   0x00000004   Code   RO          549    .ARM.Collect$$rtexit$$00000003  c_w.l(rtexit2.o)
    0x08000318   0x08000318   0x00000006   Code   RO          550    .ARM.Collect$$rtexit$$00000004  c_w.l(rtexit2.o)
    0x0800031e   0x0800031e   0x00000002   PAD
    0x08000320   0x08000320   0x00000060   Code   RO            1    .text               hash.o
    0x08000380   0x08000380   0x00000026   Code   RO            7    .text               clearance.o
    0x080003a6   0x080003a6   0x00000002   PAD
    0x080003a8   0x080003a8   0x00000038   Code   RO           12    .text               lucas.o
    0x080003e0   0x080003e0   0x00000040   Code   RO          101  * .text               startup_stm32f411xe.o
    0x08000420   0x08000420   0x00000018   Code   RO          123    .text               c_w.l(printf.o)
    0x08000438   0x08000438   0x0000003e   Code   RO          125    .text               c_w.l(strlen.o)
    0x08000476   0x08000476   0x00000002   PAD
    0x08000478   0x08000478   0x0000007c   Code   RO          127    .text               c_w.l(strcmpv7em.o)
    0x080004f4   0x080004f4   0x00000006   Code   RO          129    .text               c_w.l(heapauxi.o)
    0x080004fa   0x080004fa   0x0000004e   Code   RO          136    .text               c_w.l(_printf_pad.o)
    0x08000548   0x08000548   0x00000024   Code   RO          138    .text               c_w.l(_printf_truncate.o)
    0x0800056c   0x0800056c   0x00000052   Code   RO          140    .text               c_w.l(_printf_str.o)
    0x080005be   0x080005be   0x00000002   PAD
    0x080005c0   0x080005c0   0x00000078   Code   RO          142    .text               c_w.l(_printf_dec.o)
    0x08000638   0x08000638   0x00000028   Code   RO          144    .text               c_w.l(_printf_charcount.o)
    0x08000660   0x08000660   0x00000024   Code   RO          146    .text               c_w.l(_printf_char_file.o)
    0x08000684   0x08000684   0x000000bc   Code   RO          148    .text               c_w.l(_printf_wctomb.o)
    0x08000740   0x08000740   0x0000007c   Code   RO          151    .text               c_w.l(_printf_longlong_dec.o)
    0x080007bc   0x080007bc   0x00000070   Code   RO          157    .text               c_w.l(_printf_oct_int_ll.o)
    0x0800082c   0x0800082c   0x00000094   Code   RO          177    .text               c_w.l(_printf_hex_int_ll_ptr.o)
    0x080008c0   0x080008c0   0x00000188   Code   RO          197    .text               c_w.l(__printf_flags_ss_wp.o)
    0x08000a48   0x08000a48   0x0000008a   Code   RO          252    .text               c_w.l(lludiv10.o)
    0x08000ad2   0x08000ad2   0x000000b2   Code   RO          254    .text               c_w.l(_printf_intcommon.o)
    0x08000b84   0x08000b84   0x0000041c   Code   RO          256    .text               c_w.l(_printf_fp_dec.o)
    0x08000fa0   0x08000fa0   0x000002fc   Code   RO          260    .text               c_w.l(_printf_fp_hex.o)
    0x0800129c   0x0800129c   0x00000030   Code   RO          263    .text               c_w.l(_printf_char_common.o)
    0x080012cc   0x080012cc   0x0000002c   Code   RO          265    .text               c_w.l(_printf_char.o)
    0x080012f8   0x080012f8   0x0000002c   Code   RO          267    .text               c_w.l(_printf_wchar.o)
    0x08001324   0x08001324   0x00000008   Code   RO          270    .text               c_w.l(ferror.o)
    0x0800132c   0x0800132c   0x00000138   Code   RO          276    .text               c_w.l(initio.o)
    0x08001464   0x08001464   0x00000048   Code   RO          284    .text               c_w.l(_c16rtomb.o)
    0x080014ac   0x080014ac   0x0000004a   Code   RO          288    .text               c_w.l(sys_stackheap_outer.o)
    0x080014f6   0x080014f6   0x00000002   PAD
    0x080014f8   0x080014f8   0x00000010   Code   RO          290    .text               c_w.l(rt_ctype_table.o)
    0x08001508   0x08001508   0x00000008   Code   RO          295    .text               c_w.l(rt_locale_intlibspace.o)
    0x08001510   0x08001510   0x0000004e   Code   RO          299    .text               c_w.l(h1_free.o)
    0x0800155e   0x0800155e   0x00000002   PAD
    0x08001560   0x08001560   0x00000080   Code   RO          353    .text               c_w.l(_printf_fp_infnan.o)
    0x080015e0   0x080015e0   0x000000e4   Code   RO          357    .text               c_w.l(bigflt0.o)
    0x080016c4   0x080016c4   0x000001e2   Code   RO          384    .text               c_w.l(flsbuf.o)
    0x080018a6   0x080018a6   0x00000046   Code   RO          386    .text               c_w.l(setvbuf.o)
    0x080018ec   0x080018ec   0x000000f0   Code   RO          389    .text               c_w.l(fopen.o)
    0x080019dc   0x080019dc   0x0000004c   Code   RO          391    .text               c_w.l(fclose.o)
    0x08001a28   0x08001a28   0x00000012   Code   RO          400    .text               c_w.l(exit.o)
    0x08001a3a   0x08001a3a   0x0000000e   Code   RO          402    .text               c_w.l(defsig_rtred_outer.o)
    0x08001a48   0x08001a48   0x0000004e   Code   RO          406    .text               c_w.l(rt_memclr_w.o)
    0x08001a96   0x08001a96   0x00000002   PAD
    0x08001a98   0x08001a98   0x00000008   Code   RO          484    .text               c_w.l(libspace.o)
    0x08001aa0   0x08001aa0   0x00000008   Code   RO          494    .text               c_w.l(rt_heap_descriptor_intlibspace.o)
    0x08001aa8   0x08001aa8   0x00000004   Code   RO          496    .text               c_w.l(hguard.o)
    0x08001aac   0x08001aac   0x0000008a   Code   RO          498    .text               c_w.l(init_alloc.o)
    0x08001b36   0x08001b36   0x0000005e   Code   RO          504    .text               c_w.l(h1_alloc.o)
    0x08001b94   0x08001b94   0x000000f8   Code   RO          520    .text               c_w.l(fseek.o)
    0x08001c8c   0x08001c8c   0x00000108   Code   RO          522    .text               c_w.l(stdio.o)
    0x08001d94   0x08001d94   0x0000000a   Code   RO          531    .text               c_w.l(defsig_exit.o)
    0x08001d9e   0x08001d9e   0x00000002   PAD
    0x08001da0   0x08001da0   0x00000034   Code   RO          533    .text               c_w.l(defsig_rtred_inner.o)
    0x08001dd4   0x08001dd4   0x0000000c   Code   RO          543    .text               c_w.l(sys_exit.o)
    0x08001de0   0x08001de0   0x00000000   Code   RO          554    .text               c_w.l(maybetermalloc1.o)
    0x08001de0   0x08001de0   0x0000000c   Code   RO          556    .text               c_w.l(h1_init.o)
    0x08001dec   0x08001dec   0x00000034   Code   RO          558    .text               c_w.l(h1_extend.o)
    0x08001e20   0x08001e20   0x00000042   Code   RO          570    .text               c_w.l(ftell.o)
    0x08001e62   0x08001e62   0x00000032   Code   RO          578    .text               c_w.l(defsig_general.o)
    0x08001e94   0x08001e94   0x0000000e   Code   RO          580    .text               c_w.l(defsig_rtmem_outer.o)
    0x08001ea2   0x08001ea2   0x0000000e   Code   RO          595    .text               c_w.l(sys_wrch.o)
    0x08001eb0   0x08001eb0   0x00000002   Code   RO          603    .text               c_w.l(use_no_semi.o)
    0x08001eb2   0x08001eb2   0x00000000   Code   RO          605    .text               c_w.l(indicate_semi.o)
    0x08001eb2   0x08001eb2   0x00000002   PAD
    0x08001eb4   0x08001eb4   0x00000008   Code   RO          609    .text               c_w.l(rt_errno_addr_intlibspace.o)
    0x08001ebc   0x08001ebc   0x00000050   Code   RO          615    .text               c_w.l(defsig_rtmem_inner.o)
    0x08001f0c   0x08001f0c   0x00000044   Code   RO           67    .text.ITM_SendChar  stderr_itm.o
    0x08001f50   0x08001f50   0x00000044   Code   RO           90    .text.ITM_SendChar  stdout_itm.o
    0x08001f94   0x08001f94   0x00000012   Code   RO          108    .text.SystemInit    system_stm32f4xx.o
    0x08001fa6   0x08001fa6   0x00000002   PAD
    0x08001fa8   0x08001fa8   0x0000004a   Code   RO           42    .text._sys_close    retarget_io.o
    0x08001ff2   0x08001ff2   0x00000002   PAD
    0x08001ff4   0x08001ff4   0x0000004a   Code   RO           52    .text._sys_flen     retarget_io.o
    0x0800203e   0x0800203e   0x00000002   PAD
    0x08002040   0x08002040   0x00000048   Code   RO           48    .text._sys_istty    retarget_io.o
    0x08002088   0x08002088   0x00000084   Code   RO           40    .text._sys_open     retarget_io.o
    0x0800210c   0x0800210c   0x00000052   Code   RO           50    .text._sys_seek     retarget_io.o
    0x0800215e   0x0800215e   0x00000002   PAD
    0x08002160   0x08002160   0x00000098   Code   RO           44    .text._sys_write    retarget_io.o
    0x080021f8   0x080021f8   0x00000042   Code   RO           28    .text.lucas_test    main.o
    0x0800223a   0x0800223a   0x00000002   PAD
    0x0800223c   0x0800223c   0x00000070   Code   RO           24    .text.main          main.o
    0x080022ac   0x080022ac   0x00000010   Code   RO           65    .text.stderr_putchar  stderr_itm.o
    0x080022bc   0x080022bc   0x00000010   Code   RO           88    .text.stdout_putchar  stdout_itm.o
    0x080022cc   0x080022cc   0x000001ee   Code   RO           26    .text.test_func     main.o
    0x080024ba   0x080024ba   0x0000003e   Code   RO          360    CL$$btod_d2e        c_w.l(btod.o)
    0x080024f8   0x080024f8   0x00000046   Code   RO          362    CL$$btod_d2e_denorm_low  c_w.l(btod.o)
    0x0800253e   0x0800253e   0x00000060   Code   RO          361    CL$$btod_d2e_norm_op1  c_w.l(btod.o)
    0x0800259e   0x0800259e   0x00000002   PAD
    0x080025a0   0x080025a0   0x00000338   Code   RO          370    CL$$btod_div_common  c_w.l(btod.o)
    0x080028d8   0x080028d8   0x000000dc   Code   RO          367    CL$$btod_e2e        c_w.l(btod.o)
    0x080029b4   0x080029b4   0x0000002a   Code   RO          364    CL$$btod_ediv       c_w.l(btod.o)
    0x080029de   0x080029de   0x0000002a   Code   RO          363    CL$$btod_emul       c_w.l(btod.o)
    0x08002a08   0x08002a08   0x00000244   Code   RO          369    CL$$btod_mult_common  c_w.l(btod.o)
    0x08002c4c   0x08002c4c   0x00000030   Code   RO          482    i.__ARM_fpclassify  m_wm.l(fpclassify.o)
    0x08002c7c   0x08002c7c   0x0000000e   Code   RO          190    i._is_digit         c_w.l(__printf_wp.o)
    0x08002c8a   0x08002c8a   0x0000001c   Code   RO          273    i.fputc             c_w.l(fputc.o)
    0x08002ca6   0x08002ca6   0x00000002   PAD
    0x08002ca8   0x08002ca8   0x0000002c   Code   RO          398    locale$$code        c_w.l(lc_numeric_c.o)
    0x08002cd4   0x08002cd4   0x0000002c   Code   RO          529    locale$$code        c_w.l(lc_ctype_c.o)
    0x08002d00   0x08002d00   0x0000001a   Code   RO          541    x$fpl$fpinit        fz_wm.l(fpinit.o)
    0x08002d1a   0x08002d1a   0x00000004   Code   RO          229    x$fpl$printf1       fz_wm.l(printf1.o)
    0x08002d1e   0x08002d1e   0x00000004   Code   RO          231    x$fpl$printf2       fz_wm.l(printf2.o)
    0x08002d22   0x08002d22   0x00000000   Code   RO          481    x$fpl$usenofp       fz_wm.l(usenofp.o)
    0x08002d22   0x08002d22   0x00000002   PAD
    0x08002d24   0x08002d24   0x00000008   Data   RO          149    .constdata          c_w.l(_printf_wctomb.o)
    0x08002d2c   0x08002d2c   0x00000028   Data   RO          178    .constdata          c_w.l(_printf_hex_int_ll_ptr.o)
    0x08002d54   0x08002d54   0x00000011   Data   RO          198    .constdata          c_w.l(__printf_flags_ss_wp.o)
    0x08002d65   0x08002d65   0x00000026   Data   RO          261    .constdata          c_w.l(_printf_fp_hex.o)
    0x08002d8b   0x08002d8b   0x00000001   PAD
    0x08002d8c   0x08002d8c   0x00000094   Data   RO          358    .constdata          c_w.l(bigflt0.o)
    0x08002e20   0x08002e20   0x00000028   Data   RO           31    .rodata..L__const.test_func.lookup_table  main.o
    0x08002e48   0x08002e48   0x00000008   Data   RO           56    .rodata.__stderr_name  retarget_io.o
    0x08002e50   0x08002e50   0x00000007   Data   RO           54    .rodata.__stdin_name  retarget_io.o
    0x08002e57   0x08002e57   0x00000008   Data   RO           55    .rodata.__stdout_name  retarget_io.o
    0x08002e5f   0x08002e5f   0x0000018f   Data   RO           30    .rodata.str1.1      main.o
    0x08002fee   0x08002fee   0x00000017   Data   RO           57    .rodata.str1.1      retarget_io.o
    0x08003005   0x08003005   0x00000003   PAD
    0x08003008   0x08003008   0x00000020   Data   RO          641    Region$$Table       anon$$obj.o
    0x08003028   0x08003028   0x0000001c   Data   RO          397    locale$$data        c_w.l(lc_numeric_c.o)
    0x08003044   0x08003044   0x00000110   Data   RO          528    locale$$data        c_w.l(lc_ctype_c.o)


    Execution Region ER_RW (Exec base: 0x20000000, Load base: 0x08003154, Size: 0x00000034, Max: 0xffffffff, ABSOLUTE)

    Exec Addr    Load Addr    Size         Type   Attr      Idx    E Section Name        Object

    0x20000000   0x08003154   0x00000028   Data   RW            2    .data               hash.o
    0x20000028   0x0800317c   0x00000004   Data   RW          226    .data               c_w.l(stdio_streams.o)
    0x2000002c   0x08003180   0x00000004   Data   RW          227    .data               c_w.l(stdio_streams.o)
    0x20000030   0x08003184   0x00000004   Data   RW          228    .data               c_w.l(stdio_streams.o)


    Execution Region ER_ZI (Exec base: 0x20000038, Load base: 0x08003188, Size: 0x00000760, Max: 0xffffffff, ABSOLUTE)

    Exec Addr    Load Addr    Size         Type   Attr      Idx    E Section Name        Object

    0x20000038        -       0x00000054   Zero   RW          223    .bss                c_w.l(stdio_streams.o)
    0x2000008c        -       0x00000054   Zero   RW          224    .bss                c_w.l(stdio_streams.o)
    0x200000e0        -       0x00000054   Zero   RW          225    .bss                c_w.l(stdio_streams.o)
    0x20000134        -       0x00000060   Zero   RW          485    .bss                c_w.l(libspace.o)
    0x20000194   0x08003188   0x00000004   PAD
    0x20000198        -       0x00000200   Zero   RW           99    HEAP                startup_stm32f411xe.o
    0x20000398        -       0x00000400   Zero   RW           98    STACK               startup_stm32f411xe.o


==============================================================================

Image component sizes


      Code (inc. data)   RO Data    RW Data    ZI Data      Debug   Object Name

        38          0          0          0          0        358   clearance.o
        96          4          0         40          0        417   hash.o
        56          0          0          0          0        342   lucas.o
       672          0        439          0          0       1897   main.o
       586          0         46          0          0       2606   retarget_io.o
        64         26        408          0       1536        896   startup_stm32f411xe.o
        84          0          0          0          0       1638   stderr_itm.o
        84          0          0          0          0       1638   stdout_itm.o
        18          0          0          0          0       2825   system_stm32f4xx.o

    ----------------------------------------------------------------------
      1710         30        928         40       1536      12617   Object Totals
         0          0         32          0          0          0   (incl. Generated)
        12          0          3          0          0          0   (incl. Padding)

    ----------------------------------------------------------------------

      Code (inc. data)   RO Data    RW Data    ZI Data      Debug   Library Member Name

         8          0          0          0          0         68   __main.o
       392          4         17          0          0         92   __printf_flags_ss_wp.o
        14          0          0          0          0         68   __printf_wp.o
         0          0          0          0          0          0   __rtentry.o
        12          0          0          0          0          0   __rtentry2.o
         6          0          0          0          0          0   __rtentry4.o
        94          8          0          0          0          0   __scatter.o
        26          0          0          0          0          0   __scatter_copy.o
        28          0          0          0          0          0   __scatter_zi.o
        72          0          0          0          0         96   _c16rtomb.o
         6          0          0          0          0          0   _printf_a.o
         6          0          0          0          0          0   _printf_c.o
        44          0          0          0          0        108   _printf_char.o
        48          6          0          0          0         96   _printf_char_common.o
        36          4          0          0          0         80   _printf_char_file.o
        40          0          0          0          0         68   _printf_charcount.o
         6          0          0          0          0          0   _printf_d.o
       120         16          0          0          0         92   _printf_dec.o
         6          0          0          0          0          0   _printf_e.o
         6          0          0          0          0          0   _printf_f.o
      1052          0          0          0          0        148   _printf_fp_dec.o
       764          8         38          0          0        100   _printf_fp_hex.o
       128         16          0          0          0         84   _printf_fp_infnan.o
         6          0          0          0          0          0   _printf_g.o
       148          4         40          0          0        160   _printf_hex_int_ll_ptr.o
         6          0          0          0          0          0   _printf_i.o
       178          0          0          0          0         88   _printf_intcommon.o
        10          0          0          0          0          0   _printf_l.o
         6          0          0          0          0          0   _printf_lc.o
        10          0          0          0          0          0   _printf_ll.o
         6          0          0          0          0          0   _printf_lld.o
         6          0          0          0          0          0   _printf_lli.o
         6          0          0          0          0          0   _printf_llo.o
         6          0          0          0          0          0   _printf_llu.o
         6          0          0          0          0          0   _printf_llx.o
       124         16          0          0          0         92   _printf_longlong_dec.o
         6          0          0          0          0          0   _printf_ls.o
         6          0          0          0          0          0   _printf_n.o
         6          0          0          0          0          0   _printf_o.o
       112          8          0          0          0        124   _printf_oct_int_ll.o
         6          0          0          0          0          0   _printf_p.o
        78          0          0          0          0        108   _printf_pad.o
         0          0          0          0          0          0   _printf_percent.o
         4          0          0          0          0          0   _printf_percent_end.o
         6          0          0          0          0          0   _printf_s.o
        82          0          0          0          0         80   _printf_str.o
        36          0          0          0          0         84   _printf_truncate.o
         6          0          0          0          0          0   _printf_u.o
        44          0          0          0          0        108   _printf_wchar.o
       188          6          8          0          0         92   _printf_wctomb.o
         6          0          0          0          0          0   _printf_x.o
       228          4        148          0          0         96   bigflt0.o
      1936        128          0          0          0        668   btod.o
        10          0          0          0          0         68   defsig_exit.o
        50          0          0          0          0         88   defsig_general.o
        80         58          0          0          0         76   defsig_rtmem_inner.o
        14          0          0          0          0         80   defsig_rtmem_outer.o
        52         38          0          0          0         76   defsig_rtred_inner.o
        14          0          0          0          0         80   defsig_rtred_outer.o
        18          0          0          0          0         80   exit.o
        76          0          0          0          0         88   fclose.o
         8          0          0          0          0         68   ferror.o
       482          0          0          0          0         92   flsbuf.o
       240          6          0          0          0        128   fopen.o
        28          0          0          0          0         68   fputc.o
       248          6          0          0          0         84   fseek.o
        66          0          0          0          0         76   ftell.o
        94          0          0          0          0         80   h1_alloc.o
        52          0          0          0          0         68   h1_extend.o
        78          0          0          0          0         80   h1_free.o
        12          0          0          0          0         84   h1_init.o
         6          0          0          0          0        152   heapauxi.o
         4          0          0          0          0        136   hguard.o
         0          0          0          0          0          0   indicate_semi.o
       138          0          0          0          0        168   init_alloc.o
       312         46          0          0          0        112   initio.o
        44         10        272          0          0         76   lc_ctype_c.o
        44         10         28          0          0         76   lc_numeric_c.o
         2          0          0          0          0          0   libinit.o
        46          0          0          0          0          0   libinit2.o
         2          0          0          0          0          0   libshutdown.o
         6          0          0          0          0          0   libshutdown2.o
         8          4          0          0         96         68   libspace.o
       138          0          0          0          0         80   lludiv10.o
         0          0          0          0          0          0   maybetermalloc1.o
        24          4          0          0          0         84   printf.o
        16          4          0          0          0         76   rt_ctype_table.o
         8          4          0          0          0         68   rt_errno_addr_intlibspace.o
         8          4          0          0          0         68   rt_heap_descriptor_intlibspace.o
         8          4          0          0          0         68   rt_locale_intlibspace.o
        78          0          0          0          0         80   rt_memclr_w.o
         2          0          0          0          0          0   rtexit.o
        10          0          0          0          0          0   rtexit2.o
        70          0          0          0          0         80   setvbuf.o
       264          6          0          0          0        160   stdio.o
         0          0          0         12        252          0   stdio_streams.o
       124          0          0          0          0         88   strcmpv7em.o
        62          0          0          0          0         76   strlen.o
        12          4          0          0          0         68   sys_exit.o
        74          0          0          0          0         80   sys_stackheap_outer.o
        14          0          0          0          0         76   sys_wrch.o
         2          0          0          0          0         68   use_no_semi.o
        26          0          0          0          0        116   fpinit.o
         4          0          0          0          0        116   printf1.o
         4          0          0          0          0        116   printf2.o
         0          0          0          0          0          0   usenofp.o
        48          0          0          0          0        124   fpclassify.o

    ----------------------------------------------------------------------
      9438        436        552         12        352       6744   Library Totals
        26          0          1          0          4          0   (incl. Padding)

    ----------------------------------------------------------------------

      Code (inc. data)   RO Data    RW Data    ZI Data      Debug   Library Name

      9330        436        551         12        348       6272   c_w.l
        34          0          0          0          0        348   fz_wm.l
        48          0          0          0          0        124   m_wm.l

    ----------------------------------------------------------------------
      9438        436        552         12        352       6744   Library Totals

    ----------------------------------------------------------------------

==============================================================================


      Code (inc. data)   RO Data    RW Data    ZI Data      Debug   

     11148        466       1480         52       1888      15665   Grand Totals
     11148        466       1480         52       1888      15665   ELF Image Totals
     11148        466       1480         52          0          0   ROM Totals

==============================================================================

    Total RO  Size (Code + RO Data)                12628 (  12.33kB)
    Total RW  Size (RW Data + ZI Data)              1940 (   1.89kB)
    Total ROM Size (Code + RO Data + RW Data)      12680 (  12.38kB)

==============================================================================

