Component: Arm Compiler for Embedded 6.24 Tool: armlink [5f371500]

==============================================================================

Section Cross References

    main.o(.text.update_pressure_history) refers to main.o(.bss.queue_tail) for queue_tail
    main.o(.text.update_pressure_history) refers to main.o(.bss.pressure_history) for pressure_history
    main.o(.text.update_pressure_history) refers to main.o(.bss.queue_count) for queue_count
    main.o(.text.update_pressure_history) refers to main.o(.bss.queue_head) for queue_head
    main.o(.ARM.exidx.text.update_pressure_history) refers to main.o(.text.update_pressure_history) for [Anonymous Symbol]
    main.o(.text.timer_isr) refers to main.o(.bss.cnt_50ms) for cnt_50ms
    main.o(.ARM.exidx.text.timer_isr) refers to main.o(.text.timer_isr) for [Anonymous Symbol]
    main.o(.text.outer_btn_isr) refers to main.o(.bss.outer_btn_flag) for outer_btn_flag
    main.o(.ARM.exidx.text.outer_btn_isr) refers to main.o(.text.outer_btn_isr) for [Anonymous Symbol]
    main.o(.text.board_btn_isr) refers to main.o(.bss.board_btn_flag) for board_btn_flag
    main.o(.ARM.exidx.text.board_btn_isr) refers to main.o(.text.board_btn_isr) for [Anonymous Symbol]
    main.o(.text.uart_rx_isr) refers to main.o(.bss.rx_queue) for rx_queue
    main.o(.text.uart_rx_isr) refers to queue.o(.text.queue_enqueue) for queue_enqueue
    main.o(.ARM.exidx.text.uart_rx_isr) refers to main.o(.text.uart_rx_isr) for [Anonymous Symbol]
    main.o(.text.calc_h) refers to main.o(.data.P_0) for P_0
    main.o(.text.calc_h) refers to f2d.o(x$fpl$f2d) for __aeabi_f2d
    main.o(.text.calc_h) refers to pow.o(i.__hardfp_pow) for __hardfp_pow
    main.o(.text.calc_h) refers to daddsub_clz.o(x$fpl$dsub) for __aeabi_dsub
    main.o(.text.calc_h) refers to dmul.o(x$fpl$dmul) for __aeabi_dmul
    main.o(.text.calc_h) refers to d2f.o(x$fpl$d2f) for __aeabi_d2f
    main.o(.text.calc_h) refers to main.o(.bss.altitude) for altitude
    main.o(.ARM.exidx.text.calc_h) refers to main.o(.text.calc_h) for [Anonymous Symbol]
    main.o(.text.check_alarm_conditions) refers to main.o(.bss.queue_count) for queue_count
    main.o(.text.check_alarm_conditions) refers to main.o(.bss.queue_tail) for queue_tail
    main.o(.text.check_alarm_conditions) refers to main.o(.bss.cnt_50ms) for cnt_50ms
    main.o(.text.check_alarm_conditions) refers to main.o(.bss.pressure_history) for pressure_history
    main.o(.text.check_alarm_conditions) refers to main.o(.bss.pressure) for pressure
    main.o(.text.check_alarm_conditions) refers to main.o(.bss.temperature) for temperature
    main.o(.text.check_alarm_conditions) refers to main.o(.data.P_0) for P_0
    main.o(.text.check_alarm_conditions) refers to main.o(.bss.alarm_flag) for alarm_flag
    main.o(.text.check_alarm_conditions) refers to gpio.o(.text.gpio_set) for gpio_set
    main.o(.text.check_alarm_conditions) refers to main.o(.rodata.str1.1) for .L.str
    main.o(.text.check_alarm_conditions) refers to uart.o(.text.uart_print) for uart_print
    main.o(.ARM.exidx.text.check_alarm_conditions) refers to main.o(.text.check_alarm_conditions) for [Anonymous Symbol]
    main.o(.text.main) refers to gpio.o(.text.gpio_set_mode) for gpio_set_mode
    main.o(.text.main) refers to gpio.o(.text.gpio_set_trigger) for gpio_set_trigger
    main.o(.text.main) refers to main.o(.text.outer_btn_isr) for outer_btn_isr
    main.o(.text.main) refers to gpio.o(.text.gpio_set_callback) for gpio_set_callback
    main.o(.text.main) refers to main.o(.text.board_btn_isr) for board_btn_isr
    main.o(.text.main) refers to timer.o(.text.timer_init) for timer_init
    main.o(.text.main) refers to main.o(.text.timer_isr) for timer_isr
    main.o(.text.main) refers to timer.o(.text.timer_set_callback) for timer_set_callback
    main.o(.text.main) refers to timer.o(.text.timer_enable) for timer_enable
    main.o(.text.main) refers to main.o(.bss.rx_queue) for rx_queue
    main.o(.text.main) refers to queue.o(.text.queue_init) for queue_init
    main.o(.text.main) refers to uart.o(.text.uart_init) for uart_init
    main.o(.text.main) refers to main.o(.text.uart_rx_isr) for uart_rx_isr
    main.o(.text.main) refers to uart.o(.text.uart_set_rx_callback) for uart_set_rx_callback
    main.o(.text.main) refers to uart.o(.text.uart_enable) for uart_enable
    main.o(.text.main) refers to main.o(.text.__NVIC_SetPriority) for __NVIC_SetPriority
    main.o(.text.main) refers to bmp280.o(.text.BMP280_Init) for BMP280_Init
    main.o(.text.main) refers to main.o(.bss.cnt_50ms) for cnt_50ms
    main.o(.text.main) refers to main.o(.rodata.str1.1) for .L.str.1
    main.o(.text.main) refers to uart.o(.text.uart_print) for uart_print
    main.o(.text.main) refers to main.o(.bss.filter_debug) for filter_debug
    main.o(.text.main) refers to bmp280.o(.text.BMP280_ReadRegs) for BMP280_ReadRegs
    main.o(.text.main) refers to bmp280.o(.text.BMP280_sb_t_set) for BMP280_sb_t_set
[...]
    locale$$data                             0x08006788   Section      272  lc_ctype_c.o(locale$$data)
    __lcctype_c_name                         0x0800678c   Data           2  lc_ctype_c.o(locale$$data)
    __lcctype_c_start                        0x08006794   Data           0  lc_ctype_c.o(locale$$data)
    __lcctype_c_end                          0x08006898   Data           0  lc_ctype_c.o(locale$$data)
    current_filter                           0x20000008   Data           1  bmp280.o(.data.current_filter)
    [Anonymous Symbol]                       0x20000008   Section        0  bmp280.o(.data.current_filter)
    filter_on                                0x2000000a   Data           1  bmp280.o(.data.filter_on)
    [Anonymous Symbol]                       0x2000000a   Section        0  bmp280.o(.data.filter_on)
    .bss                                     0x20000010   Section       96  libspace.o(.bss)
    GPIO_callbacks                           0x20000070   Data          64  gpio.o(.bss.GPIO_callbacks)
    [Anonymous Symbol]                       0x20000070   Section        0  gpio.o(.bss.GPIO_callbacks)
    UART_callback                            0x200000b0   Data           4  uart.o(.bss.UART_callback)
    [Anonymous Symbol]                       0x200000b0   Section        0  uart.o(.bss.UART_callback)
    calib                                    0x200000be   Data          24  bmp280.o(.bss.calib)
    [Anonymous Symbol]                       0x200000be   Section        0  bmp280.o(.bss.calib)
    shadow_ctrl_meas                         0x20000150   Data           1  bmp280.o(.bss.shadow_ctrl_meas)
    [Anonymous Symbol]                       0x20000150   Section        0  bmp280.o(.bss.shadow_ctrl_meas)
    t_fine                                   0x20000154   Data           4  bmp280.o(.bss.t_fine)
    [Anonymous Symbol]                       0x20000154   Section        0  bmp280.o(.bss.t_fine)
    timer_callback                           0x2000015c   Data           4  timer.o(.bss.timer_callback)
    [Anonymous Symbol]                       0x2000015c   Section        0  timer.o(.bss.timer_callback)
    Heap_Mem                                 0x20000160   Data         512  startup_stm32f411xe.o(HEAP)
    HEAP                                     0x20000160   Section      512  startup_stm32f411xe.o(HEAP)
    Stack_Mem                                0x20000360   Data        1024  startup_stm32f411xe.o(STACK)
    STACK                                    0x20000360   Section     1024  startup_stm32f411xe.o(STACK)
    __initial_sp                             0x20000760   Data           0  startup_stm32f411xe.o(STACK)

    Global Symbols

    Symbol Name                              Value     Ov Type        Size  Object(Section)

    BuildAttributes$$THM_ISAv4$E$P$D$K$B$S$7EM$VFPi3$EXTD16$VFPS$VFMA$PE$A:L22UL41UL21$X:L11$S22US41US21$IEEE1$IW$~IW$USESV6$~STKCKD$USESV7$~SHL$OTIME$ROPI$IEEEX$EBA8$UX$STANDARDLIB$REQ8$EABIv2 0x00000000   Number         0  anon$$obj.o ABSOLUTE
    _printf_flags                            0x00000000   Number         0  printf_stubs.o ABSOLUTE
    _printf_return_value                     0x00000000   Number         0  printf_stubs.o ABSOLUTE
    _printf_sizespec                         0x00000000   Number         0  printf_stubs.o ABSOLUTE
    _printf_widthprec                        0x00000000   Number         0  printf_stubs.o ABSOLUTE
    SHT$$ARM_EXIDX$$Base                      - Undefined Reference
    SHT$$ARM_EXIDX$$Limit                     - Undefined Reference
    __ARM_exceptions_init                     - Undefined Weak Reference
    __alloca_initialize                       - Undefined Weak Reference
    __arm_find_exidx_section                  - Undefined Weak Reference
    __arm_preinit_                            - Undefined Weak Reference
    __arm_relocate_pie_                       - Undefined Weak Reference
    __cpp_initialize__aeabi_                  - Undefined Weak Reference
    __cxa_finalize                            - Undefined Weak Reference
    __sigvec_lookup                           - Undefined Weak Reference
    __user_heap_extent                        - Undefined Weak Reference
    _atexit_init                              - Undefined Weak Reference
    _call_atexit_fns                          - Undefined Weak Reference
    _clock_init                               - Undefined Weak Reference
    _fp_trap_init                             - Undefined Weak Reference
    _fp_trap_shutdown                         - Undefined Weak Reference
    _get_lc_collate                           - Undefined Weak Reference
    _get_lc_monetary                          - Undefined Weak Reference
    _get_lc_time                              - Undefined Weak Reference
    _getenv_init                              - Undefined Weak Reference
    _handle_redirection                       - Undefined Weak Reference
    _initio                                   - Undefined Weak Reference
    _mutex_acquire                            - Undefined Weak Reference
    _mutex_free                               - Undefined Weak Reference
    _mutex_release                            - Undefined Weak Reference
    _printf_mbtowc                            - Undefined Weak Reference
    _printf_wc                                - Undefined Weak Reference
    _rand_init                                - Undefined Weak Reference
    _signal_finish                            - Undefined Weak Reference
    _signal_init                              - Undefined Weak Reference
    _terminateio                              - Undefined Weak Reference
    __Vectors_Size                           0x00000198   Number         0  startup_stm32f411xe.o ABSOLUTE
    __Vectors                                0x08000000   Data           4  startup_stm32f411xe.o(RESET)
    __Vectors_End                            0x08000198   Data           0  startup_stm32f411xe.o(RESET)
    __main                                   0x08000199   Thumb Code     8  __main.o(!!!main)
    __scatterload                            0x080001a1   Thumb Code     0  __scatter.o(!!!scatter)
    __scatterload_rt2                        0x080001a1   Thumb Code    84  __scatter.o(!!!scatter)
    __scatterload_rt2_thumb_only             0x080001a1   Thumb Code     0  __scatter.o(!!!scatter)
    __scatterload_loop                       0x080001ab   Thumb Code     0  __scatter.o(!!!scatter)
    __scatterload_copy                       0x080001fd   Thumb Code    26  __scatter_copy.o(!!handler_copy)
    __scatterload_null                       0x08000219   Thumb Code     2  __scatter.o(!!handler_null)
    __scatterload_zeroinit                   0x0800021d   Thumb Code    28  __scatter_zi.o(!!handler_zi)
    _printf_n                                0x08000239   Thumb Code     0  _printf_n.o(.ARM.Collect$$_printf_percent$$00000001)
    _printf_percent                          0x08000239   Thumb Code     0  _printf_percent.o(.ARM.Collect$$_printf_percent$$00000000)
    _printf_p                                0x0800023f   Thumb Code     0  _printf_p.o(.ARM.Collect$$_printf_percent$$00000002)
    _printf_f                                0x08000245   Thumb Code     0  _printf_f.o(.ARM.Collect$$_printf_percent$$00000003)
    _printf_e                                0x0800024b   Thumb Code     0  _printf_e.o(.ARM.Collect$$_printf_percent$$00000004)
    _printf_g                                0x08000251   Thumb Code     0  _printf_g.o(.ARM.Collect$$_printf_percent$$00000005)
    _printf_a                                0x08000257   Thumb Code     0  _printf_a.o(.ARM.Collect$$_printf_percent$$00000006)
    _printf_ll                               0x0800025d   Thumb Code     0  _printf_ll.o(.ARM.Collect$$_printf_percent$$00000007)
    _printf_i                                0x08000267   Thumb Code     0  _printf_i.o(.ARM.Collect$$_printf_percent$$00000008)
    _printf_d                                0x0800026d   Thumb Code     0  _printf_d.o(.ARM.Collect$$_printf_percent$$00000009)
    _printf_u                                0x08000273   Thumb Code     0  _printf_u.o(.ARM.Collect$$_printf_percent$$0000000A)
    _printf_o                                0x08000279   Thumb Code     0  _printf_o.o(.ARM.Collect$$_printf_percent$$0000000B)
    _printf_x                                0x0800027f   Thumb Code     0  _printf_x.o(.ARM.Collect$$_printf_percent$$0000000C)
    _printf_lli                              0x08000285   Thumb Code     0  _printf_lli.o(.ARM.Collect$$_printf_percent$$0000000D)
    _printf_lld                              0x0800028b   Thumb Code     0  _printf_lld.o(.ARM.Collect$$_printf_percent$$0000000E)
    _printf_llu                              0x08000291   Thumb Code     0  _printf_llu.o(.ARM.Collect$$_printf_percent$$0000000F)
    _printf_llo                              0x08000297   Thumb Code     0  _printf_llo.o(.ARM.Collect$$_printf_percent$$00000010)
    _printf_llx                              0x0800029d   Thumb Code     0  _printf_llx.o(.ARM.Collect$$_printf_percent$$00000011)
    _printf_l                                0x080002a3   Thumb Code     0  _printf_l.o(.ARM.Collect$$_printf_percent$$00000012)
    _printf_c                                0x080002ad   Thumb Code     0  _printf_c.o(.ARM.Collect$$_printf_percent$$00000013)
    _printf_s                                0x080002b3   Thumb Code     0  _printf_s.o(.ARM.Collect$$_printf_percent$$00000014)
    _printf_lc                               0x080002b9   Thumb Code     0  _printf_lc.o(.ARM.Collect$$_printf_percent$$00000015)
    _printf_ls                               0x080002bf   Thumb Code     0  _printf_ls.o(.ARM.Collect$$_printf_percent$$00000016)
    _printf_percent_end                      0x080002c5   Thumb Code     0  _printf_percent_end.o(.ARM.Collect$$_printf_percent$$00000017)
    __rt_lib_init                            0x080002c9   Thumb Code     0  libinit.o(.ARM.Collect$$libinit$$00000000)
    __rt_lib_init_fp_1                       0x080002cb   Thumb Code     0  libinit2.o(.ARM.Collect$$libinit$$00000001)
    __rt_lib_init_heap_2                     0x080002cf   Thumb Code     0  libinit2.o(.ARM.Collect$$libinit$$00000007)
    __rt_lib_init_preinit_1                  0x080002cf   Thumb Code     0  libinit2.o(.ARM.Collect$$libinit$$00000006)
    __rt_lib_init_relocate_pie_1             0x080002cf   Thumb Code     0  libinit2.o(.ARM.Collect$$libinit$$00000004)
    __rt_lib_init_heap_1                     0x080002d7   Thumb Code     0  libinit2.o(.ARM.Collect$$libinit$$0000000C)
    __rt_lib_init_lc_common                  0x080002d7   Thumb Code     0  libinit2.o(.ARM.Collect$$libinit$$00000011)
    __rt_lib_init_rand_1                     0x080002d7   Thumb Code     0  libinit2.o(.ARM.Collect$$libinit$$00000010)
    __rt_lib_init_user_alloc_1               0x080002d7   Thumb Code     0  libinit2.o(.ARM.Collect$$libinit$$0000000E)
    __rt_lib_init_lc_collate_1               0x080002dd   Thumb Code     0  libinit2.o(.ARM.Collect$$libinit$$00000013)
    __rt_lib_init_lc_ctype_2                 0x080002dd   Thumb Code     0  libinit2.o(.ARM.Collect$$libinit$$00000014)
    __rt_lib_init_lc_ctype_1                 0x080002e9   Thumb Code     0  libinit2.o(.ARM.Collect$$libinit$$00000015)
    __rt_lib_init_lc_monetary_1              0x080002e9   Thumb Code     0  libinit2.o(.ARM.Collect$$libinit$$00000017)
    __rt_lib_init_lc_numeric_2               0x080002e9   Thumb Code     0  libinit2.o(.ARM.Collect$$libinit$$00000018)
    __rt_lib_init_alloca_1                   0x080002f3   Thumb Code     0  libinit2.o(.ARM.Collect$$libinit$$00000030)
    __rt_lib_init_argv_1                     0x080002f3   Thumb Code     0  libinit2.o(.ARM.Collect$$libinit$$0000002E)
    __rt_lib_init_atexit_1                   0x080002f3   Thumb Code     0  libinit2.o(.ARM.Collect$$libinit$$0000001D)
    __rt_lib_init_clock_1                    0x080002f3   Thumb Code     0  libinit2.o(.ARM.Collect$$libinit$$00000023)
    __rt_lib_init_cpp_1                      0x080002f3   Thumb Code     0  libinit2.o(.ARM.Collect$$libinit$$00000034)
    __rt_lib_init_exceptions_1               0x080002f3   Thumb Code     0  libinit2.o(.ARM.Collect$$libinit$$00000032)
    __rt_lib_init_fp_trap_1                  0x080002f3   Thumb Code     0  libinit2.o(.ARM.Collect$$libinit$$00000021)
    __rt_lib_init_getenv_1                   0x080002f3   Thumb Code     0  libinit2.o(.ARM.Collect$$libinit$$00000025)
    __rt_lib_init_lc_numeric_1               0x080002f3   Thumb Code     0  libinit2.o(.ARM.Collect$$libinit$$00000019)
    __rt_lib_init_lc_time_1                  0x080002f3   Thumb Code     0  libinit2.o(.ARM.Collect$$libinit$$0000001B)
    __rt_lib_init_return                     0x080002f3   Thumb Code     0  libinit2.o(.ARM.Collect$$libinit$$00000035)
    __rt_lib_init_signal_1                   0x080002f3   Thumb Code     0  libinit2.o(.ARM.Collect$$libinit$$0000001F)
    __rt_lib_init_stdio_1                    0x080002f3   Thumb Code     0  libinit2.o(.ARM.Collect$$libinit$$00000027)
    __rt_lib_shutdown                        0x080002f5   Thumb Code     0  libshutdown.o(.ARM.Collect$$libshutdown$$00000000)
    __rt_lib_shutdown_cpp_1                  0x080002f7   Thumb Code     0  libshutdown2.o(.ARM.Collect$$libshutdown$$00000002)
    __rt_lib_shutdown_fp_trap_1              0x080002f7   Thumb Code     0  libshutdown2.o(.ARM.Collect$$libshutdown$$00000007)
    __rt_lib_shutdown_heap_1                 0x080002f7   Thumb Code     0  libshutdown2.o(.ARM.Collect$$libshutdown$$0000000F)
    __rt_lib_shutdown_return                 0x080002f7   Thumb Code     0  libshutdown2.o(.ARM.Collect$$libshutdown$$00000010)
    __rt_lib_shutdown_signal_1               0x080002f7   Thumb Code     0  libshutdown2.o(.ARM.Collect$$libshutdown$$0000000A)
    __rt_lib_shutdown_stdio_1                0x080002f7   Thumb Code     0  libshutdown2.o(.ARM.Collect$$libshutdown$$00000004)
    __rt_lib_shutdown_user_alloc_1           0x080002f7   Thumb Code     0  libshutdown2.o(.ARM.Collect$$libshutdown$$0000000C)
    __rt_entry                               0x080002f9   Thumb Code     0  __rtentry.o(.ARM.Collect$$rtentry$$00000000)
    __rt_entry_presh_1                       0x080002f9   Thumb Code     0  __rtentry2.o(.ARM.Collect$$rtentry$$00000002)
    __rt_entry_sh                            0x080002f9   Thumb Code     0  __rtentry4.o(.ARM.Collect$$rtentry$$00000004)
    __rt_entry_li                            0x080002ff   Thumb Code     0  __rtentry2.o(.ARM.Collect$$rtentry$$0000000A)
    __rt_entry_postsh_1                      0x080002ff   Thumb Code     0  __rtentry2.o(.ARM.Collect$$rtentry$$00000009)
    __rt_entry_main                          0x08000303   Thumb Code     0  __rtentry2.o(.ARM.Collect$$rtentry$$0000000D)
    __rt_entry_postli_1                      0x08000303   Thumb Code     0  __rtentry2.o(.ARM.Collect$$rtentry$$0000000C)
    __rt_exit                                0x0800030b   Thumb Code     0  rtexit.o(.ARM.Collect$$rtexit$$00000000)
    __rt_exit_ls                             0x0800030d   Thumb Code     0  rtexit2.o(.ARM.Collect$$rtexit$$00000003)
    __rt_exit_prels_1                        0x0800030d   Thumb Code     0  rtexit2.o(.ARM.Collect$$rtexit$$00000002)
    __rt_exit_exit                           0x08000311   Thumb Code     0  rtexit2.o(.ARM.Collect$$rtexit$$00000004)
    delay_cycles                             0x08000319   Thumb Code     0  delay_as.o(.text)
    Reset_Handler                            0x08000325   Thumb Code     8  startup_stm32f411xe.o(.text)
    NMI_Handler                              0x0800032d   Thumb Code     2  startup_stm32f411xe.o(.text)
    HardFault_Handler                        0x0800032f   Thumb Code     2  startup_stm32f411xe.o(.text)
    MemManage_Handler                        0x08000331   Thumb Code     2  startup_stm32f411xe.o(.text)
    BusFault_Handler                         0x08000333   Thumb Code     2  startup_stm32f411xe.o(.text)
    UsageFault_Handler                       0x08000335   Thumb Code     2  startup_stm32f411xe.o(.text)
    SVC_Handler                              0x08000337   Thumb Code     2  startup_stm32f411xe.o(.text)
    DebugMon_Handler                         0x08000339   Thumb Code     2  startup_stm32f411xe.o(.text)
    PendSV_Handler                           0x0800033b   Thumb Code     2  startup_stm32f411xe.o(.text)
    ADC_IRQHandler                           0x0800033f   Thumb Code     0  startup_stm32f411xe.o(.text)
    DMA1_Stream0_IRQHandler                  0x0800033f   Thumb Code     0  startup_stm32f411xe.o(.text)
    DMA1_Stream1_IRQHandler                  0x0800033f   Thumb Code     0  startup_stm32f411xe.o(.text)
    DMA1_Stream2_IRQHandler                  0x0800033f   Thumb Code     0  startup_stm32f411xe.o(.text)
    DMA1_Stream3_IRQHandler                  0x0800033f   Thumb Code     0  startup_stm32f411xe.o(.text)
    DMA1_Stream4_IRQHandler                  0x0800033f   Thumb Code     0  startup_stm32f411xe.o(.text)
    DMA1_Stream5_IRQHandler                  0x0800033f   Thumb Code     0  startup_stm32f411xe.o(.text)
    DMA1_Stream6_IRQHandler                  0x0800033f   Thumb Code     0  startup_stm32f411xe.o(.text)
    DMA1_Stream7_IRQHandler                  0x0800033f   Thumb Code     0  startup_stm32f411xe.o(.text)
    DMA2_Stream0_IRQHandler                  0x0800033f   Thumb Code     0  startup_stm32f411xe.o(.text)
    DMA2_Stream1_IRQHandler                  0x0800033f   Thumb Code     0  startup_stm32f411xe.o(.text)
    DMA2_Stream2_IRQHandler                  0x0800033f   Thumb Code     0  startup_stm32f411xe.o(.text)
    DMA2_Stream3_IRQHandler                  0x0800033f   Thumb Code     0  startup_stm32f411xe.o(.text)
    DMA2_Stream4_IRQHandler                  0x0800033f   Thumb Code     0  startup_stm32f411xe.o(.text)
    DMA2_Stream5_IRQHandler                  0x0800033f   Thumb Code     0  startup_stm32f411xe.o(.text)
    DMA2_Stream6_IRQHandler                  0x0800033f   Thumb Code     0  startup_stm32f411xe.o(.text)
    DMA2_Stream7_IRQHandler                  0x0800033f   Thumb Code     0  startup_stm32f411xe.o(.text)
    FLASH_IRQHandler                         0x0800033f   Thumb Code     0  startup_stm32f411xe.o(.text)
    FPU_IRQHandler                           0x0800033f   Thumb Code     0  startup_stm32f411xe.o(.text)
    I2C1_ER_IRQHandler                       0x0800033f   Thumb Code     0  startup_stm32f411xe.o(.text)
    I2C1_EV_IRQHandler                       0x0800033f   Thumb Code     0  startup_stm32f411xe.o(.text)
    I2C2_ER_IRQHandler                       0x0800033f   Thumb Code     0  startup_stm32f411xe.o(.text)
    I2C2_EV_IRQHandler                       0x0800033f   Thumb Code     0  startup_stm32f411xe.o(.text)
    I2C3_ER_IRQHandler                       0x0800033f   Thumb Code     0  startup_stm32f411xe.o(.text)
    I2C3_EV_IRQHandler                       0x0800033f   Thumb Code     0  startup_stm32f411xe.o(.text)
    OTG_FS_IRQHandler                        0x0800033f   Thumb Code     0  startup_stm32f411xe.o(.text)
    OTG_FS_WKUP_IRQHandler                   0x0800033f   Thumb Code     0  startup_stm32f411xe.o(.text)
    PVD_IRQHandler                           0x0800033f   Thumb Code     0  startup_stm32f411xe.o(.text)
    RCC_IRQHandler                           0x0800033f   Thumb Code     0  startup_stm32f411xe.o(.text)
    RTC_Alarm_IRQHandler                     0x0800033f   Thumb Code     0  startup_stm32f411xe.o(.text)
    RTC_WKUP_IRQHandler                      0x0800033f   Thumb Code     0  startup_stm32f411xe.o(.text)
    SDIO_IRQHandler                          0x0800033f   Thumb Code     0  startup_stm32f411xe.o(.text)
    SPI1_IRQHandler                          0x0800033f   Thumb Code     0  startup_stm32f411xe.o(.text)
    SPI2_IRQHandler                          0x0800033f   Thumb Code     0  startup_stm32f411xe.o(.text)
    SPI3_IRQHandler                          0x0800033f   Thumb Code     0  startup_stm32f411xe.o(.text)
    SPI4_IRQHandler                          0x0800033f   Thumb Code     0  startup_stm32f411xe.o(.text)
    SPI5_IRQHandler                          0x0800033f   Thumb Code     0  startup_stm32f411xe.o(.text)
    TAMP_STAMP_IRQHandler                    0x0800033f   Thumb Code     0  startup_stm32f411xe.o(.text)
    TIM1_BRK_TIM9_IRQHandler                 0x0800033f   Thumb Code     0  startup_stm32f411xe.o(.text)
    TIM1_CC_IRQHandler                       0x0800033f   Thumb Code     0  startup_stm32f411xe.o(.text)
    TIM1_TRG_COM_TIM11_IRQHandler            0x0800033f   Thumb Code     0  startup_stm32f411xe.o(.text)
    TIM1_UP_TIM10_IRQHandler                 0x0800033f   Thumb Code     0  startup_stm32f411xe.o(.text)
    TIM2_IRQHandler                          0x0800033f   Thumb Code     0  startup_stm32f411xe.o(.text)
    TIM3_IRQHandler                          0x0800033f   Thumb Code     0  startup_stm32f411xe.o(.text)
    TIM4_IRQHandler                          0x0800033f   Thumb Code     0  startup_stm32f411xe.o(.text)
    TIM5_IRQHandler                          0x0800033f   Thumb Code     0  startup_stm32f411xe.o(.text)
    USART1_IRQHandler                        0x0800033f   Thumb Code     0  startup_stm32f411xe.o(.text)
    USART6_IRQHandler                        0x0800033f   Thumb Code     0  startup_stm32f411xe.o(.text)
    WWDG_IRQHandler                          0x0800033f   Thumb Code     0  startup_stm32f411xe.o(.text)
    __user_initial_stackheap                 0x08000341   Thumb Code     0  startup_stm32f411xe.o(.text)
    malloc                                   0x08000365   Thumb Code    94  h1_alloc.o(.text)
    __aeabi_ldivmod                          0x080003c3   Thumb Code     0  llsdiv.o(.text)
    _ll_sdiv                                 0x080003c3   Thumb Code   116  llsdiv.o(.text)
    sprintf                                  0x08000439   Thumb Code    38  sprintf.o(.text)
    strcmp                                   0x08000469   Thumb Code   124  strcmpv7em.o(.text)
    __use_two_region_memory                  0x080004e5   Thumb Code     2  heapauxi.o(.text)
    __rt_heap_escrow                         0x080004e7   Thumb Code     2  heapauxi.o(.text)
    __rt_heap_expand                         0x080004e9   Thumb Code     2  heapauxi.o(.text)
    __rt_heap_descriptor                     0x080004ed   Thumb Code     8  rt_heap_descriptor_intlibspace.o(.text)
    __use_no_heap                            0x080004f5   Thumb Code     2  hguard.o(.text)
    __heap$guard                             0x080004f7   Thumb Code     2  hguard.o(.text)
    _terminate_user_alloc                    0x080004f9   Thumb Code     2  init_alloc.o(.text)
    _init_user_alloc                         0x080004fb   Thumb Code     2  init_alloc.o(.text)
    __Heap_Full                              0x080004fd   Thumb Code    34  init_alloc.o(.text)
    __Heap_Broken                            0x0800051f   Thumb Code     6  init_alloc.o(.text)
    _init_alloc                              0x08000525   Thumb Code    94  init_alloc.o(.text)
    __Heap_Initialize                        0x08000583   Thumb Code     8  h1_init.o(.text)
    __Heap_DescSize                          0x0800058b   Thumb Code     4  h1_init.o(.text)
    free                                     0x0800058f   Thumb Code    78  h1_free.o(.text)
    __aeabi_uldivmod                         0x080005dd   Thumb Code     0  lludivv7m.o(.text)
    _ll_udiv                                 0x080005dd   Thumb Code   240  lludivv7m.o(.text)
    __read_errno                             0x080006cd   Thumb Code    10  _rserrno.o(.text)
    __set_errno                              0x080006d7   Thumb Code    12  _rserrno.o(.text)
    _printf_pre_padding                      0x080006e3   Thumb Code    44  _printf_pad.o(.text)
    _printf_post_padding                     0x0800070f   Thumb Code    34  _printf_pad.o(.text)
    _printf_truncate_signed                  0x08000731   Thumb Code    18  _printf_truncate.o(.text)
    _printf_truncate_unsigned                0x08000743   Thumb Code    18  _printf_truncate.o(.text)
    _printf_str                              0x08000755   Thumb Code    82  _printf_str.o(.text)
    _printf_int_dec                          0x080007a9   Thumb Code   104  _printf_dec.o(.text)
    _printf_charcount                        0x08000821   Thumb Code    40  _printf_charcount.o(.text)
    _printf_char_common                      0x08000853   Thumb Code    32  _printf_char_common.o(.text)
    _sputc                                   0x08000879   Thumb Code    10  _sputc.o(.text)
    _printf_wctomb                           0x08000885   Thumb Code   182  _printf_wctomb.o(.text)
    _printf_longlong_dec                     0x08000941   Thumb Code   108  _printf_longlong_dec.o(.text)
    _printf_longlong_oct                     0x080009bd   Thumb Code    68  _printf_oct_int_ll.o(.text)
    _printf_int_oct                          0x08000a01   Thumb Code    24  _printf_oct_int_ll.o(.text)
    _printf_ll_oct                           0x08000a19   Thumb Code    12  _printf_oct_int_ll.o(.text)
    _printf_longlong_hex                     0x08000a2d   Thumb Code    86  _printf_hex_int_ll_ptr.o(.text)
    _printf_int_hex                          0x08000a83   Thumb Code    28  _printf_hex_int_ll_ptr.o(.text)
    _printf_ll_hex                           0x08000a9f   Thumb Code    12  _printf_hex_int_ll_ptr.o(.text)
    _printf_hex_ptr                          0x08000aab   Thumb Code    18  _printf_hex_int_ll_ptr.o(.text)
    __printf                                 0x08000ac1   Thumb Code   388  __printf_flags_ss_wp.o(.text)
    _sys_exit                                0x08000c49   Thumb Code     8  sys_exit.o(.text)
    __user_libspace                          0x08000c55   Thumb Code     8  libspace.o(.text)
    __user_perproc_libspace                  0x08000c55   Thumb Code     0  libspace.o(.text)
    __user_perthread_libspace                0x08000c55   Thumb Code     0  libspace.o(.text)
    __aeabi_errno_addr                       0x08000c5d   Thumb Code     8  rt_errno_addr_intlibspace.o(.text)
    __errno$intlibspace                      0x08000c5d   Thumb Code     0  rt_errno_addr_intlibspace.o(.text)
    __rt_errno_addr$intlibspace              0x08000c5d   Thumb Code     0  rt_errno_addr_intlibspace.o(.text)
    __Heap_ProvideMemory                     0x08000c65   Thumb Code    52  h1_extend.o(.text)
    _maybe_terminate_alloc                   0x08000c65   Thumb Code     0  maybetermalloc1.o(.text)
    _ll_udiv10                               0x08000c99   Thumb Code   138  lludiv10.o(.text)
    _printf_int_common                       0x08000d23   Thumb Code   178  _printf_intcommon.o(.text)
    _printf_fp_dec_real                      0x08000f85   Thumb Code   620  _printf_fp_dec.o(.text)
    _printf_fp_hex_real                      0x080011f1   Thumb Code   756  _printf_fp_hex.o(.text)
    _printf_cs_common                        0x080014ed   Thumb Code    20  _printf_char.o(.text)
    _printf_char                             0x08001501   Thumb Code    16  _printf_char.o(.text)
    _printf_string                           0x08001511   Thumb Code     8  _printf_char.o(.text)
    _printf_lcs_common                       0x08001519   Thumb Code    20  _printf_wchar.o(.text)
    _printf_wchar                            0x0800152d   Thumb Code    16  _printf_wchar.o(.text)
    _printf_wstring                          0x0800153d   Thumb Code     8  _printf_wchar.o(.text)
    _c16rtomb                                0x08001545   Thumb Code    72  _c16rtomb.o(.text)
    _wcrtomb                                 0x08001545   Thumb Code     0  _c16rtomb.o(.text)
    __rt_SIGRTMEM                            0x0800158d   Thumb Code    14  defsig_rtmem_outer.o(.text)
    __I$use$semihosting                      0x0800159b   Thumb Code     0  use_no_semi.o(.text)
    __use_no_semihosting_swi                 0x0800159b   Thumb Code     2  use_no_semi.o(.text)
    __semihosting_library_function           0x0800159d   Thumb Code     0  indicate_semi.o(.text)
    __user_setup_stackheap                   0x0800159d   Thumb Code    74  sys_stackheap_outer.o(.text)
    __rt_ctype_table                         0x080015e9   Thumb Code    16  rt_ctype_table.o(.text)
    __rt_locale                              0x080015f9   Thumb Code     8  rt_locale_intlibspace.o(.text)
    _printf_fp_infnan                        0x08001601   Thumb Code   112  _printf_fp_infnan.o(.text)
    _btod_etento                             0x08001681   Thumb Code   224  bigflt0.o(.text)
    exit                                     0x08001765   Thumb Code    18  exit.o(.text)
    __sig_exit                               0x08001777   Thumb Code    10  defsig_exit.o(.text)
    __rt_SIGRTMEM_inner                      0x08001781   Thumb Code    22  defsig_rtmem_inner.o(.text)
    __default_signal_display                 0x080017d1   Thumb Code    50  defsig_general.o(.text)
    _ttywrch                                 0x08001803   Thumb Code    14  sys_wrch.o(.text)
    BMP280_Build_Config                      0x08001811   Thumb Code    44  bmp280.o(.text.BMP280_Build_Config)
    BMP280_Build_CtrlMeas                    0x0800183d   Thumb Code    40  bmp280.o(.text.BMP280_Build_CtrlMeas)
    BMP280_Init                              0x08001865   Thumb Code   262  bmp280.o(.text.BMP280_Init)
    BMP280_ReadRegs                          0x0800196d   Thumb Code    40  bmp280.o(.text.BMP280_ReadRegs)
    BMP280_Read_Temp_Press                   0x08001995   Thumb Code   136  bmp280.o(.text.BMP280_Read_Temp_Press)
    BMP280_WriteReg                          0x08001a25   Thumb Code    42  bmp280.o(.text.BMP280_WriteReg)
    BMP280_change_mode                       0x08001a51   Thumb Code    42  bmp280.o(.text.BMP280_change_mode)
    BMP280_filter_TOGGLE                     0x08001a7d   Thumb Code    54  bmp280.o(.text.BMP280_filter_TOGGLE)
    BMP280_filter_disable                    0x08001ab5   Thumb Code    62  bmp280.o(.text.BMP280_filter_disable)
    BMP280_filter_enable                     0x08001af5   Thumb Code    64  bmp280.o(.text.BMP280_filter_enable)
    BMP280_sb_t_set                          0x08001b35   Thumb Code    72  bmp280.o(.text.BMP280_sb_t_set)
    EXTI0_IRQHandler                         0x08001b7d   Thumb Code    68  gpio.o(.text.EXTI0_IRQHandler)
    EXTI15_10_IRQHandler                     0x08001bc1   Thumb Code   112  gpio.o(.text.EXTI15_10_IRQHandler)
    EXTI1_IRQHandler                         0x08001c31   Thumb Code    70  gpio.o(.text.EXTI1_IRQHandler)
    EXTI2_IRQHandler                         0x08001c79   Thumb Code    70  gpio.o(.text.EXTI2_IRQHandler)
    EXTI3_IRQHandler                         0x08001cc1   Thumb Code    70  gpio.o(.text.EXTI3_IRQHandler)
    EXTI4_IRQHandler                         0x08001d09   Thumb Code    70  gpio.o(.text.EXTI4_IRQHandler)
    EXTI9_5_IRQHandler                       0x08001d51   Thumb Code   112  gpio.o(.text.EXTI9_5_IRQHandler)
    GPIO_Init                                0x08001dc1   Thumb Code   246  stm32f4xx_gpio.o(.text.GPIO_Init)
    GPIO_PinAFConfig                         0x08001eb9   Thumb Code   114  stm32f4xx_gpio.o(.text.GPIO_PinAFConfig)
    I2C_Cmd                                  0x08001f2d   Thumb Code    46  stm32f4xx_i2c.o(.text.I2C_Cmd)
    I2C_Init                                 0x08001f5d   Thumb Code   430  stm32f4xx_i2c.o(.text.I2C_Init)
    RCC_AHB1PeriphClockCmd                   0x080021e5   Thumb Code    56  stm32f4xx_rcc.o(.text.RCC_AHB1PeriphClockCmd)
    RCC_APB1PeriphClockCmd                   0x0800221d   Thumb Code    56  stm32f4xx_rcc.o(.text.RCC_APB1PeriphClockCmd)
    RCC_GetClocksFreq                        0x08002255   Thumb Code   354  stm32f4xx_rcc.o(.text.RCC_GetClocksFreq)
    SysTick_Handler                          0x0800240d   Thumb Code    16  timer.o(.text.SysTick_Handler)
    SystemInit                               0x0800241d   Thumb Code    18  system_stm32f4xx.o(.text.SystemInit)
    USART2_IRQHandler                        0x08002431   Thumb Code    54  uart.o(.text.USART2_IRQHandler)
    USART_Cmd                                0x08002469   Thumb Code    46  stm32f4xx_usart.o(.text.USART_Cmd)
    USART_GetFlagStatus                      0x08002499   Thumb Code    66  stm32f4xx_usart.o(.text.USART_GetFlagStatus)
    USART_Init                               0x080024dd   Thumb Code   362  stm32f4xx_usart.o(.text.USART_Init)
    USART_ReceiveData                        0x08002649   Thumb Code    16  stm32f4xx_usart.o(.text.USART_ReceiveData)
    USART_SendData                           0x08002659   Thumb Code    24  stm32f4xx_usart.o(.text.USART_SendData)
    board_btn_isr                            0x08002a75   Thumb Code    14  main.o(.text.board_btn_isr)
    calc_h                                   0x08002a89   Thumb Code   112  main.o(.text.calc_h)
    check_alarm_conditions                   0x08002b11   Thumb Code   324  main.o(.text.check_alarm_conditions)
    delay_ms                                 0x08002c59   Thumb Code   118  delay.o(.text.delay_ms)
    gpio_get                                 0x08002cd1   Thumb Code    42  gpio.o(.text.gpio_get)
    gpio_set                                 0x08002cfd   Thumb Code    54  gpio.o(.text.gpio_set)
    gpio_set_callback                        0x08002d35   Thumb Code   436  gpio.o(.text.gpio_set_callback)
    gpio_set_mode                            0x08002ee9   Thumb Code   284  gpio.o(.text.gpio_set_mode)
    gpio_set_trigger                         0x08003005   Thumb Code   198  gpio.o(.text.gpio_set_trigger)
    gpio_toggle                              0x080030cd   Thumb Code    32  gpio.o(.text.gpio_toggle)
    i2c_init                                 0x080030ed   Thumb Code   180  i2c.o(.text.i2c_init)
    i2c_read                                 0x080031a1   Thumb Code   468  i2c.o(.text.i2c_read)
    i2c_write                                0x08003375   Thumb Code   346  i2c.o(.text.i2c_write)
    main                                     0x080034d1   Thumb Code  1672  main.o(.text.main)
    outer_btn_isr                            0x08003b5d   Thumb Code    14  main.o(.text.outer_btn_isr)
    queue_dequeue                            0x08003b6d   Thumb Code    68  queue.o(.text.queue_dequeue)
    queue_enqueue                            0x08003bb1   Thumb Code    78  queue.o(.text.queue_enqueue)
    queue_init                               0x08003c01   Thumb Code    48  queue.o(.text.queue_init)
    queue_is_empty                           0x08003c31   Thumb Code    22  queue.o(.text.queue_is_empty)
    queue_is_full                            0x08003c49   Thumb Code    34  queue.o(.text.queue_is_full)
    timer_enable                             0x08003c6d   Thumb Code    14  timer.o(.text.timer_enable)
    timer_init                               0x08003c81   Thumb Code    96  timer.o(.text.timer_init)
    timer_isr                                0x08003ce9   Thumb Code    16  main.o(.text.timer_isr)
    timer_set_callback                       0x08003cf9   Thumb Code    20  timer.o(.text.timer_set_callback)
    uart_enable                              0x08003d0d   Thumb Code    18  uart.o(.text.uart_enable)
    uart_init                                0x08003d21   Thumb Code   138  uart.o(.text.uart_init)
    uart_print                               0x08003dad   Thumb Code    34  uart.o(.text.uart_print)
    uart_rx                                  0x08003dd1   Thumb Code    50  uart.o(.text.uart_rx)
    uart_rx_isr                              0x08003e05   Thumb Code    90  main.o(.text.uart_rx_isr)
    uart_set_rx_callback                     0x08003e61   Thumb Code    62  uart.o(.text.uart_set_rx_callback)
    uart_tx                                  0x08003ea1   Thumb Code    50  uart.o(.text.uart_tx)
    update_pressure_history                  0x08003ed5   Thumb Code   144  main.o(.text.update_pressure_history)
    _btod_d2e                                0x08003f65   Thumb Code    62  btod.o(CL$$btod_d2e)
    _d2e_denorm_low                          0x08003fa3   Thumb Code    70  btod.o(CL$$btod_d2e_denorm_low)
    _d2e_norm_op1                            0x08003fe9   Thumb Code    96  btod.o(CL$$btod_d2e_norm_op1)
    __btod_div_common                        0x08004049   Thumb Code   696  btod.o(CL$$btod_div_common)
    _e2e                                     0x08004381   Thumb Code   220  btod.o(CL$$btod_e2e)
    _btod_ediv                               0x0800445d   Thumb Code    42  btod.o(CL$$btod_ediv)
    _btod_emul                               0x08004487   Thumb Code    42  btod.o(CL$$btod_emul)
    __btod_mult_common                       0x080044b1   Thumb Code   580  btod.o(CL$$btod_mult_common)
    __ARM_fpclassify                         0x080046f5   Thumb Code    48  fpclassify.o(i.__ARM_fpclassify)
    __hardfp_pow                             0x08004729   Thumb Code  3088  pow.o(i.__hardfp_pow)
    __kernel_poly                            0x08005389   Thumb Code   248  poly.o(i.__kernel_poly)
    __mathlib_dbl_divzero                    0x08005481   Thumb Code    28  dunder.o(i.__mathlib_dbl_divzero)
    __mathlib_dbl_infnan2                    0x080054b1   Thumb Code    20  dunder.o(i.__mathlib_dbl_infnan2)
    __mathlib_dbl_invalid                    0x080054c9   Thumb Code    24  dunder.o(i.__mathlib_dbl_invalid)
    __mathlib_dbl_overflow                   0x080054e9   Thumb Code    24  dunder.o(i.__mathlib_dbl_overflow)
    __mathlib_dbl_underflow                  0x08005509   Thumb Code    24  dunder.o(i.__mathlib_dbl_underflow)
    _is_digit                                0x08005529   Thumb Code    14  __printf_wp.o(i._is_digit)
    fabs                                     0x08005537   Thumb Code    24  fabs.o(i.fabs)
    sqrt                                     0x0800554f   Thumb Code   110  sqrt.o(i.sqrt)
    _get_lc_numeric                          0x080055bd   Thumb Code    44  lc_numeric_c.o(locale$$code)
    _get_lc_ctype                            0x080055e9   Thumb Code    44  lc_ctype_c.o(locale$$code)
    __aeabi_dneg                             0x08005615   Thumb Code     0  basic.o(x$fpl$basic)
    _dneg                                    0x08005615   Thumb Code     6  basic.o(x$fpl$basic)
    __aeabi_fneg                             0x0800561b   Thumb Code     0  basic.o(x$fpl$basic)
    _fneg                                    0x0800561b   Thumb Code     6  basic.o(x$fpl$basic)
    _dabs                                    0x08005621   Thumb Code     6  basic.o(x$fpl$basic)
    _fabs                                    0x08005627   Thumb Code     6  basic.o(x$fpl$basic)
    __aeabi_d2f                              0x0800562d   Thumb Code     0  d2f.o(x$fpl$d2f)
    _d2f                                     0x0800562d   Thumb Code    98  d2f.o(x$fpl$d2f)
    __aeabi_dadd                             0x08005691   Thumb Code     0  daddsub_clz.o(x$fpl$dadd)
    _dadd                                    0x08005691   Thumb Code   332  daddsub_clz.o(x$fpl$dadd)
    __fpl_dcheck_NaN1                        0x080057e1   Thumb Code    10  dcheck1.o(x$fpl$dcheck1)
    __fpl_dcmp_Inf                           0x080057f1   Thumb Code    24  dcmpi.o(x$fpl$dcmpinf)
    __aeabi_ddiv                             0x08005809   Thumb Code     0  ddiv.o(x$fpl$ddiv)
    _ddiv                                    0x08005809   Thumb Code   560  ddiv.o(x$fpl$ddiv)
    __aeabi_d2uiz                            0x08005ac1   Thumb Code     0  dfixu.o(x$fpl$dfixu)
    _dfixu                                   0x08005ac1   Thumb Code    90  dfixu.o(x$fpl$dfixu)
    __aeabi_i2d                              0x08005b1b   Thumb Code     0  dflt_clz.o(x$fpl$dflt)
    _dflt                                    0x08005b1b   Thumb Code    46  dflt_clz.o(x$fpl$dflt)
    __aeabi_ui2d                             0x08005b49   Thumb Code     0  dflt_clz.o(x$fpl$dfltu)
    _dfltu                                   0x08005b49   Thumb Code    38  dflt_clz.o(x$fpl$dfltu)
    __aeabi_cdcmple                          0x08005b71   Thumb Code     0  dleqf.o(x$fpl$dleqf)
    _dcmple                                  0x08005b71   Thumb Code   120  dleqf.o(x$fpl$dleqf)
    __fpl_dcmple_InfNaN                      0x08005bd3   Thumb Code     0  dleqf.o(x$fpl$dleqf)
    __aeabi_dmul                             0x08005be9   Thumb Code     0  dmul.o(x$fpl$dmul)
    _dmul                                    0x08005be9   Thumb Code   332  dmul.o(x$fpl$dmul)
    __fpl_dnaninf                            0x08005d3d   Thumb Code   156  dnaninf.o(x$fpl$dnaninf)
    __fpl_dretinf                            0x08005dd9   Thumb Code    12  dretinf.o(x$fpl$dretinf)
    __aeabi_cdrcmple                         0x08005de5   Thumb Code     0  drleqf.o(x$fpl$drleqf)
    _drcmple                                 0x08005de5   Thumb Code   108  drleqf.o(x$fpl$drleqf)
    __aeabi_drsub                            0x08005e51   Thumb Code     0  daddsub_clz.o(x$fpl$drsb)
    _drsb                                    0x08005e51   Thumb Code    22  daddsub_clz.o(x$fpl$drsb)
    _dsqrt                                   0x08005e69   Thumb Code   404  dsqrt_umaal.o(x$fpl$dsqrt)
    __aeabi_dsub                             0x08006001   Thumb Code     0  daddsub_clz.o(x$fpl$dsub)
    _dsub                                    0x08006001   Thumb Code   472  daddsub_clz.o(x$fpl$dsub)
    __aeabi_f2d                              0x080061dd   Thumb Code     0  f2d.o(x$fpl$f2d)
    _f2d                                     0x080061dd   Thumb Code    86  f2d.o(x$fpl$f2d)
    __fpl_fnaninf                            0x08006233   Thumb Code   140  fnaninf.o(x$fpl$fnaninf)
    _fp_init                                 0x080062bf   Thumb Code    26  fpinit.o(x$fpl$fpinit)
    __fplib_config_fpu_vfp                   0x080062d7   Thumb Code     0  fpinit.o(x$fpl$fpinit)
    __fplib_config_pureend_doubles           0x080062d7   Thumb Code     0  fpinit.o(x$fpl$fpinit)
    __fpl_fretinf                            0x080062d9   Thumb Code    10  fretinf.o(x$fpl$fretinf)
    _printf_fp_dec                           0x080062e3   Thumb Code     4  printf1.o(x$fpl$printf1)
    _printf_fp_hex                           0x080062e7   Thumb Code     4  printf2.o(x$fpl$printf2)
    __fpl_return_NaN                         0x080062eb   Thumb Code   100  retnan.o(x$fpl$retnan)
    __ARM_scalbn                             0x0800634f   Thumb Code    92  scalbn.o(x$fpl$scalbn)
    __fpl_cmpreturn                          0x080063ab   Thumb Code    48  trapv.o(x$fpl$trapveneer)
    __I$use$fp                               0x080063da   Number         0  usenofp.o(x$fpl$usenofp)
    __mathlib_zero                           0x080064b0   Data           8  qnan.o(.constdata)
    Region$$Table$$Base                      0x0800674c   Number         0  anon$$obj.o(Region$$Table)
    Region$$Table$$Limit                     0x0800676c   Number         0  anon$$obj.o(Region$$Table)
    __ctype                                  0x08006795   Data           0  lc_ctype_c.o(locale$$data)
    P_0                                      0x20000000   Data           4  main.o(.data.P_0)
    SystemCoreClock                          0x20000004   Data           4  system_stm32f4xx.o(.data.SystemCoreClock)
    filter_off                               0x20000009   Data           1  main.o(.data.filter_off)
    __libspace_start                         0x20000010   Data          96  libspace.o(.bss)
    __temporary_stack_top$libspace           0x20000070   Data           0  libspace.o(.bss)
    alarm_flag                               0x200000b4   Data           1  main.o(.bss.alarm_flag)
    altitude                                 0x200000b8   Data           4  main.o(.bss.altitude)
    board_btn_flag                           0x200000bc   Data           1  main.o(.bss.board_btn_flag)
    cnt_50ms                                 0x200000d8   Data           4  main.o(.bss.cnt_50ms)
    filter_debug                             0x200000dc   Data           1  main.o(.bss.filter_debug)
    outer_btn_flag                           0x200000dd   Data           1  main.o(.bss.outer_btn_flag)
    pressure                                 0x200000e0   Data           4  main.o(.bss.pressure)
    pressure_history                         0x200000e4   Data          80  main.o(.bss.pressure_history)
    queue_count                              0x20000134   Data           4  main.o(.bss.queue_count)
    queue_head                               0x20000138   Data           4  main.o(.bss.queue_head)
    queue_tail                               0x2000013c   Data           4  main.o(.bss.queue_tail)
    rx_queue                                 0x20000140   Data          16  main.o(.bss.rx_queue)
    temperature                              0x20000158   Data           4  main.o(.bss.temperature)



==============================================================================

Memory Map of the image

  Image Entry point : 0x08000325

  Load Region LR_1 (Base: 0x08000000, Size: 0x000068a4, Max: 0xffffffff, ABSOLUTE)

    Execution Region ER_RO (Exec base: 0x08000000, Load base: 0x08000000, Size: 0x00006898, Max: 0xffffffff, ABSOLUTE)

    Exec Addr    Load Addr    Size         Type   Attr      Idx    E Section Name        Object

    0x08000000   0x08000000   0x00000198   Data   RO          742    RESET               startup_stm32f411xe.o
    0x08000198   0x08000198   0x00000008   Code   RO          829  * !!!main             c_w.l(__main.o)
    0x080001a0   0x080001a0   0x0000005c   Code   RO         1447    !!!scatter          c_w.l(__scatter.o)
    0x080001fc   0x080001fc   0x0000001a   Code   RO         1451    !!handler_copy      c_w.l(__scatter_copy.o)
    0x08000216   0x08000216   0x00000002   PAD
    0x08000218   0x08000218   0x00000002   Code   RO         1448    !!handler_null      c_w.l(__scatter.o)
    0x0800021a   0x0800021a   0x00000002   PAD
    0x0800021c   0x0800021c   0x0000001c   Code   RO         1453    !!handler_zi        c_w.l(__scatter_zi.o)
    0x08000238   0x08000238   0x00000000   Code   RO         1025    .ARM.Collect$$_printf_percent$$00000000  c_w.l(_printf_percent.o)
    0x08000238   0x08000238   0x00000006   Code   RO         1014    .ARM.Collect$$_printf_percent$$00000001  c_w.l(_printf_n.o)
    0x0800023e   0x0800023e   0x00000006   Code   RO         1016    .ARM.Collect$$_printf_percent$$00000002  c_w.l(_printf_p.o)
    0x08000244   0x08000244   0x00000006   Code   RO         1021    .ARM.Collect$$_printf_percent$$00000003  c_w.l(_printf_f.o)
    0x0800024a   0x0800024a   0x00000006   Code   RO         1022    .ARM.Collect$$_printf_percent$$00000004  c_w.l(_printf_e.o)
    0x08000250   0x08000250   0x00000006   Code   RO         1023    .ARM.Collect$$_printf_percent$$00000005  c_w.l(_printf_g.o)
    0x08000256   0x08000256   0x00000006   Code   RO         1024    .ARM.Collect$$_printf_percent$$00000006  c_w.l(_printf_a.o)
    0x0800025c   0x0800025c   0x0000000a   Code   RO         1029    .ARM.Collect$$_printf_percent$$00000007  c_w.l(_printf_ll.o)
    0x08000266   0x08000266   0x00000006   Code   RO         1018    .ARM.Collect$$_printf_percent$$00000008  c_w.l(_printf_i.o)
    0x0800026c   0x0800026c   0x00000006   Code   RO         1019    .ARM.Collect$$_printf_percent$$00000009  c_w.l(_printf_d.o)
    0x08000272   0x08000272   0x00000006   Code   RO         1020    .ARM.Collect$$_printf_percent$$0000000A  c_w.l(_printf_u.o)
    0x08000278   0x08000278   0x00000006   Code   RO         1017    .ARM.Collect$$_printf_percent$$0000000B  c_w.l(_printf_o.o)
    0x0800027e   0x0800027e   0x00000006   Code   RO         1015    .ARM.Collect$$_printf_percent$$0000000C  c_w.l(_printf_x.o)
    0x08000284   0x08000284   0x00000006   Code   RO         1026    .ARM.Collect$$_printf_percent$$0000000D  c_w.l(_printf_lli.o)
    0x0800028a   0x0800028a   0x00000006   Code   RO         1027    .ARM.Collect$$_printf_percent$$0000000E  c_w.l(_printf_lld.o)
    0x08000290   0x08000290   0x00000006   Code   RO         1028    .ARM.Collect$$_printf_percent$$0000000F  c_w.l(_printf_llu.o)
    0x08000296   0x08000296   0x00000006   Code   RO         1033    .ARM.Collect$$_printf_percent$$00000010  c_w.l(_printf_llo.o)
    0x0800029c   0x0800029c   0x00000006   Code   RO         1034    .ARM.Collect$$_printf_percent$$00000011  c_w.l(_printf_llx.o)
    0x080002a2   0x080002a2   0x0000000a   Code   RO         1030    .ARM.Collect$$_printf_percent$$00000012  c_w.l(_printf_l.o)
    0x080002ac   0x080002ac   0x00000006   Code   RO         1012    .ARM.Collect$$_printf_percent$$00000013  c_w.l(_printf_c.o)
    0x080002b2   0x080002b2   0x00000006   Code   RO         1013    .ARM.Collect$$_printf_percent$$00000014  c_w.l(_printf_s.o)
    0x080002b8   0x080002b8   0x00000006   Code   RO         1031    .ARM.Collect$$_printf_percent$$00000015  c_w.l(_printf_lc.o)
    0x080002be   0x080002be   0x00000006   Code   RO         1032    .ARM.Collect$$_printf_percent$$00000016  c_w.l(_printf_ls.o)
    0x080002c4   0x080002c4   0x00000004   Code   RO         1275    .ARM.Collect$$_printf_percent$$00000017  c_w.l(_printf_percent_end.o)
    0x080002c8   0x080002c8   0x00000002   Code   RO         1373    .ARM.Collect$$libinit$$00000000  c_w.l(libinit.o)
    0x080002ca   0x080002ca   0x00000004   Code   RO         1041    .ARM.Collect$$libinit$$00000001  c_w.l(libinit2.o)
    0x080002ce   0x080002ce   0x00000000   Code   RO         1044    .ARM.Collect$$libinit$$00000004  c_w.l(libinit2.o)
    0x080002ce   0x080002ce   0x00000000   Code   RO         1046    .ARM.Collect$$libinit$$00000006  c_w.l(libinit2.o)
    0x080002ce   0x080002ce   0x00000008   Code   RO         1047    .ARM.Collect$$libinit$$00000007  c_w.l(libinit2.o)
    0x080002d6   0x080002d6   0x00000000   Code   RO         1049    .ARM.Collect$$libinit$$0000000C  c_w.l(libinit2.o)
    0x080002d6   0x080002d6   0x00000000   Code   RO         1051    .ARM.Collect$$libinit$$0000000E  c_w.l(libinit2.o)
    0x080002d6   0x080002d6   0x00000000   Code   RO         1053    .ARM.Collect$$libinit$$00000010  c_w.l(libinit2.o)
    0x080002d6   0x080002d6   0x00000006   Code   RO         1054    .ARM.Collect$$libinit$$00000011  c_w.l(libinit2.o)
    0x080002dc   0x080002dc   0x00000000   Code   RO         1056    .ARM.Collect$$libinit$$00000013  c_w.l(libinit2.o)
    0x080002dc   0x080002dc   0x0000000c   Code   RO         1057    .ARM.Collect$$libinit$$00000014  c_w.l(libinit2.o)
    0x080002e8   0x080002e8   0x00000000   Code   RO         1058    .ARM.Collect$$libinit$$00000015  c_w.l(libinit2.o)
    0x080002e8   0x080002e8   0x00000000   Code   RO         1060    .ARM.Collect$$libinit$$00000017  c_w.l(libinit2.o)
    0x080002e8   0x080002e8   0x0000000a   Code   RO         1061    .ARM.Collect$$libinit$$00000018  c_w.l(libinit2.o)
    0x080002f2   0x080002f2   0x00000000   Code   RO         1062    .ARM.Collect$$libinit$$00000019  c_w.l(libinit2.o)
    0x080002f2   0x080002f2   0x00000000   Code   RO         1064    .ARM.Collect$$libinit$$0000001B  c_w.l(libinit2.o)
    0x080002f2   0x080002f2   0x00000000   Code   RO         1066    .ARM.Collect$$libinit$$0000001D  c_w.l(libinit2.o)
    0x080002f2   0x080002f2   0x00000000   Code   RO         1068    .ARM.Collect$$libinit$$0000001F  c_w.l(libinit2.o)
    0x080002f2   0x080002f2   0x00000000   Code   RO         1070    .ARM.Collect$$libinit$$00000021  c_w.l(libinit2.o)
    0x080002f2   0x080002f2   0x00000000   Code   RO         1072    .ARM.Collect$$libinit$$00000023  c_w.l(libinit2.o)
    0x080002f2   0x080002f2   0x00000000   Code   RO         1074    .ARM.Collect$$libinit$$00000025  c_w.l(libinit2.o)
    0x080002f2   0x080002f2   0x00000000   Code   RO         1076    .ARM.Collect$$libinit$$00000027  c_w.l(libinit2.o)
    0x080002f2   0x080002f2   0x00000000   Code   RO         1080    .ARM.Collect$$libinit$$0000002E  c_w.l(libinit2.o)
    0x080002f2   0x080002f2   0x00000000   Code   RO         1082    .ARM.Collect$$libinit$$00000030  c_w.l(libinit2.o)
    0x080002f2   0x080002f2   0x00000000   Code   RO         1084    .ARM.Collect$$libinit$$00000032  c_w.l(libinit2.o)
    0x080002f2   0x080002f2   0x00000000   Code   RO         1086    .ARM.Collect$$libinit$$00000034  c_w.l(libinit2.o)
    0x080002f2   0x080002f2   0x00000002   Code   RO         1087    .ARM.Collect$$libinit$$00000035  c_w.l(libinit2.o)
    0x080002f4   0x080002f4   0x00000002   Code   RO         1444    .ARM.Collect$$libshutdown$$00000000  c_w.l(libshutdown.o)
    0x080002f6   0x080002f6   0x00000000   Code   RO         1398    .ARM.Collect$$libshutdown$$00000002  c_w.l(libshutdown2.o)
    0x080002f6   0x080002f6   0x00000000   Code   RO         1400    .ARM.Collect$$libshutdown$$00000004  c_w.l(libshutdown2.o)
    0x080002f6   0x080002f6   0x00000000   Code   RO         1403    .ARM.Collect$$libshutdown$$00000007  c_w.l(libshutdown2.o)
    0x080002f6   0x080002f6   0x00000000   Code   RO         1406    .ARM.Collect$$libshutdown$$0000000A  c_w.l(libshutdown2.o)
    0x080002f6   0x080002f6   0x00000000   Code   RO         1408    .ARM.Collect$$libshutdown$$0000000C  c_w.l(libshutdown2.o)
    0x080002f6   0x080002f6   0x00000000   Code   RO         1411    .ARM.Collect$$libshutdown$$0000000F  c_w.l(libshutdown2.o)
    0x080002f6   0x080002f6   0x00000002   Code   RO         1412    .ARM.Collect$$libshutdown$$00000010  c_w.l(libshutdown2.o)
    0x080002f8   0x080002f8   0x00000000   Code   RO          906    .ARM.Collect$$rtentry$$00000000  c_w.l(__rtentry.o)
    0x080002f8   0x080002f8   0x00000000   Code   RO         1229    .ARM.Collect$$rtentry$$00000002  c_w.l(__rtentry2.o)
    0x080002f8   0x080002f8   0x00000006   Code   RO         1241    .ARM.Collect$$rtentry$$00000004  c_w.l(__rtentry4.o)
    0x080002fe   0x080002fe   0x00000000   Code   RO         1231    .ARM.Collect$$rtentry$$00000009  c_w.l(__rtentry2.o)
    0x080002fe   0x080002fe   0x00000004   Code   RO         1232    .ARM.Collect$$rtentry$$0000000A  c_w.l(__rtentry2.o)
    0x08000302   0x08000302   0x00000000   Code   RO         1234    .ARM.Collect$$rtentry$$0000000C  c_w.l(__rtentry2.o)
    0x08000302   0x08000302   0x00000008   Code   RO         1235    .ARM.Collect$$rtentry$$0000000D  c_w.l(__rtentry2.o)
    0x0800030a   0x0800030a   0x00000002   Code   RO         1380    .ARM.Collect$$rtexit$$00000000  c_w.l(rtexit.o)
    0x0800030c   0x0800030c   0x00000000   Code   RO         1420    .ARM.Collect$$rtexit$$00000002  c_w.l(rtexit2.o)
    0x0800030c   0x0800030c   0x00000004   Code   RO         1421    .ARM.Collect$$rtexit$$00000003  c_w.l(rtexit2.o)
    0x08000310   0x08000310   0x00000006   Code   RO         1422    .ARM.Collect$$rtexit$$00000004  c_w.l(rtexit2.o)
    0x08000316   0x08000316   0x00000002   PAD
    0x08000318   0x08000318   0x0000000c   Code   RO          126    .text               delay_as.o
    0x08000324   0x08000324   0x00000040   Code   RO          743  * .text               startup_stm32f411xe.o
    0x08000364   0x08000364   0x0000005e   Code   RO          767    .text               c_w.l(h1_alloc.o)
    0x080003c2   0x080003c2   0x00000074   Code   RO          821    .text               c_w.l(llsdiv.o)
    0x08000436   0x08000436   0x00000002   PAD
    0x08000438   0x08000438   0x0000002c   Code   RO          823    .text               c_w.l(sprintf.o)
    0x08000464   0x08000464   0x00000004   PAD
    0x08000468   0x08000468   0x0000007c   Code   RO          825    .text               c_w.l(strcmpv7em.o)
    0x080004e4   0x080004e4   0x00000006   Code   RO          827    .text               c_w.l(heapauxi.o)
    0x080004ea   0x080004ea   0x00000002   PAD
    0x080004ec   0x080004ec   0x00000008   Code   RO          914    .text               c_w.l(rt_heap_descriptor_intlibspace.o)
    0x080004f4   0x080004f4   0x00000004   Code   RO          916    .text               c_w.l(hguard.o)
    0x080004f8   0x080004f8   0x0000008a   Code   RO          918    .text               c_w.l(init_alloc.o)
    0x08000582   0x08000582   0x0000000c   Code   RO          924    .text               c_w.l(h1_init.o)
    0x0800058e   0x0800058e   0x0000004e   Code   RO          926    .text               c_w.l(h1_free.o)
    0x080005dc   0x080005dc   0x000000f0   Code   RO          940    .text               c_w.l(lludivv7m.o)
    0x080006cc   0x080006cc   0x00000016   Code   RO          942    .text               c_w.l(_rserrno.o)
    0x080006e2   0x080006e2   0x0000004e   Code   RO          946    .text               c_w.l(_printf_pad.o)
    0x08000730   0x08000730   0x00000024   Code   RO          948    .text               c_w.l(_printf_truncate.o)
    0x08000754   0x08000754   0x00000052   Code   RO          950    .text               c_w.l(_printf_str.o)
    0x080007a6   0x080007a6   0x00000002   PAD
    0x080007a8   0x080007a8   0x00000078   Code   RO          952    .text               c_w.l(_printf_dec.o)
    0x08000820   0x08000820   0x00000028   Code   RO          954    .text               c_w.l(_printf_charcount.o)
    0x08000848   0x08000848   0x00000030   Code   RO          956    .text               c_w.l(_printf_char_common.o)
    0x08000878   0x08000878   0x0000000a   Code   RO          958    .text               c_w.l(_sputc.o)
    0x08000882   0x08000882   0x00000002   PAD
    0x08000884   0x08000884   0x000000bc   Code   RO          960    .text               c_w.l(_printf_wctomb.o)
    0x08000940   0x08000940   0x0000007c   Code   RO          963    .text               c_w.l(_printf_longlong_dec.o)
    0x080009bc   0x080009bc   0x00000070   Code   RO          969    .text               c_w.l(_printf_oct_int_ll.o)
    0x08000a2c   0x08000a2c   0x00000094   Code   RO          989    .text               c_w.l(_printf_hex_int_ll_ptr.o)
    0x08000ac0   0x08000ac0   0x00000188   Code   RO         1009    .text               c_w.l(__printf_flags_ss_wp.o)
    0x08000c48   0x08000c48   0x0000000c   Code   RO         1219    .text               c_w.l(sys_exit.o)
    0x08000c54   0x08000c54   0x00000008   Code   RO         1225    .text               c_w.l(libspace.o)
    0x08000c5c   0x08000c5c   0x00000008   Code   RO         1248    .text               c_w.l(rt_errno_addr_intlibspace.o)
    0x08000c64   0x08000c64   0x00000000   Code   RO         1252    .text               c_w.l(maybetermalloc1.o)
    0x08000c64   0x08000c64   0x00000034   Code   RO         1254    .text               c_w.l(h1_extend.o)
    0x08000c98   0x08000c98   0x0000008a   Code   RO         1258    .text               c_w.l(lludiv10.o)
    0x08000d22   0x08000d22   0x000000b2   Code   RO         1260    .text               c_w.l(_printf_intcommon.o)
    0x08000dd4   0x08000dd4   0x0000041c   Code   RO         1262    .text               c_w.l(_printf_fp_dec.o)
    0x080011f0   0x080011f0   0x000002fc   Code   RO         1266    .text               c_w.l(_printf_fp_hex.o)
    0x080014ec   0x080014ec   0x0000002c   Code   RO         1271    .text               c_w.l(_printf_char.o)
    0x08001518   0x08001518   0x0000002c   Code   RO         1273    .text               c_w.l(_printf_wchar.o)
    0x08001544   0x08001544   0x00000048   Code   RO         1276    .text               c_w.l(_c16rtomb.o)
    0x0800158c   0x0800158c   0x0000000e   Code   RO         1282    .text               c_w.l(defsig_rtmem_outer.o)
    0x0800159a   0x0800159a   0x00000002   Code   RO         1304    .text               c_w.l(use_no_semi.o)
    0x0800159c   0x0800159c   0x00000000   Code   RO         1306    .text               c_w.l(indicate_semi.o)
    0x0800159c   0x0800159c   0x0000004a   Code   RO         1307    .text               c_w.l(sys_stackheap_outer.o)
    0x080015e6   0x080015e6   0x00000002   PAD
    0x080015e8   0x080015e8   0x00000010   Code   RO         1309    .text               c_w.l(rt_ctype_table.o)
    0x080015f8   0x080015f8   0x00000008   Code   RO         1316    .text               c_w.l(rt_locale_intlibspace.o)
    0x08001600   0x08001600   0x00000080   Code   RO         1320    .text               c_w.l(_printf_fp_infnan.o)
    0x08001680   0x08001680   0x000000e4   Code   RO         1322    .text               c_w.l(bigflt0.o)
    0x08001764   0x08001764   0x00000012   Code   RO         1352    .text               c_w.l(exit.o)
    0x08001776   0x08001776   0x0000000a   Code   RO         1354    .text               c_w.l(defsig_exit.o)
    0x08001780   0x08001780   0x00000050   Code   RO         1362    .text               c_w.l(defsig_rtmem_inner.o)
    0x080017d0   0x080017d0   0x00000032   Code   RO         1393    .text               c_w.l(defsig_general.o)
    0x08001802   0x08001802   0x0000000e   Code   RO         1415    .text               c_w.l(sys_wrch.o)
    0x08001810   0x08001810   0x0000002c   Code   RO          629    .text.BMP280_Build_Config  bmp280.o
    0x0800183c   0x0800183c   0x00000028   Code   RO          627    .text.BMP280_Build_CtrlMeas  bmp280.o
    0x08001864   0x08001864   0x00000106   Code   RO          635    .text.BMP280_Init   bmp280.o
    0x0800196a   0x0800196a   0x00000002   PAD
    0x0800196c   0x0800196c   0x00000028   Code   RO          631    .text.BMP280_ReadRegs  bmp280.o
    0x08001994   0x08001994   0x00000090   Code   RO          637    .text.BMP280_Read_Temp_Press  bmp280.o
    0x08001a24   0x08001a24   0x0000002a   Code   RO          633    .text.BMP280_WriteReg  bmp280.o
    0x08001a4e   0x08001a4e   0x00000002   PAD
    0x08001a50   0x08001a50   0x0000002a   Code   RO          643    .text.BMP280_change_mode  bmp280.o
    0x08001a7a   0x08001a7a   0x00000002   PAD
    0x08001a7c   0x08001a7c   0x00000036   Code   RO          649    .text.BMP280_filter_TOGGLE  bmp280.o
    0x08001ab2   0x08001ab2   0x00000002   PAD
    0x08001ab4   0x08001ab4   0x0000003e   Code   RO          645    .text.BMP280_filter_disable  bmp280.o
    0x08001af2   0x08001af2   0x00000002   PAD
    0x08001af4   0x08001af4   0x00000040   Code   RO          647    .text.BMP280_filter_enable  bmp280.o
    0x08001b34   0x08001b34   0x00000048   Code   RO          651    .text.BMP280_sb_t_set  bmp280.o
    0x08001b7c   0x08001b7c   0x00000044   Code   RO          157    .text.EXTI0_IRQHandler  gpio.o
    0x08001bc0   0x08001bc0   0x00000070   Code   RO          169    .text.EXTI15_10_IRQHandler  gpio.o
    0x08001c30   0x08001c30   0x00000046   Code   RO          159    .text.EXTI1_IRQHandler  gpio.o
    0x08001c76   0x08001c76   0x00000002   PAD
    0x08001c78   0x08001c78   0x00000046   Code   RO          161    .text.EXTI2_IRQHandler  gpio.o
    0x08001cbe   0x08001cbe   0x00000002   PAD
    0x08001cc0   0x08001cc0   0x00000046   Code   RO          163    .text.EXTI3_IRQHandler  gpio.o
    0x08001d06   0x08001d06   0x00000002   PAD
    0x08001d08   0x08001d08   0x00000046   Code   RO          165    .text.EXTI4_IRQHandler  gpio.o
    0x08001d4e   0x08001d4e   0x00000002   PAD
    0x08001d50   0x08001d50   0x00000070   Code   RO          167    .text.EXTI9_5_IRQHandler  gpio.o
    0x08001dc0   0x08001dc0   0x000000f6   Code   RO          305    .text.GPIO_Init     stm32f4xx_gpio.o
    0x08001eb6   0x08001eb6   0x00000002   PAD
    0x08001eb8   0x08001eb8   0x00000072   Code   RO          329    .text.GPIO_PinAFConfig  stm32f4xx_gpio.o
    0x08001f2a   0x08001f2a   0x00000002   PAD
    0x08001f2c   0x08001f2c   0x0000002e   Code   RO          344    .text.I2C_Cmd       stm32f4xx_i2c.o
    0x08001f5a   0x08001f5a   0x00000002   PAD
    0x08001f5c   0x08001f5c   0x000001ae   Code   RO          340    .text.I2C_Init      stm32f4xx_i2c.o
    0x0800210a   0x0800210a   0x00000002   PAD
    0x0800210c   0x0800210c   0x0000006c   Code   RO          151    .text.NVIC_EncodePriority  gpio.o
    0x08002178   0x08002178   0x0000006c   Code   RO          578    .text.NVIC_EncodePriority  timer.o
    0x080021e4   0x080021e4   0x00000038   Code   RO          461    .text.RCC_AHB1PeriphClockCmd  stm32f4xx_rcc.o
    0x0800221c   0x0800221c   0x00000038   Code   RO          467    .text.RCC_APB1PeriphClockCmd  stm32f4xx_rcc.o
    0x08002254   0x08002254   0x00000162   Code   RO          451    .text.RCC_GetClocksFreq  stm32f4xx_rcc.o
    0x080023b6   0x080023b6   0x00000002   PAD
    0x080023b8   0x080023b8   0x00000052   Code   RO          574    .text.SysTick_Config  timer.o
    0x0800240a   0x0800240a   0x00000002   PAD
    0x0800240c   0x0800240c   0x00000010   Code   RO          588    .text.SysTick_Handler  timer.o
    0x0800241c   0x0800241c   0x00000012   Code   RO          750    .text.SystemInit    system_stm32f4xx.o
    0x0800242e   0x0800242e   0x00000002   PAD
    0x08002430   0x08002430   0x00000036   Code   RO          617    .text.USART2_IRQHandler  uart.o
    0x08002466   0x08002466   0x00000002   PAD
    0x08002468   0x08002468   0x0000002e   Code   RO          517    .text.USART_Cmd     stm32f4xx_usart.o
    0x08002496   0x08002496   0x00000002   PAD
    0x08002498   0x08002498   0x00000042   Code   RO          557    .text.USART_GetFlagStatus  stm32f4xx_usart.o
    0x080024da   0x080024da   0x00000002   PAD
    0x080024dc   0x080024dc   0x0000016a   Code   RO          509    .text.USART_Init    stm32f4xx_usart.o
    0x08002646   0x08002646   0x00000002   PAD
    0x08002648   0x08002648   0x00000010   Code   RO          527    .text.USART_ReceiveData  stm32f4xx_usart.o
    0x08002658   0x08002658   0x00000018   Code   RO          525    .text.USART_SendData  stm32f4xx_usart.o
    0x08002670   0x08002670   0x00000030   Code   RO          611    .text.__NVIC_ClearPendingIRQ  uart.o
    0x080026a0   0x080026a0   0x00000030   Code   RO          155    .text.__NVIC_EnableIRQ  gpio.o
    0x080026d0   0x080026d0   0x00000030   Code   RO          613    .text.__NVIC_EnableIRQ  uart.o
    0x08002700   0x08002700   0x00000010   Code   RO          149    .text.__NVIC_GetPriorityGrouping  gpio.o
    0x08002710   0x08002710   0x00000010   Code   RO          580    .text.__NVIC_GetPriorityGrouping  timer.o
    0x08002720   0x08002720   0x00000042   Code   RO           18    .text.__NVIC_SetPriority  main.o
    0x08002762   0x08002762   0x00000002   PAD
    0x08002764   0x08002764   0x00000042   Code   RO          153    .text.__NVIC_SetPriority  gpio.o
    0x080027a6   0x080027a6   0x00000002   PAD
    0x080027a8   0x080027a8   0x00000042   Code   RO          576    .text.__NVIC_SetPriority  timer.o
    0x080027ea   0x080027ea   0x00000002   PAD
    0x080027ec   0x080027ec   0x00000042   Code   RO          609    .text.__NVIC_SetPriority  uart.o
    0x0800282e   0x0800282e   0x00000002   PAD
    0x08002830   0x08002830   0x000001ec   Code   RO          641    .text.bmp280_compensate_P_int64  bmp280.o
    0x08002a1c   0x08002a1c   0x00000058   Code   RO          639    .text.bmp280_compensate_T_int32  bmp280.o
    0x08002a74   0x08002a74   0x0000000e   Code   RO            8    .text.board_btn_isr  main.o
    0x08002a82   0x08002a82   0x00000006   PAD
    0x08002a88   0x08002a88   0x00000088   Code   RO           12    .text.calc_h        main.o
    0x08002b10   0x08002b10   0x00000148   Code   RO           14    .text.check_alarm_conditions  main.o
    0x08002c58   0x08002c58   0x00000076   Code   RO          116    .text.delay_ms      delay.o
    0x08002cce   0x08002cce   0x00000002   PAD
    0x08002cd0   0x08002cd0   0x0000002a   Code   RO          137    .text.gpio_get      gpio.o
    0x08002cfa   0x08002cfa   0x00000002   PAD
    0x08002cfc   0x08002cfc   0x00000036   Code   RO          135    .text.gpio_set      gpio.o
    0x08002d32   0x08002d32   0x00000002   PAD
    0x08002d34   0x08002d34   0x000001b4   Code   RO          147    .text.gpio_set_callback  gpio.o
    0x08002ee8   0x08002ee8   0x0000011c   Code   RO          143    .text.gpio_set_mode  gpio.o
    0x08003004   0x08003004   0x000000c6   Code   RO          145    .text.gpio_set_trigger  gpio.o
    0x080030ca   0x080030ca   0x00000002   PAD
    0x080030cc   0x080030cc   0x00000020   Code   RO          133    .text.gpio_toggle   gpio.o
    0x080030ec   0x080030ec   0x000000b4   Code   RO          179    .text.i2c_init      i2c.o
    0x080031a0   0x080031a0   0x000001d4   Code   RO          183    .text.i2c_read      i2c.o
    0x08003374   0x08003374   0x0000015a   Code   RO          181    .text.i2c_write     i2c.o
    0x080034ce   0x080034ce   0x00000002   PAD
    0x080034d0   0x080034d0   0x0000068c   Code   RO           16    .text.main          main.o
    0x08003b5c   0x08003b5c   0x0000000e   Code   RO            6    .text.outer_btn_isr  main.o
    0x08003b6a   0x08003b6a   0x00000002   PAD
    0x08003b6c   0x08003b6c   0x00000044   Code   RO          209    .text.queue_dequeue  queue.o
    0x08003bb0   0x08003bb0   0x0000004e   Code   RO          205    .text.queue_enqueue  queue.o
    0x08003bfe   0x08003bfe   0x00000002   PAD
    0x08003c00   0x08003c00   0x00000030   Code   RO          203    .text.queue_init    queue.o
    0x08003c30   0x08003c30   0x00000016   Code   RO          211    .text.queue_is_empty  queue.o
    0x08003c46   0x08003c46   0x00000002   PAD
    0x08003c48   0x08003c48   0x00000022   Code   RO          207    .text.queue_is_full  queue.o
    0x08003c6a   0x08003c6a   0x00000002   PAD
    0x08003c6c   0x08003c6c   0x0000000e   Code   RO          582    .text.timer_enable  timer.o
    0x08003c7a   0x08003c7a   0x00000006   PAD
    0x08003c80   0x08003c80   0x00000068   Code   RO          572    .text.timer_init    timer.o
    0x08003ce8   0x08003ce8   0x00000010   Code   RO            4    .text.timer_isr     main.o
    0x08003cf8   0x08003cf8   0x00000014   Code   RO          586    .text.timer_set_callback  timer.o
    0x08003d0c   0x08003d0c   0x00000012   Code   RO          601    .text.uart_enable   uart.o
    0x08003d1e   0x08003d1e   0x00000002   PAD
    0x08003d20   0x08003d20   0x0000008a   Code   RO          599    .text.uart_init     uart.o
    0x08003daa   0x08003daa   0x00000002   PAD
    0x08003dac   0x08003dac   0x00000022   Code   RO          603    .text.uart_print    uart.o
    0x08003dce   0x08003dce   0x00000002   PAD
    0x08003dd0   0x08003dd0   0x00000032   Code   RO          615    .text.uart_rx       uart.o
    0x08003e02   0x08003e02   0x00000002   PAD
    0x08003e04   0x08003e04   0x0000005a   Code   RO           10    .text.uart_rx_isr   main.o
    0x08003e5e   0x08003e5e   0x00000002   PAD
    0x08003e60   0x08003e60   0x0000003e   Code   RO          607    .text.uart_set_rx_callback  uart.o
    0x08003e9e   0x08003e9e   0x00000002   PAD
    0x08003ea0   0x08003ea0   0x00000032   Code   RO          605    .text.uart_tx       uart.o
    0x08003ed2   0x08003ed2   0x00000002   PAD
    0x08003ed4   0x08003ed4   0x00000090   Code   RO            2    .text.update_pressure_history  main.o
    0x08003f64   0x08003f64   0x0000003e   Code   RO         1325    CL$$btod_d2e        c_w.l(btod.o)
    0x08003fa2   0x08003fa2   0x00000046   Code   RO         1327    CL$$btod_d2e_denorm_low  c_w.l(btod.o)
    0x08003fe8   0x08003fe8   0x00000060   Code   RO         1326    CL$$btod_d2e_norm_op1  c_w.l(btod.o)
    0x08004048   0x08004048   0x00000338   Code   RO         1335    CL$$btod_div_common  c_w.l(btod.o)
    0x08004380   0x08004380   0x000000dc   Code   RO         1332    CL$$btod_e2e        c_w.l(btod.o)
    0x0800445c   0x0800445c   0x0000002a   Code   RO         1329    CL$$btod_ediv       c_w.l(btod.o)
    0x08004486   0x08004486   0x0000002a   Code   RO         1328    CL$$btod_emul       c_w.l(btod.o)
    0x080044b0   0x080044b0   0x00000244   Code   RO         1334    CL$$btod_mult_common  c_w.l(btod.o)
    0x080046f4   0x080046f4   0x00000030   Code   RO         1206    i.__ARM_fpclassify  m_wm.l(fpclassify.o)
    0x08004724   0x08004724   0x00000004   PAD
    0x08004728   0x08004728   0x00000c60   Code   RO          897    i.__hardfp_pow      m_wm.l(pow.o)
    0x08005388   0x08005388   0x000000f8   Code   RO         1208    i.__kernel_poly     m_wm.l(poly.o)
    0x08005480   0x08005480   0x00000030   Code   RO         1186    i.__mathlib_dbl_divzero  m_wm.l(dunder.o)
    0x080054b0   0x080054b0   0x00000014   Code   RO         1188    i.__mathlib_dbl_infnan2  m_wm.l(dunder.o)
    0x080054c4   0x080054c4   0x00000004   PAD
    0x080054c8   0x080054c8   0x00000020   Code   RO         1189    i.__mathlib_dbl_invalid  m_wm.l(dunder.o)
    0x080054e8   0x080054e8   0x00000020   Code   RO         1190    i.__mathlib_dbl_overflow  m_wm.l(dunder.o)
    0x08005508   0x08005508   0x00000020   Code   RO         1192    i.__mathlib_dbl_underflow  m_wm.l(dunder.o)
    0x08005528   0x08005528   0x0000000e   Code   RO         1002    i._is_digit         c_w.l(__printf_wp.o)
    0x08005536   0x08005536   0x00000018   Code   RO         1202    i.fabs              m_wm.l(fabs.o)
    0x0800554e   0x0800554e   0x0000006e   Code   RO         1213    i.sqrt              m_wm.l(sqrt.o)
    0x080055bc   0x080055bc   0x0000002c   Code   RO         1350    locale$$code        c_w.l(lc_numeric_c.o)
    0x080055e8   0x080055e8   0x0000002c   Code   RO         1389    locale$$code        c_w.l(lc_ctype_c.o)
    0x08005614   0x08005614   0x00000018   Code   RO         1088    x$fpl$basic         fz_wm.l(basic.o)
    0x0800562c   0x0800562c   0x00000062   Code   RO          831    x$fpl$d2f           fz_wm.l(d2f.o)
    0x0800568e   0x0800568e   0x00000002   PAD
    0x08005690   0x08005690   0x00000150   Code   RO          833    x$fpl$dadd          fz_wm.l(daddsub_clz.o)
    0x080057e0   0x080057e0   0x00000010   Code   RO         1295    x$fpl$dcheck1       fz_wm.l(dcheck1.o)
    0x080057f0   0x080057f0   0x00000018   Code   RO         1374    x$fpl$dcmpinf       fz_wm.l(dcmpi.o)
    0x08005808   0x08005808   0x000002b8   Code   RO          840    x$fpl$ddiv          fz_wm.l(ddiv.o)
    0x08005ac0   0x08005ac0   0x0000005a   Code   RO          843    x$fpl$dfixu         fz_wm.l(dfixu.o)
    0x08005b1a   0x08005b1a   0x0000002e   Code   RO          848    x$fpl$dflt          fz_wm.l(dflt_clz.o)
    0x08005b48   0x08005b48   0x00000026   Code   RO          847    x$fpl$dfltu         fz_wm.l(dflt_clz.o)
    0x08005b6e   0x08005b6e   0x00000002   PAD
    0x08005b70   0x08005b70   0x00000078   Code   RO         1297    x$fpl$dleqf         fz_wm.l(dleqf.o)
    0x08005be8   0x08005be8   0x00000154   Code   RO          853    x$fpl$dmul          fz_wm.l(dmul.o)
    0x08005d3c   0x08005d3c   0x0000009c   Code   RO         1090    x$fpl$dnaninf       fz_wm.l(dnaninf.o)
    0x08005dd8   0x08005dd8   0x0000000c   Code   RO         1092    x$fpl$dretinf       fz_wm.l(dretinf.o)
    0x08005de4   0x08005de4   0x0000006c   Code   RO         1094    x$fpl$drleqf        fz_wm.l(drleqf.o)
    0x08005e50   0x08005e50   0x00000016   Code   RO          834    x$fpl$drsb          fz_wm.l(daddsub_clz.o)
    0x08005e66   0x08005e66   0x00000002   PAD
    0x08005e68   0x08005e68   0x00000198   Code   RO         1299    x$fpl$dsqrt         fz_wm.l(dsqrt_umaal.o)
    0x08006000   0x08006000   0x000001dc   Code   RO          835    x$fpl$dsub          fz_wm.l(daddsub_clz.o)
    0x080061dc   0x080061dc   0x00000056   Code   RO          855    x$fpl$f2d           fz_wm.l(f2d.o)
    0x08006232   0x08006232   0x0000008c   Code   RO         1096    x$fpl$fnaninf       fz_wm.l(fnaninf.o)
    0x080062be   0x080062be   0x0000001a   Code   RO         1301    x$fpl$fpinit        fz_wm.l(fpinit.o)
    0x080062d8   0x080062d8   0x0000000a   Code   RO         1098    x$fpl$fretinf       fz_wm.l(fretinf.o)
    0x080062e2   0x080062e2   0x00000004   Code   RO         1100    x$fpl$printf1       fz_wm.l(printf1.o)
    0x080062e6   0x080062e6   0x00000004   Code   RO         1102    x$fpl$printf2       fz_wm.l(printf2.o)
    0x080062ea   0x080062ea   0x00000064   Code   RO         1378    x$fpl$retnan        fz_wm.l(retnan.o)
    0x0800634e   0x0800634e   0x0000005c   Code   RO         1108    x$fpl$scalbn        fz_wm.l(scalbn.o)
    0x080063aa   0x080063aa   0x00000030   Code   RO         1413    x$fpl$trapveneer    fz_wm.l(trapv.o)
    0x080063da   0x080063da   0x00000000   Code   RO         1110    x$fpl$usenofp       fz_wm.l(usenofp.o)
    0x080063da   0x080063da   0x00000006   PAD
    0x080063e0   0x080063e0   0x00000088   Data   RO          900    .constdata          m_wm.l(pow.o)
    0x08006468   0x08006468   0x00000008   Data   RO          961    .constdata          c_w.l(_printf_wctomb.o)
    0x08006470   0x08006470   0x00000028   Data   RO          990    .constdata          c_w.l(_printf_hex_int_ll_ptr.o)
    0x08006498   0x08006498   0x00000011   Data   RO         1010    .constdata          c_w.l(__printf_flags_ss_wp.o)
    0x080064a9   0x080064a9   0x00000007   PAD
    0x080064b0   0x080064b0   0x00000008   Data   RO         1210    .constdata          m_wm.l(qnan.o)
    0x080064b8   0x080064b8   0x00000026   Data   RO         1267    .constdata          c_w.l(_printf_fp_hex.o)
    0x080064de   0x080064de   0x00000002   PAD
    0x080064e0   0x080064e0   0x00000094   Data   RO         1323    .constdata          c_w.l(bigflt0.o)
    0x08006574   0x08006574   0x00000010   Data   RO          499    .rodata.APBAHBPrescTable  stm32f4xx_rcc.o
    0x08006584   0x08006584   0x000001c7   Data   RO           35    .rodata.str1.1      main.o
    0x0800674b   0x0800674b   0x00000001   PAD
    0x0800674c   0x0800674c   0x00000020   Data   RO         1446    Region$$Table       anon$$obj.o
    0x0800676c   0x0800676c   0x0000001c   Data   RO         1349    locale$$data        c_w.l(lc_numeric_c.o)
    0x08006788   0x08006788   0x00000110   Data   RO         1388    locale$$data        c_w.l(lc_ctype_c.o)


    Execution Region ER_RW (Exec base: 0x20000000, Load base: 0x08006898, Size: 0x0000000c, Max: 0xffffffff, ABSOLUTE)

    Exec Addr    Load Addr    Size         Type   Attr      Idx    E Section Name        Object

    0x20000000   0x08006898   0x00000004   Data   RW           25    .data.P_0           main.o
    0x20000004   0x0800689c   0x00000004   Data   RW          754    .data.SystemCoreClock  system_stm32f4xx.o
    0x20000008   0x080068a0   0x00000001   Data   RW          655    .data.current_filter  bmp280.o
    0x20000009   0x080068a1   0x00000001   Data   RW           29    .data.filter_off    main.o
    0x2000000a   0x080068a2   0x00000001   Data   RW          656    .data.filter_on     bmp280.o


    Execution Region ER_ZI (Exec base: 0x20000010, Load base: 0x080068a4, Size: 0x00000750, Max: 0xffffffff, ABSOLUTE)

    Exec Addr    Load Addr    Size         Type   Attr      Idx    E Section Name        Object

    0x20000010        -       0x00000060   Zero   RW         1226    .bss                c_w.l(libspace.o)
    0x20000070        -       0x00000040   Zero   RW          171    .bss.GPIO_callbacks  gpio.o
    0x200000b0        -       0x00000004   Zero   RW          619    .bss.UART_callback  uart.o
    0x200000b4        -       0x00000001   Zero   RW           30    .bss.alarm_flag     main.o
    0x200000b5   0x080068a4   0x00000003   PAD
    0x200000b8        -       0x00000004   Zero   RW           33    .bss.altitude       main.o
    0x200000bc        -       0x00000001   Zero   RW           28    .bss.board_btn_flag  main.o
    0x200000bd   0x080068a4   0x00000001   PAD
    0x200000be        -       0x00000018   Zero   RW          653    .bss.calib          bmp280.o
    0x200000d6   0x080068a4   0x00000002   PAD
    0x200000d8        -       0x00000004   Zero   RW           26    .bss.cnt_50ms       main.o
    0x200000dc        -       0x00000001   Zero   RW           24    .bss.filter_debug   main.o
    0x200000dd        -       0x00000001   Zero   RW           27    .bss.outer_btn_flag  main.o
    0x200000de   0x080068a4   0x00000002   PAD
    0x200000e0        -       0x00000004   Zero   RW           32    .bss.pressure       main.o
    0x200000e4        -       0x00000050   Zero   RW           23    .bss.pressure_history  main.o
    0x20000134        -       0x00000004   Zero   RW           22    .bss.queue_count    main.o
    0x20000138        -       0x00000004   Zero   RW           20    .bss.queue_head     main.o
    0x2000013c        -       0x00000004   Zero   RW           21    .bss.queue_tail     main.o
    0x20000140        -       0x00000010   Zero   RW           34    .bss.rx_queue       main.o
    0x20000150        -       0x00000001   Zero   RW          654    .bss.shadow_ctrl_meas  bmp280.o
    0x20000151   0x080068a4   0x00000003   PAD
    0x20000154        -       0x00000004   Zero   RW          657    .bss.t_fine         bmp280.o
    0x20000158        -       0x00000004   Zero   RW           31    .bss.temperature    main.o
    0x2000015c        -       0x00000004   Zero   RW          590    .bss.timer_callback  timer.o
    0x20000160        -       0x00000200   Zero   RW          741    HEAP                startup_stm32f411xe.o
    0x20000360        -       0x00000400   Zero   RW          740    STACK               startup_stm32f411xe.o


==============================================================================

Image component sizes


      Code (inc. data)   RO Data    RW Data    ZI Data      Debug   Object Name

      1446          8          0          2         29       4735   bmp280.o
       118          0          0          0          0        767   delay.o
        12          0          0          0          0        332   delay_as.o
      1856          6          0          0         64       9196   gpio.o
       994          0          0          0          0       3395   i2c.o
      2484         32        455          5        128       8124   main.o
       250          0          0          0          0       1361   queue.o
        64         26        408          0       1536        868   startup_stm32f411xe.o
       360          0          0          0          0       4365   stm32f4xx_gpio.o
       476          0          0          0          0       7450   stm32f4xx_i2c.o
       466          0         16          0          0       9229   stm32f4xx_rcc.o
       514          0          0          0          0       6967   stm32f4xx_usart.o
        18          0          0          4          0       2715   system_stm32f4xx.o
       426          8          0          0          4       4790   timer.o
       568          0          0          0          4       6102   uart.o

    ----------------------------------------------------------------------
     10144         80        912         12       1776      70396   Object Totals
         0          0         32          0          0          0   (incl. Generated)
        92          0          1          1         11          0   (incl. Padding)

    ----------------------------------------------------------------------

      Code (inc. data)   RO Data    RW Data    ZI Data      Debug   Library Member Name

         8          0          0          0          0         68   __main.o
       392          4         17          0          0         92   __printf_flags_ss_wp.o
        14          0          0          0          0         68   __printf_wp.o
         0          0          0          0          0          0   __rtentry.o
        12          0          0          0          0          0   __rtentry2.o
         6          0          0          0          0          0   __rtentry4.o
        94          8          0          0          0          0   __scatter.o
        26          0          0          0          0          0   __scatter_copy.o
        28          0          0          0          0          0   __scatter_zi.o
        72          0          0          0          0         96   _c16rtomb.o
         6          0          0          0          0          0   _printf_a.o
         6          0          0          0          0          0   _printf_c.o
        44          0          0          0          0        108   _printf_char.o
        48          6          0          0          0         96   _printf_char_common.o
        40          0          0          0          0         68   _printf_charcount.o
         6          0          0          0          0          0   _printf_d.o
       120         16          0          0          0         92   _printf_dec.o
         6          0          0          0          0          0   _printf_e.o
         6          0          0          0          0          0   _printf_f.o
      1052          0          0          0          0        148   _printf_fp_dec.o
       764          8         38          0          0        100   _printf_fp_hex.o
       128         16          0          0          0         84   _printf_fp_infnan.o
         6          0          0          0          0          0   _printf_g.o
       148          4         40          0          0        160   _printf_hex_int_ll_ptr.o
         6          0          0          0          0          0   _printf_i.o
       178          0          0          0          0         88   _printf_intcommon.o
        10          0          0          0          0          0   _printf_l.o
         6          0          0          0          0          0   _printf_lc.o
        10          0          0          0          0          0   _printf_ll.o
         6          0          0          0          0          0   _printf_lld.o
         6          0          0          0          0          0   _printf_lli.o
         6          0          0          0          0          0   _printf_llo.o
         6          0          0          0          0          0   _printf_llu.o
         6          0          0          0          0          0   _printf_llx.o
       124         16          0          0          0         92   _printf_longlong_dec.o
         6          0          0          0          0          0   _printf_ls.o
         6          0          0          0          0          0   _printf_n.o
         6          0          0          0          0          0   _printf_o.o
       112          8          0          0          0        124   _printf_oct_int_ll.o
         6          0          0          0          0          0   _printf_p.o
        78          0          0          0          0        108   _printf_pad.o
         0          0          0          0          0          0   _printf_percent.o
         4          0          0          0          0          0   _printf_percent_end.o
         6          0          0          0          0          0   _printf_s.o
        82          0          0          0          0         80   _printf_str.o
        36          0          0          0          0         84   _printf_truncate.o
         6          0          0          0          0          0   _printf_u.o
        44          0          0          0          0        108   _printf_wchar.o
       188          6          8          0          0         92   _printf_wctomb.o
         6          0          0          0          0          0   _printf_x.o
        22          0          0          0          0        100   _rserrno.o
        10          0          0          0          0         68   _sputc.o
       228          4        148          0          0         96   bigflt0.o
      1936        128          0          0          0        668   btod.o
        10          0          0          0          0         68   defsig_exit.o
        50          0          0          0          0         88   defsig_general.o
        80         58          0          0          0         76   defsig_rtmem_inner.o
        14          0          0          0          0         80   defsig_rtmem_outer.o
        18          0          0          0          0         80   exit.o
        94          0          0          0          0         80   h1_alloc.o
        52          0          0          0          0         68   h1_extend.o
        78          0          0          0          0         80   h1_free.o
        12          0          0          0          0         84   h1_init.o
         6          0          0          0          0        152   heapauxi.o
         4          0          0          0          0        136   hguard.o
         0          0          0          0          0          0   indicate_semi.o
       138          0          0          0          0        168   init_alloc.o
        44         10        272          0          0         76   lc_ctype_c.o
        44         10         28          0          0         76   lc_numeric_c.o
         2          0          0          0          0          0   libinit.o
        42          0          0          0          0          0   libinit2.o
         2          0          0          0          0          0   libshutdown.o
         2          0          0          0          0          0   libshutdown2.o
         8          4          0          0         96         68   libspace.o
       116          0          0          0          0         84   llsdiv.o
       138          0          0          0          0         80   lludiv10.o
       240          0          0          0          0        100   lludivv7m.o
         0          0          0          0          0          0   maybetermalloc1.o
        16          4          0          0          0         76   rt_ctype_table.o
         8          4          0          0          0         68   rt_errno_addr_intlibspace.o
         8          4          0          0          0         68   rt_heap_descriptor_intlibspace.o
         8          4          0          0          0         68   rt_locale_intlibspace.o
         2          0          0          0          0          0   rtexit.o
        10          0          0          0          0          0   rtexit2.o
        44          6          0          0          0         84   sprintf.o
       124          0          0          0          0         88   strcmpv7em.o
        12          4          0          0          0         68   sys_exit.o
        74          0          0          0          0         80   sys_stackheap_outer.o
        14          0          0          0          0         76   sys_wrch.o
         2          0          0          0          0         68   use_no_semi.o
        24          0          0          0          0        164   basic.o
        98          4          0          0          0        140   d2f.o
       834         16          0          0          0        516   daddsub_clz.o
        16          4          0          0          0        116   dcheck1.o
        24          0          0          0          0        116   dcmpi.o
       696        140          0          0          0        264   ddiv.o
        90          4          0          0          0        140   dfixu.o
        84          0          0          0          0        232   dflt_clz.o
       120          4          0          0          0        140   dleqf.o
       340         12          0          0          0        152   dmul.o
       156          4          0          0          0        140   dnaninf.o
        12          0          0          0          0        116   dretinf.o
       108          0          0          0          0        128   drleqf.o
       408         56          0          0          0        168   dsqrt_umaal.o
        86          4          0          0          0        132   f2d.o
       140          4          0          0          0        132   fnaninf.o
        26          0          0          0          0        116   fpinit.o
        10          0          0          0          0        116   fretinf.o
         4          0          0          0          0        116   printf1.o
         4          0          0          0          0        116   printf2.o
       100          0          0          0          0        116   retnan.o
        92          0          0          0          0        116   scalbn.o
        48          0          0          0          0        116   trapv.o
         0          0          0          0          0          0   usenofp.o
       164         44          0          0          0        620   dunder.o
        24          0          0          0          0        124   fabs.o
        48          0          0          0          0        124   fpclassify.o
       248          0          0          0          0        152   poly.o
      3168        296        136          0          0        352   pow.o
         0          0          8          0          0          0   qnan.o
       110          0          0          0          0        148   sqrt.o

    ----------------------------------------------------------------------
     15016        928        704          0         96      10404   Library Totals
        40          4          9          0          0          0   (incl. Padding)

    ----------------------------------------------------------------------

      Code (inc. data)   RO Data    RW Data    ZI Data      Debug   Library Name

      7694        332        551          0         96       5276   c_w.l
      3520        252          0          0          0       3608   fz_wm.l
      3762        340        144          0          0       1520   m_wm.l

    ----------------------------------------------------------------------
     15016        928        704          0         96      10404   Library Totals

    ----------------------------------------------------------------------

==============================================================================


      Code (inc. data)   RO Data    RW Data    ZI Data      Debug   

     25160       1008       1616         12       1872      74316   Grand Totals
     25160       1008       1616         12       1872      74316   ELF Image Totals
     25160       1008       1616         12          0          0   ROM Totals

==============================================================================

    Total RO  Size (Code + RO Data)                26776 (  26.15kB)
    Total RW  Size (RW Data + ZI Data)              1884 (   1.84kB)
    Total ROM Size (Code + RO Data + RW Data)      26788 (  26.16kB)

==============================================================================

